../Core/Src/main.c:73:5:main	64	static
../Core/Src/main.c:157:6:SystemClock_Config	88	static
../Core/Src/main.c:203:13:MX_USART2_UART_Init	8	static
../Core/Src/main.c:251:13:MX_GPIO_Init	48	static
../Core/Src/main.c:287:6:HAL_GPIO_EXTI_Rising_Callback	24	static
../Core/Src/main.c:308:6:StartDefaultTask	16	static
../Core/Src/main.c:326:6:StartvHandlerTask	56	static
../Core/Src/main.c:353:6:HAL_TIM_PeriodElapsedCallback	16	static
../Core/Src/main.c:370:6:Error_Handler	8	static,ignoring_inline_asm
