Archive member included to satisfy reference by file (symbol)

c:/msys64/mingw64/bin/../lib/gcc/arm-none-eabi/12.2.0/../../../../arm-none-eabi/lib/thumb/v6-m/nofp\libc_nano.a(libc_a-atexit.o)
                              c:/msys64/mingw64/bin/../lib/gcc/arm-none-eabi/12.2.0/../../../../arm-none-eabi/lib/thumb/v6-m/nofp/crt0.o (atexit)
c:/msys64/mingw64/bin/../lib/gcc/arm-none-eabi/12.2.0/../../../../arm-none-eabi/lib/thumb/v6-m/nofp\libc_nano.a(libc_a-exit.o)
                              c:/msys64/mingw64/bin/../lib/gcc/arm-none-eabi/12.2.0/../../../../arm-none-eabi/lib/thumb/v6-m/nofp/crt0.o (exit)
c:/msys64/mingw64/bin/../lib/gcc/arm-none-eabi/12.2.0/../../../../arm-none-eabi/lib/thumb/v6-m/nofp\libc_nano.a(libc_a-findfp.o)
                              c:/msys64/mingw64/bin/../lib/gcc/arm-none-eabi/12.2.0/../../../../arm-none-eabi/lib/thumb/v6-m/nofp\libc_nano.a(libc_a-exit.o) (__stdio_exit_handler)
c:/msys64/mingw64/bin/../lib/gcc/arm-none-eabi/12.2.0/../../../../arm-none-eabi/lib/thumb/v6-m/nofp\libc_nano.a(libc_a-fwalk.o)
                              c:/msys64/mingw64/bin/../lib/gcc/arm-none-eabi/12.2.0/../../../../arm-none-eabi/lib/thumb/v6-m/nofp\libc_nano.a(libc_a-findfp.o) (_fwalk_sglue)
c:/msys64/mingw64/bin/../lib/gcc/arm-none-eabi/12.2.0/../../../../arm-none-eabi/lib/thumb/v6-m/nofp\libc_nano.a(libc_a-stdio.o)
                              c:/msys64/mingw64/bin/../lib/gcc/arm-none-eabi/12.2.0/../../../../arm-none-eabi/lib/thumb/v6-m/nofp\libc_nano.a(libc_a-findfp.o) (__sread)
c:/msys64/mingw64/bin/../lib/gcc/arm-none-eabi/12.2.0/../../../../arm-none-eabi/lib/thumb/v6-m/nofp\libc_nano.a(libc_a-memset.o)
                              c:/msys64/mingw64/bin/../lib/gcc/arm-none-eabi/12.2.0/../../../../arm-none-eabi/lib/thumb/v6-m/nofp/crt0.o (memset)
c:/msys64/mingw64/bin/../lib/gcc/arm-none-eabi/12.2.0/../../../../arm-none-eabi/lib/thumb/v6-m/nofp\libc_nano.a(libc_a-closer.o)
                              c:/msys64/mingw64/bin/../lib/gcc/arm-none-eabi/12.2.0/../../../../arm-none-eabi/lib/thumb/v6-m/nofp\libc_nano.a(libc_a-stdio.o) (_close_r)
c:/msys64/mingw64/bin/../lib/gcc/arm-none-eabi/12.2.0/../../../../arm-none-eabi/lib/thumb/v6-m/nofp\libc_nano.a(libc_a-reent.o)
                              c:/msys64/mingw64/bin/../lib/gcc/arm-none-eabi/12.2.0/../../../../arm-none-eabi/lib/thumb/v6-m/nofp\libc_nano.a(libc_a-closer.o) (errno)
c:/msys64/mingw64/bin/../lib/gcc/arm-none-eabi/12.2.0/../../../../arm-none-eabi/lib/thumb/v6-m/nofp\libc_nano.a(libc_a-impure.o)
                              c:/msys64/mingw64/bin/../lib/gcc/arm-none-eabi/12.2.0/../../../../arm-none-eabi/lib/thumb/v6-m/nofp\libc_nano.a(libc_a-reent.o) (_impure_ptr)
c:/msys64/mingw64/bin/../lib/gcc/arm-none-eabi/12.2.0/../../../../arm-none-eabi/lib/thumb/v6-m/nofp\libc_nano.a(libc_a-lseekr.o)
                              c:/msys64/mingw64/bin/../lib/gcc/arm-none-eabi/12.2.0/../../../../arm-none-eabi/lib/thumb/v6-m/nofp\libc_nano.a(libc_a-stdio.o) (_lseek_r)
c:/msys64/mingw64/bin/../lib/gcc/arm-none-eabi/12.2.0/../../../../arm-none-eabi/lib/thumb/v6-m/nofp\libc_nano.a(libc_a-readr.o)
                              c:/msys64/mingw64/bin/../lib/gcc/arm-none-eabi/12.2.0/../../../../arm-none-eabi/lib/thumb/v6-m/nofp\libc_nano.a(libc_a-stdio.o) (_read_r)
c:/msys64/mingw64/bin/../lib/gcc/arm-none-eabi/12.2.0/../../../../arm-none-eabi/lib/thumb/v6-m/nofp\libc_nano.a(libc_a-writer.o)
                              c:/msys64/mingw64/bin/../lib/gcc/arm-none-eabi/12.2.0/../../../../arm-none-eabi/lib/thumb/v6-m/nofp\libc_nano.a(libc_a-stdio.o) (_write_r)
c:/msys64/mingw64/bin/../lib/gcc/arm-none-eabi/12.2.0/../../../../arm-none-eabi/lib/thumb/v6-m/nofp\libc_nano.a(libc_a-errno.o)
                              build/syscalls.o (__errno)
c:/msys64/mingw64/bin/../lib/gcc/arm-none-eabi/12.2.0/../../../../arm-none-eabi/lib/thumb/v6-m/nofp\libc_nano.a(libc_a-init.o)
                              c:/msys64/mingw64/bin/../lib/gcc/arm-none-eabi/12.2.0/../../../../arm-none-eabi/lib/thumb/v6-m/nofp/crt0.o (__libc_init_array)
c:/msys64/mingw64/bin/../lib/gcc/arm-none-eabi/12.2.0/../../../../arm-none-eabi/lib/thumb/v6-m/nofp\libc_nano.a(libc_a-fini.o)
                              c:/msys64/mingw64/bin/../lib/gcc/arm-none-eabi/12.2.0/../../../../arm-none-eabi/lib/thumb/v6-m/nofp/crt0.o (__libc_fini_array)
c:/msys64/mingw64/bin/../lib/gcc/arm-none-eabi/12.2.0/../../../../arm-none-eabi/lib/thumb/v6-m/nofp\libc_nano.a(libc_a-lock.o)
                              c:/msys64/mingw64/bin/../lib/gcc/arm-none-eabi/12.2.0/../../../../arm-none-eabi/lib/thumb/v6-m/nofp\libc_nano.a(libc_a-findfp.o) (__retarget_lock_init_recursive)
c:/msys64/mingw64/bin/../lib/gcc/arm-none-eabi/12.2.0/../../../../arm-none-eabi/lib/thumb/v6-m/nofp\libc_nano.a(libc_a-__atexit.o)
                              c:/msys64/mingw64/bin/../lib/gcc/arm-none-eabi/12.2.0/../../../../arm-none-eabi/lib/thumb/v6-m/nofp\libc_nano.a(libc_a-atexit.o) (__register_exitproc)
[...]
Memory Configuration

Name             Origin             Length             Attributes
RAM              0x20000000         0x00009000         xrw
FLASH            0x08000000         0x00020000         xr
*default*        0x00000000         0xffffffff

Linker script and memory map

LOAD c:/msys64/mingw64/bin/../lib/gcc/arm-none-eabi/12.2.0/thumb/v6-m/nofp/crti.o
LOAD c:/msys64/mingw64/bin/../lib/gcc/arm-none-eabi/12.2.0/thumb/v6-m/nofp/crtbegin.o
LOAD c:/msys64/mingw64/bin/../lib/gcc/arm-none-eabi/12.2.0/../../../../arm-none-eabi/lib/thumb/v6-m/nofp/crt0.o
LOAD build/main.o
LOAD build/stm32g0xx_hal_msp.o
LOAD build/stm32g0xx_it.o
LOAD build/syscalls.o
LOAD build/sysmem.o
LOAD build/system_stm32g0xx.o
LOAD build/stm32g0xx_hal.o
LOAD build/stm32g0xx_hal_cortex.o
LOAD build/stm32g0xx_hal_dma.o
LOAD build/stm32g0xx_hal_dma_ex.o
LOAD build/stm32g0xx_hal_exti.o
LOAD build/stm32g0xx_hal_flash.o
LOAD build/stm32g0xx_hal_flash_ex.o
LOAD build/stm32g0xx_hal_gpio.o
LOAD build/stm32g0xx_hal_pwr.o
LOAD build/stm32g0xx_hal_pwr_ex.o
LOAD build/stm32g0xx_hal_rcc.o
LOAD build/stm32g0xx_hal_rcc_ex.o
LOAD build/stm32g0xx_hal_tim.o
LOAD build/stm32g0xx_hal_tim_ex.o
LOAD build/stm32g0xx_hal_uart.o
LOAD build/stm32g0xx_hal_uart_ex.o
LOAD build/stm32g0xx_ll_dma.o
LOAD build/stm32g0xx_ll_rcc.o
LOAD build/startup_stm32g070xx.o
LOAD c:/msys64/mingw64/bin/../lib/gcc/arm-none-eabi/12.2.0/../../../../arm-none-eabi/lib/thumb/v6-m/nofp\libc_nano.a
LOAD c:/msys64/mingw64/bin/../lib/gcc/arm-none-eabi/12.2.0/../../../../arm-none-eabi/lib/thumb/v6-m/nofp\libm.a
LOAD c:/msys64/mingw64/bin/../lib/gcc/arm-none-eabi/12.2.0/../../../../arm-none-eabi/lib/thumb/v6-m/nofp\libnosys.a
START GROUP
LOAD c:/msys64/mingw64/bin/../lib/gcc/arm-none-eabi/12.2.0/thumb/v6-m/nofp\libgcc.a
LOAD c:/msys64/mingw64/bin/../lib/gcc/arm-none-eabi/12.2.0/../../../../arm-none-eabi/lib/thumb/v6-m/nofp\libc_nano.a
END GROUP
START GROUP
LOAD c:/msys64/mingw64/bin/../lib/gcc/arm-none-eabi/12.2.0/thumb/v6-m/nofp\libgcc.a
LOAD c:/msys64/mingw64/bin/../lib/gcc/arm-none-eabi/12.2.0/../../../../arm-none-eabi/lib/thumb/v6-m/nofp\libc_nano.a
END GROUP
LOAD c:/msys64/mingw64/bin/../lib/gcc/arm-none-eabi/12.2.0/thumb/v6-m/nofp/crtend.o
LOAD c:/msys64/mingw64/bin/../lib/gcc/arm-none-eabi/12.2.0/thumb/v6-m/nofp/crtn.o
                0x20009000                        _estack = (ORIGIN (RAM) + LENGTH (RAM))
                0x00000200                        _Min_Heap_Size = 0x200
                0x00000400                        _Min_Stack_Size = 0x400

.isr_vector     0x08000000       0xb8
                0x08000000                        . = ALIGN (0x4)
 *(.isr_vector)
 .isr_vector    0x08000000       0xb8 build/startup_stm32g070xx.o
                0x08000000                g_pfnVectors
                0x080000b8                        . = ALIGN (0x4)

.text           0x080000b8     0x1760
                0x080000b8                        . = ALIGN (0x4)
 *(.text)
 .text          0x080000b8       0xa8 c:/msys64/mingw64/bin/../lib/gcc/arm-none-eabi/12.2.0/../../../../arm-none-eabi/lib/thumb/v6-m/nofp\libc_nano.a(libc_a-memset.o)
                0x080000b8                memset
 .text          0x08000160       0x48 c:/msys64/mingw64/bin/../lib/gcc/arm-none-eabi/12.2.0/../../../../arm-none-eabi/lib/thumb/v6-m/nofp\libc_nano.a(libc_a-init.o)
                0x08000160                __libc_init_array
 .text          0x080001a8       0x8c c:/msys64/mingw64/bin/../lib/gcc/arm-none-eabi/12.2.0/thumb/v6-m/nofp\libgcc.a(_udivsi3.o)
                0x080001a8                __aeabi_uidiv
                0x080001a8                __udivsi3
                0x08000220                __aeabi_uidivmod
 .text          0x08000234       0xa8 c:/msys64/mingw64/bin/../lib/gcc/arm-none-eabi/12.2.0/thumb/v6-m/nofp\libgcc.a(_divsi3.o)
                0x08000234                __divsi3
                0x08000234                __aeabi_idiv
                0x080002c8                __aeabi_idivmod
 .text          0x080002dc        0x4 c:/msys64/mingw64/bin/../lib/gcc/arm-none-eabi/12.2.0/thumb/v6-m/nofp\libgcc.a(_dvmd_tls.o)
                0x080002dc                __aeabi_idiv0
                0x080002dc                __aeabi_ldiv0
 *(.text*)
 .text.__do_global_dtors_aux
                0x080002e0       0x28 c:/msys64/mingw64/bin/../lib/gcc/arm-none-eabi/12.2.0/thumb/v6-m/nofp/crtbegin.o
 .text.frame_dummy
                0x08000308       0x20 c:/msys64/mingw64/bin/../lib/gcc/arm-none-eabi/12.2.0/thumb/v6-m/nofp/crtbegin.o
 .text.MX_GPIO_Init
                0x08000328       0x6c build/main.o
 .text.Error_Handler
                0x08000394        0x4 build/main.o
                0x08000394                Error_Handler
 .text.MX_USART2_UART_Init
                0x08000398       0x6c build/main.o
 .text.SystemClock_Config
                0x08000404       0x78 build/main.o
                0x08000404                SystemClock_Config
 .text.main     0x0800047c       0x26 build/main.o
                0x0800047c                main
 *fill*         0x080004a2        0x2 
 .text.HAL_MspInit
                0x080004a4       0x30 build/stm32g0xx_hal_msp.o
                0x080004a4                HAL_MspInit
 .text.HAL_UART_MspInit
                0x080004d4       0x84 build/stm32g0xx_hal_msp.o
                0x080004d4                HAL_UART_MspInit
 .text.NMI_Handler
                0x08000558        0x2 build/stm32g0xx_it.o
                0x08000558                NMI_Handler
 .text.HardFault_Handler
                0x0800055a        0x2 build/stm32g0xx_it.o
                0x0800055a                HardFault_Handler
 .text.SVC_Handler
                0x0800055c        0x2 build/stm32g0xx_it.o
                0x0800055c                SVC_Handler
 .text.PendSV_Handler
                0x0800055e        0x2 build/stm32g0xx_it.o
                0x0800055e                PendSV_Handler
 .text.SysTick_Handler
                0x08000560        0x8 build/stm32g0xx_it.o
                0x08000560                SysTick_Handler
 .text.SystemInit
                0x08000568        0x2 build/system_stm32g0xx.o
                0x08000568                SystemInit
 *fill*         0x0800056a        0x2 
 .text.HAL_InitTick
                0x0800056c       0x58 build/stm32g0xx_hal.o
                0x0800056c                HAL_InitTick
 .text.HAL_Init
                0x080005c4       0x28 build/stm32g0xx_hal.o
                0x080005c4                HAL_Init
 .text.HAL_IncTick
                0x080005ec       0x18 build/stm32g0xx_hal.o
                0x080005ec                HAL_IncTick
 .text.HAL_GetTick
                0x08000604        0xc build/stm32g0xx_hal.o
                0x08000604                HAL_GetTick
 .text.HAL_Delay
                0x08000610       0x24 build/stm32g0xx_hal.o
                0x08000610                HAL_Delay
 .text.__NVIC_SetPriority
                0x08000634       0x60 build/stm32g0xx_hal_cortex.o
 .text.SysTick_Config
                0x08000694       0x38 build/stm32g0xx_hal_cortex.o
 .text.HAL_NVIC_SetPriority
                0x080006cc        0x8 build/stm32g0xx_hal_cortex.o
                0x080006cc                HAL_NVIC_SetPriority
 .text.HAL_SYSTICK_Config
                0x080006d4        0x8 build/stm32g0xx_hal_cortex.o
                0x080006d4                HAL_SYSTICK_Config
 .text.HAL_GPIO_Init
                0x080006dc      0x174 build/stm32g0xx_hal_gpio.o
                0x080006dc                HAL_GPIO_Init
 .text.HAL_GPIO_WritePin
                0x08000850        0xc build/stm32g0xx_hal_gpio.o
                0x08000850                HAL_GPIO_WritePin
 .text.HAL_GPIO_TogglePin
                0x0800085c       0x10 build/stm32g0xx_hal_gpio.o
                0x0800085c                HAL_GPIO_TogglePin
 .text.HAL_PWREx_ControlVoltageScaling
                0x0800086c       0x54 build/stm32g0xx_hal_pwr_ex.o
                0x0800086c                HAL_PWREx_ControlVoltageScaling
 .text.HAL_RCC_OscConfig
                0x080008c0      0x4a4 build/stm32g0xx_hal_rcc.o
                0x080008c0                HAL_RCC_OscConfig
 .text.HAL_RCC_GetSysClockFreq
                0x08000d64       0xb8 build/stm32g0xx_hal_rcc.o
                0x08000d64                HAL_RCC_GetSysClockFreq
 .text.HAL_RCC_ClockConfig
                0x08000e1c      0x18c build/stm32g0xx_hal_rcc.o
                0x08000e1c                HAL_RCC_ClockConfig
 .text.HAL_RCC_GetHCLKFreq
                0x08000fa8        0xc build/stm32g0xx_hal_rcc.o
                0x08000fa8                HAL_RCC_GetHCLKFreq
 .text.HAL_RCC_GetPCLK1Freq
                0x08000fb4       0x28 build/stm32g0xx_hal_rcc.o
                0x08000fb4                HAL_RCC_GetPCLK1Freq
 .text.HAL_RCCEx_PeriphCLKConfig
                0x08000fdc      0x190 build/stm32g0xx_hal_rcc_ex.o
                0x08000fdc                HAL_RCCEx_PeriphCLKConfig
 .text.UART_EndRxTransfer
                0x0800116c       0x64 build/stm32g0xx_hal_uart.o
 .text.UART_SetConfig
                0x080011d0      0x1ec build/stm32g0xx_hal_uart.o
                0x080011d0                UART_SetConfig
 .text.UART_AdvFeatureConfig
                0x080013bc       0xe0 build/stm32g0xx_hal_uart.o
                0x080013bc                UART_AdvFeatureConfig
 .text.UART_WaitOnFlagUntilTimeout
                0x0800149c       0x9e build/stm32g0xx_hal_uart.o
                0x0800149c                UART_WaitOnFlagUntilTimeout
 *fill*         0x0800153a        0x2 
 .text.UART_CheckIdleState
                0x0800153c       0xd4 build/stm32g0xx_hal_uart.o
                0x0800153c                UART_CheckIdleState
 .text.HAL_UART_Init
                0x08001610       0x70 build/stm32g0xx_hal_uart.o
                0x08001610                HAL_UART_Init
 .text.UARTEx_SetNbDataToProcess
                0x08001680       0x50 build/stm32g0xx_hal_uart_ex.o
 .text.HAL_UARTEx_DisableFifoMode
                0x080016d0       0x40 build/stm32g0xx_hal_uart_ex.o
                0x080016d0                HAL_UARTEx_DisableFifoMode
 .text.HAL_UARTEx_SetTxFifoThreshold
                0x08001710       0x4a build/stm32g0xx_hal_uart_ex.o
                0x08001710                HAL_UARTEx_SetTxFifoThreshold
 *fill*         0x0800175a        0x2 
 .text.HAL_UARTEx_SetRxFifoThreshold
                0x0800175c       0x50 build/stm32g0xx_hal_uart_ex.o
                0x0800175c                HAL_UARTEx_SetRxFifoThreshold
 .text.Reset_Handler
                0x080017ac       0x50 build/startup_stm32g070xx.o
                0x080017ac                Reset_Handler
 .text.Default_Handler
                0x080017fc        0x2 build/startup_stm32g070xx.o
                0x080017fc                TIM1_CC_IRQHandler
                0x080017fc                TIM6_IRQHandler
                0x080017fc                I2C1_IRQHandler
                0x080017fc                RTC_TAMP_IRQHandler
                0x080017fc                SPI1_IRQHandler
                0x080017fc                USART3_4_IRQHandler
                0x080017fc                EXTI2_3_IRQHandler
                0x080017fc                ADC1_IRQHandler
                0x080017fc                I2C2_IRQHandler
                0x080017fc                TIM17_IRQHandler
                0x080017fc                TIM16_IRQHandler
                0x080017fc                TIM3_IRQHandler
                0x080017fc                EXTI4_15_IRQHandler
                0x080017fc                RCC_IRQHandler
                0x080017fc                DMA1_Channel1_IRQHandler
                0x080017fc                Default_Handler
                0x080017fc                TIM14_IRQHandler
                0x080017fc                TIM7_IRQHandler
                0x080017fc                TIM15_IRQHandler
                0x080017fc                EXTI0_1_IRQHandler
                0x080017fc                SPI2_IRQHandler
                0x080017fc                WWDG_IRQHandler
                0x080017fc                DMA1_Ch4_7_DMAMUX1_OVR_IRQHandler
                0x080017fc                DMA1_Channel2_3_IRQHandler
                0x080017fc                USART2_IRQHandler
                0x080017fc                FLASH_IRQHandler
                0x080017fc                USART1_IRQHandler
                0x080017fc                TIM1_BRK_UP_TRG_COM_IRQHandler
 *(.glue_7)
 .glue_7        0x080017fe        0x0 linker stubs
 *(.glue_7t)
 .glue_7t       0x080017fe        0x0 linker stubs
 *(.eh_frame)
 *fill*         0x080017fe        0x2 
 .eh_frame      0x08001800        0x0 c:/msys64/mingw64/bin/../lib/gcc/arm-none-eabi/12.2.0/thumb/v6-m/nofp/crtbegin.o
 *(.init)
 .init          0x08001800        0x4 c:/msys64/mingw64/bin/../lib/gcc/arm-none-eabi/12.2.0/thumb/v6-m/nofp/crti.o
                0x08001800                _init
 .init          0x08001804        0x8 c:/msys64/mingw64/bin/../lib/gcc/arm-none-eabi/12.2.0/thumb/v6-m/nofp/crtn.o
 *(.fini)
 .fini          0x0800180c        0x4 c:/msys64/mingw64/bin/../lib/gcc/arm-none-eabi/12.2.0/thumb/v6-m/nofp/crti.o
                0x0800180c                _fini
 .fini          0x08001810        0x8 c:/msys64/mingw64/bin/../lib/gcc/arm-none-eabi/12.2.0/thumb/v6-m/nofp/crtn.o
                0x08001818                        . = ALIGN (0x4)
                0x08001818                        _etext = .

.vfp11_veneer   0x08001818        0x0
 .vfp11_veneer  0x08001818        0x0 linker stubs

.v4_bx          0x08001818        0x0
 .v4_bx         0x08001818        0x0 linker stubs

.iplt           0x08001818        0x0
 .iplt          0x08001818        0x0 c:/msys64/mingw64/bin/../lib/gcc/arm-none-eabi/12.2.0/thumb/v6-m/nofp/crtbegin.o

.rodata         0x08001818       0x88
                0x08001818                        . = ALIGN (0x4)
 *(.rodata)
 *(.rodata*)
 .rodata.APBPrescTable
                0x08001818       0x20 build/system_stm32g0xx.o
                0x08001818                APBPrescTable
 .rodata.AHBPrescTable
                0x08001838       0x40 build/system_stm32g0xx.o
                0x08001838                AHBPrescTable
 .rodata.UARTPrescTable
                0x08001878       0x18 build/stm32g0xx_hal_uart.o
                0x08001878                UARTPrescTable
 .rodata.denominator.0
                0x08001890        0x8 build/stm32g0xx_hal_uart_ex.o
 .rodata.numerator.1
                0x08001898        0x8 build/stm32g0xx_hal_uart_ex.o
                0x080018a0                        . = ALIGN (0x4)

.rel.dyn        0x080018a0        0x0
 .rel.iplt      0x080018a0        0x0 c:/msys64/mingw64/bin/../lib/gcc/arm-none-eabi/12.2.0/thumb/v6-m/nofp/crtbegin.o

.ARM.extab
 *(.ARM.extab* .gnu.linkonce.armextab.*)

.ARM            0x080018a0        0x0
                0x080018a0                        __exidx_start = .
 *(.ARM.exidx*)
                0x080018a0                        __exidx_end = .

.preinit_array  0x080018a0        0x0
                0x080018a0                        PROVIDE (__preinit_array_start = .)
 *(.preinit_array*)
                0x080018a0                        PROVIDE (__preinit_array_end = .)

.init_array     0x080018a0        0x4
                0x080018a0                        PROVIDE (__init_array_start = .)
 *(SORT_BY_NAME(.init_array.*))
 *(.init_array*)
 .init_array    0x080018a0        0x4 c:/msys64/mingw64/bin/../lib/gcc/arm-none-eabi/12.2.0/thumb/v6-m/nofp/crtbegin.o
                0x080018a4                        PROVIDE (__init_array_end = .)

.fini_array     0x080018a4        0x4
                0x080018a4                        PROVIDE (__fini_array_start = .)
 *(SORT_BY_NAME(.fini_array.*))
 *(.fini_array*)
 .fini_array    0x080018a4        0x4 c:/msys64/mingw64/bin/../lib/gcc/arm-none-eabi/12.2.0/thumb/v6-m/nofp/crtbegin.o
                0x080018a8                        PROVIDE (__fini_array_end = .)
                0x080018a8                        _sidata = LOADADDR (.data)

.data           0x20000000        0xc load address 0x080018a8
                0x20000000                        . = ALIGN (0x4)
                0x20000000                        _sdata = .
 *(.data)
 *(.data*)
 .data.SystemCoreClock
                0x20000000        0x4 build/system_stm32g0xx.o
                0x20000000                SystemCoreClock
 .data.uwTickFreq
                0x20000004        0x1 build/stm32g0xx_hal.o
                0x20000004                uwTickFreq
 *fill*         0x20000005        0x3 
 .data.uwTickPrio
                0x20000008        0x4 build/stm32g0xx_hal.o
                0x20000008                uwTickPrio
                0x2000000c                        . = ALIGN (0x4)
                0x2000000c                        _edata = .

.igot.plt       0x2000000c        0x0 load address 0x080018b4
 .igot.plt      0x2000000c        0x0 c:/msys64/mingw64/bin/../lib/gcc/arm-none-eabi/12.2.0/thumb/v6-m/nofp/crtbegin.o
                0x2000000c                        . = ALIGN (0x4)

.bss            0x2000000c       0xb4 load address 0x080018b4
                0x2000000c                        _sbss = .
                0x2000000c                        __bss_start__ = _sbss
 *(.bss)
 *(.bss*)
 .bss.completed.1
                0x2000000c        0x1 c:/msys64/mingw64/bin/../lib/gcc/arm-none-eabi/12.2.0/thumb/v6-m/nofp/crtbegin.o
 *fill*         0x2000000d        0x3 
 .bss.object.0  0x20000010       0x18 c:/msys64/mingw64/bin/../lib/gcc/arm-none-eabi/12.2.0/thumb/v6-m/nofp/crtbegin.o
 .bss.huart2    0x20000028       0x94 build/main.o
                0x20000028                huart2
 .bss.uwTick    0x200000bc        0x4 build/stm32g0xx_hal.o
                0x200000bc                uwTick
 *(COMMON)
                0x200000c0                        . = ALIGN (0x4)
                0x200000c0                        _ebss = .
                0x200000c0                        __bss_end__ = _ebss

._user_heap_stack
                0x200000c0      0x600 load address 0x080018b4
                0x200000c0                        . = ALIGN (0x8)
                [!provide]                        PROVIDE (end = .)
                0x200000c0                        PROVIDE (_end = .)
                0x200002c0                        . = (. + _Min_Heap_Size)
 *fill*         0x200000c0      0x200 
                0x200006c0                        . = (. + _Min_Stack_Size)
 *fill*         0x200002c0      0x400 
                0x200006c0                        . = ALIGN (0x8)

/DISCARD/
 libc.a(*)
 libm.a(*)
 libgcc.a(*)

.ARM.attributes
                0x00000000       0x28
 *(.ARM.attributes)
 .ARM.attributes
                0x00000000       0x1e c:/msys64/mingw64/bin/../lib/gcc/arm-none-eabi/12.2.0/thumb/v6-m/nofp/crti.o
 .ARM.attributes
                0x0000001e       0x2c c:/msys64/mingw64/bin/../lib/gcc/arm-none-eabi/12.2.0/thumb/v6-m/nofp/crtbegin.o
 .ARM.attributes
                0x0000004a       0x2c build/main.o
 .ARM.attributes
                0x00000076       0x2c build/stm32g0xx_hal_msp.o
 .ARM.attributes
                0x000000a2       0x2c build/stm32g0xx_it.o
 .ARM.attributes
                0x000000ce       0x2c build/system_stm32g0xx.o
 .ARM.attributes
                0x000000fa       0x2c build/stm32g0xx_hal.o
 .ARM.attributes
                0x00000126       0x2c build/stm32g0xx_hal_cortex.o
 .ARM.attributes
                0x00000152       0x2c build/stm32g0xx_hal_gpio.o
 .ARM.attributes
                0x0000017e       0x2c build/stm32g0xx_hal_pwr_ex.o
 .ARM.attributes
                0x000001aa       0x2c build/stm32g0xx_hal_rcc.o
 .ARM.attributes
                0x000001d6       0x2c build/stm32g0xx_hal_rcc_ex.o
 .ARM.attributes
                0x00000202       0x2c build/stm32g0xx_hal_uart.o
 .ARM.attributes
                0x0000022e       0x2c build/stm32g0xx_hal_uart_ex.o
 .ARM.attributes
                0x0000025a       0x22 build/startup_stm32g070xx.o
 .ARM.attributes
                0x0000027c       0x2c c:/msys64/mingw64/bin/../lib/gcc/arm-none-eabi/12.2.0/../../../../arm-none-eabi/lib/thumb/v6-m/nofp\libc_nano.a(libc_a-memset.o)
 .ARM.attributes
                0x000002a8       0x2c c:/msys64/mingw64/bin/../lib/gcc/arm-none-eabi/12.2.0/../../../../arm-none-eabi/lib/thumb/v6-m/nofp\libc_nano.a(libc_a-init.o)
 .ARM.attributes
                0x000002d4       0x1e c:/msys64/mingw64/bin/../lib/gcc/arm-none-eabi/12.2.0/thumb/v6-m/nofp\libgcc.a(_udivsi3.o)
 .ARM.attributes
                0x000002f2       0x1e c:/msys64/mingw64/bin/../lib/gcc/arm-none-eabi/12.2.0/thumb/v6-m/nofp\libgcc.a(_divsi3.o)
 .ARM.attributes
                0x00000310       0x1e c:/msys64/mingw64/bin/../lib/gcc/arm-none-eabi/12.2.0/thumb/v6-m/nofp\libgcc.a(_dvmd_tls.o)
 .ARM.attributes
                0x0000032e       0x1e c:/msys64/mingw64/bin/../lib/gcc/arm-none-eabi/12.2.0/thumb/v6-m/nofp/crtn.o
OUTPUT(build/test_make_file_led.elf elf32-littlearm)
LOAD linker stubs
LOAD c:/msys64/mingw64/bin/../lib/gcc/arm-none-eabi/12.2.0/../../../../arm-none-eabi/lib/thumb/v6-m/nofp\libc.a
LOAD c:/msys64/mingw64/bin/../lib/gcc/arm-none-eabi/12.2.0/../../../../arm-none-eabi/lib/thumb/v6-m/nofp\libm.a
LOAD c:/msys64/mingw64/bin/../lib/gcc/arm-none-eabi/12.2.0/thumb/v6-m/nofp\libgcc.a

.debug_info     0x00000000     0xca0e
 .debug_info    0x00000000      0xf83 build/main.o
 .debug_info    0x00000f83      0xc3f build/stm32g0xx_hal_msp.o
 .debug_info    0x00001bc2      0x123 build/stm32g0xx_it.o
 .debug_info    0x00001ce5      0x34c build/system_stm32g0xx.o
 .debug_info    0x00002031      0x997 build/stm32g0xx_hal.o
 .debug_info    0x000029c8      0x9ec build/stm32g0xx_hal_cortex.o
 .debug_info    0x000033b4      0x5ed build/stm32g0xx_hal_gpio.o
 .debug_info    0x000039a1      0x4f4 build/stm32g0xx_hal_pwr_ex.o
 .debug_info    0x00003e95      0xd1f build/stm32g0xx_hal_rcc.o
 .debug_info    0x00004bb4      0x85a build/stm32g0xx_hal_rcc_ex.o
 .debug_info    0x0000540e     0x60cc build/stm32g0xx_hal_uart.o
 .debug_info    0x0000b4da     0x1202 build/stm32g0xx_hal_uart_ex.o
 .debug_info    0x0000c6dc       0x30 build/startup_stm32g070xx.o
 .debug_info    0x0000c70c      0x135 c:/msys64/mingw64/bin/../lib/gcc/arm-none-eabi/12.2.0/../../../../arm-none-eabi/lib/thumb/v6-m/nofp\libc_nano.a(libc_a-memset.o)
 .debug_info    0x0000c841      0x10b c:/msys64/mingw64/bin/../lib/gcc/arm-none-eabi/12.2.0/../../../../arm-none-eabi/lib/thumb/v6-m/nofp\libc_nano.a(libc_a-init.o)
 .debug_info    0x0000c94c       0x44 c:/msys64/mingw64/bin/../lib/gcc/arm-none-eabi/12.2.0/thumb/v6-m/nofp\libgcc.a(_udivsi3.o)
 .debug_info    0x0000c990       0x45 c:/msys64/mingw64/bin/../lib/gcc/arm-none-eabi/12.2.0/thumb/v6-m/nofp\libgcc.a(_divsi3.o)
 .debug_info    0x0000c9d5       0x39 c:/msys64/mingw64/bin/../lib/gcc/arm-none-eabi/12.2.0/thumb/v6-m/nofp\libgcc.a(_dvmd_tls.o)

.debug_abbrev   0x00000000     0x1e6e
 .debug_abbrev  0x00000000      0x26e build/main.o
 .debug_abbrev  0x0000026e      0x203 build/stm32g0xx_hal_msp.o
 .debug_abbrev  0x00000471       0xb5 build/stm32g0xx_it.o
 .debug_abbrev  0x00000526      0x146 build/system_stm32g0xx.o
 .debug_abbrev  0x0000066c      0x2c4 build/stm32g0xx_hal.o
 .debug_abbrev  0x00000930      0x309 build/stm32g0xx_hal_cortex.o
 .debug_abbrev  0x00000c39      0x206 build/stm32g0xx_hal_gpio.o
 .debug_abbrev  0x00000e3f      0x1fa build/stm32g0xx_hal_pwr_ex.o
 .debug_abbrev  0x00001039      0x2d3 build/stm32g0xx_hal_rcc.o
 .debug_abbrev  0x0000130c      0x28b build/stm32g0xx_hal_rcc_ex.o
 .debug_abbrev  0x00001597      0x362 build/stm32g0xx_hal_uart.o
 .debug_abbrev  0x000018f9      0x370 build/stm32g0xx_hal_uart_ex.o
 .debug_abbrev  0x00001c69       0x24 build/startup_stm32g070xx.o
 .debug_abbrev  0x00001c8d       0xb7 c:/msys64/mingw64/bin/../lib/gcc/arm-none-eabi/12.2.0/../../../../arm-none-eabi/lib/thumb/v6-m/nofp\libc_nano.a(libc_a-memset.o)
 .debug_abbrev  0x00001d44       0xc9 c:/msys64/mingw64/bin/../lib/gcc/arm-none-eabi/12.2.0/../../../../arm-none-eabi/lib/thumb/v6-m/nofp\libc_nano.a(libc_a-init.o)
 .debug_abbrev  0x00001e0d       0x21 c:/msys64/mingw64/bin/../lib/gcc/arm-none-eabi/12.2.0/thumb/v6-m/nofp\libgcc.a(_udivsi3.o)
 .debug_abbrev  0x00001e2e       0x21 c:/msys64/mingw64/bin/../lib/gcc/arm-none-eabi/12.2.0/thumb/v6-m/nofp\libgcc.a(_divsi3.o)
 .debug_abbrev  0x00001e4f       0x1f c:/msys64/mingw64/bin/../lib/gcc/arm-none-eabi/12.2.0/thumb/v6-m/nofp\libgcc.a(_dvmd_tls.o)

.debug_aranges  0x00000000      0x818
 .debug_aranges
                0x00000000       0x40 build/main.o
 .debug_aranges
                0x00000040       0x30 build/stm32g0xx_hal_msp.o
 .debug_aranges
                0x00000070       0x40 build/stm32g0xx_it.o
 .debug_aranges
                0x000000b0       0x28 build/system_stm32g0xx.o
 .debug_aranges
                0x000000d8       0xf8 build/stm32g0xx_hal.o
 .debug_aranges
                0x000001d0       0xc0 build/stm32g0xx_hal_cortex.o
 .debug_aranges
                0x00000290       0x60 build/stm32g0xx_hal_gpio.o
 .debug_aranges
                0x000002f0       0x98 build/stm32g0xx_hal_pwr_ex.o
 .debug_aranges
                0x00000388       0x98 build/stm32g0xx_hal_rcc.o
 .debug_aranges
                0x00000420       0x40 build/stm32g0xx_hal_rcc_ex.o
 .debug_aranges
                0x00000460      0x248 build/stm32g0xx_hal_uart.o
 .debug_aranges
                0x000006a8       0xa8 build/stm32g0xx_hal_uart_ex.o
 .debug_aranges
                0x00000750       0x28 build/startup_stm32g070xx.o
 .debug_aranges
                0x00000778       0x20 c:/msys64/mingw64/bin/../lib/gcc/arm-none-eabi/12.2.0/../../../../arm-none-eabi/lib/thumb/v6-m/nofp\libc_nano.a(libc_a-memset.o)
 .debug_aranges
                0x00000798       0x20 c:/msys64/mingw64/bin/../lib/gcc/arm-none-eabi/12.2.0/../../../../arm-none-eabi/lib/thumb/v6-m/nofp\libc_nano.a(libc_a-init.o)
 .debug_aranges
                0x000007b8       0x20 c:/msys64/mingw64/bin/../lib/gcc/arm-none-eabi/12.2.0/thumb/v6-m/nofp\libgcc.a(_udivsi3.o)
 .debug_aranges
                0x000007d8       0x20 c:/msys64/mingw64/bin/../lib/gcc/arm-none-eabi/12.2.0/thumb/v6-m/nofp\libgcc.a(_divsi3.o)
 .debug_aranges
                0x000007f8       0x20 c:/msys64/mingw64/bin/../lib/gcc/arm-none-eabi/12.2.0/thumb/v6-m/nofp\libgcc.a(_dvmd_tls.o)

.debug_rnglists
                0x00000000      0x5c9
 .debug_rnglists
                0x00000000       0x2b build/main.o
 .debug_rnglists
                0x0000002b       0x20 build/stm32g0xx_hal_msp.o
 .debug_rnglists
                0x0000004b       0x2b build/stm32g0xx_it.o
 .debug_rnglists
                0x00000076       0x1a build/system_stm32g0xx.o
 .debug_rnglists
                0x00000090       0xb5 build/stm32g0xx_hal.o
 .debug_rnglists
                0x00000145       0x97 build/stm32g0xx_hal_cortex.o
 .debug_rnglists
                0x000001dc       0x45 build/stm32g0xx_hal_gpio.o
 .debug_rnglists
                0x00000221       0x6f build/stm32g0xx_hal_pwr_ex.o
 .debug_rnglists
                0x00000290       0x85 build/stm32g0xx_hal_rcc.o
 .debug_rnglists
                0x00000315       0x3b build/stm32g0xx_hal_rcc_ex.o
 .debug_rnglists
                0x00000350      0x1cc build/stm32g0xx_hal_uart.o
 .debug_rnglists
                0x0000051c       0x94 build/stm32g0xx_hal_uart_ex.o
 .debug_rnglists
                0x000005b0       0x19 build/startup_stm32g070xx.o

.debug_line     0x00000000     0x92bf
 .debug_line    0x00000000      0x420 build/main.o
 .debug_line    0x00000420      0x2a6 build/stm32g0xx_hal_msp.o
 .debug_line    0x000006c6      0x18a build/stm32g0xx_it.o
 .debug_line    0x00000850      0x23d build/system_stm32g0xx.o
 .debug_line    0x00000a8d      0x57a build/stm32g0xx_hal.o
 .debug_line    0x00001007      0x681 build/stm32g0xx_hal_cortex.o
 .debug_line    0x00001688      0x6a0 build/stm32g0xx_hal_gpio.o
 .debug_line    0x00001d28      0x50a build/stm32g0xx_hal_pwr_ex.o
 .debug_line    0x00002232      0xd89 build/stm32g0xx_hal_rcc.o
 .debug_line    0x00002fbb      0x7b1 build/stm32g0xx_hal_rcc_ex.o
 .debug_line    0x0000376c     0x4a42 build/stm32g0xx_hal_uart.o
 .debug_line    0x000081ae      0xc75 build/stm32g0xx_hal_uart_ex.o
 .debug_line    0x00008e23       0x77 build/startup_stm32g070xx.o
 .debug_line    0x00008e9a      0x1e0 c:/msys64/mingw64/bin/../lib/gcc/arm-none-eabi/12.2.0/../../../../arm-none-eabi/lib/thumb/v6-m/nofp\libc_nano.a(libc_a-memset.o)
 .debug_line    0x0000907a      0x12b c:/msys64/mingw64/bin/../lib/gcc/arm-none-eabi/12.2.0/../../../../arm-none-eabi/lib/thumb/v6-m/nofp\libc_nano.a(libc_a-init.o)
 .debug_line    0x000091a5       0x61 c:/msys64/mingw64/bin/../lib/gcc/arm-none-eabi/12.2.0/thumb/v6-m/nofp\libgcc.a(_udivsi3.o)
 .debug_line    0x00009206       0x6f c:/msys64/mingw64/bin/../lib/gcc/arm-none-eabi/12.2.0/thumb/v6-m/nofp\libgcc.a(_divsi3.o)
 .debug_line    0x00009275       0x4a c:/msys64/mingw64/bin/../lib/gcc/arm-none-eabi/12.2.0/thumb/v6-m/nofp\libgcc.a(_dvmd_tls.o)

.debug_str      0x00000000     0x29f3
 .debug_str     0x00000000     0x29f3 build/main.o
                                0xac8 (size before relaxing)
 .debug_str     0x000029f3      0x984 build/stm32g0xx_hal_msp.o
 .debug_str     0x000029f3      0x1df build/stm32g0xx_it.o
 .debug_str     0x000029f3      0x2dc build/system_stm32g0xx.o
 .debug_str     0x000029f3      0x840 build/stm32g0xx_hal.o
 .debug_str     0x000029f3      0x74d build/stm32g0xx_hal_cortex.o
 .debug_str     0x000029f3      0x3f1 build/stm32g0xx_hal_gpio.o
 .debug_str     0x000029f3      0x4dc build/stm32g0xx_hal_pwr_ex.o
 .debug_str     0x000029f3      0x764 build/stm32g0xx_hal_rcc.o
 .debug_str     0x000029f3      0x5be build/stm32g0xx_hal_rcc_ex.o
 .debug_str     0x000029f3     0x113e build/stm32g0xx_hal_uart.o
 .debug_str     0x000029f3      0xb43 build/stm32g0xx_hal_uart_ex.o
 .debug_str     0x000029f3       0x68 build/startup_stm32g070xx.o
 .debug_str     0x000029f3      0x194 c:/msys64/mingw64/bin/../lib/gcc/arm-none-eabi/12.2.0/../../../../arm-none-eabi/lib/thumb/v6-m/nofp\libc_nano.a(libc_a-memset.o)
 .debug_str     0x000029f3      0x1e1 c:/msys64/mingw64/bin/../lib/gcc/arm-none-eabi/12.2.0/../../../../arm-none-eabi/lib/thumb/v6-m/nofp\libc_nano.a(libc_a-init.o)
 .debug_str     0x000029f3       0xdd c:/msys64/mingw64/bin/../lib/gcc/arm-none-eabi/12.2.0/thumb/v6-m/nofp\libgcc.a(_udivsi3.o)
 .debug_str     0x000029f3       0xda c:/msys64/mingw64/bin/../lib/gcc/arm-none-eabi/12.2.0/thumb/v6-m/nofp\libgcc.a(_divsi3.o)
 .debug_str     0x000029f3       0xd0 c:/msys64/mingw64/bin/../lib/gcc/arm-none-eabi/12.2.0/thumb/v6-m/nofp\libgcc.a(_dvmd_tls.o)

.comment        0x00000000       0x12
 .comment       0x00000000       0x12 build/main.o
                                 0x13 (size before relaxing)
 .comment       0x00000012       0x13 build/stm32g0xx_hal_msp.o
 .comment       0x00000012       0x13 build/stm32g0xx_it.o
 .comment       0x00000012       0x13 build/system_stm32g0xx.o
 .comment       0x00000012       0x13 build/stm32g0xx_hal.o
 .comment       0x00000012       0x13 build/stm32g0xx_hal_cortex.o
 .comment       0x00000012       0x13 build/stm32g0xx_hal_gpio.o
 .comment       0x00000012       0x13 build/stm32g0xx_hal_pwr_ex.o
 .comment       0x00000012       0x13 build/stm32g0xx_hal_rcc.o
 .comment       0x00000012       0x13 build/stm32g0xx_hal_rcc_ex.o
 .comment       0x00000012       0x13 build/stm32g0xx_hal_uart.o
 .comment       0x00000012       0x13 build/stm32g0xx_hal_uart_ex.o
 .comment       0x00000012       0x13 c:/msys64/mingw64/bin/../lib/gcc/arm-none-eabi/12.2.0/../../../../arm-none-eabi/lib/thumb/v6-m/nofp\libc_nano.a(libc_a-memset.o)
 .comment       0x00000012       0x13 c:/msys64/mingw64/bin/../lib/gcc/arm-none-eabi/12.2.0/../../../../arm-none-eabi/lib/thumb/v6-m/nofp\libc_nano.a(libc_a-init.o)

.debug_frame    0x00000000     0x1258
 .debug_frame   0x00000000       0x88 build/main.o
 .debug_frame   0x00000088       0x58 build/stm32g0xx_hal_msp.o
 .debug_frame   0x000000e0       0x68 build/stm32g0xx_it.o
 .debug_frame   0x00000148       0x38 build/system_stm32g0xx.o
 .debug_frame   0x00000180      0x1fc build/stm32g0xx_hal.o
 .debug_frame   0x0000037c      0x194 build/stm32g0xx_hal_cortex.o
 .debug_frame   0x00000510       0xd0 build/stm32g0xx_hal_gpio.o
 .debug_frame   0x000005e0      0x120 build/stm32g0xx_hal_pwr_ex.o
 .debug_frame   0x00000700      0x16c build/stm32g0xx_hal_rcc.o
 .debug_frame   0x0000086c       0x90 build/stm32g0xx_hal_rcc_ex.o
 .debug_frame   0x000008fc      0x6e0 build/stm32g0xx_hal_uart.o
 .debug_frame   0x00000fdc      0x1e0 build/stm32g0xx_hal_uart_ex.o
 .debug_frame   0x000011bc       0x30 c:/msys64/mingw64/bin/../lib/gcc/arm-none-eabi/12.2.0/../../../../arm-none-eabi/lib/thumb/v6-m/nofp\libc_nano.a(libc_a-memset.o)
 .debug_frame   0x000011ec       0x2c c:/msys64/mingw64/bin/../lib/gcc/arm-none-eabi/12.2.0/../../../../arm-none-eabi/lib/thumb/v6-m/nofp\libc_nano.a(libc_a-init.o)
 .debug_frame   0x00001218       0x20 c:/msys64/mingw64/bin/../lib/gcc/arm-none-eabi/12.2.0/thumb/v6-m/nofp\libgcc.a(_udivsi3.o)
 .debug_frame   0x00001238       0x20 c:/msys64/mingw64/bin/../lib/gcc/arm-none-eabi/12.2.0/thumb/v6-m/nofp\libgcc.a(_divsi3.o)

.debug_loclists
                0x00000000     0x43ae
 .debug_loclists
                0x00000000       0x5a build/stm32g0xx_hal_msp.o
 .debug_loclists
                0x0000005a       0x6d build/system_stm32g0xx.o
 .debug_loclists
                0x000000c7      0x111 build/stm32g0xx_hal.o
 .debug_loclists
                0x000001d8      0x1c5 build/stm32g0xx_hal_cortex.o
 .debug_loclists
                0x0000039d      0x27b build/stm32g0xx_hal_gpio.o
 .debug_loclists
                0x00000618      0x179 build/stm32g0xx_hal_pwr_ex.o
 .debug_loclists
                0x00000791      0x4da build/stm32g0xx_hal_rcc.o
 .debug_loclists
                0x00000c6b      0x51e build/stm32g0xx_hal_rcc_ex.o
 .debug_loclists
                0x00001189     0x28ab build/stm32g0xx_hal_uart.o
 .debug_loclists
                0x00003a34      0x766 build/stm32g0xx_hal_uart_ex.o
 .debug_loclists
                0x0000419a      0x1ba c:/msys64/mingw64/bin/../lib/gcc/arm-none-eabi/12.2.0/../../../../arm-none-eabi/lib/thumb/v6-m/nofp\libc_nano.a(libc_a-memset.o)
 .debug_loclists
                0x00004354       0x5a c:/msys64/mingw64/bin/../lib/gcc/arm-none-eabi/12.2.0/../../../../arm-none-eabi/lib/thumb/v6-m/nofp\libc_nano.a(libc_a-init.o)

.debug_line_str
                0x00000000       0xf6
 .debug_line_str
                0x00000000       0xf6 build/startup_stm32g070xx.o
                                 0x4e (size before relaxing)
 .debug_line_str
                0x000000f6       0xa8 c:/msys64/mingw64/bin/../lib/gcc/arm-none-eabi/12.2.0/thumb/v6-m/nofp\libgcc.a(_udivsi3.o)
 .debug_line_str
                0x000000f6       0xa8 c:/msys64/mingw64/bin/../lib/gcc/arm-none-eabi/12.2.0/thumb/v6-m/nofp\libgcc.a(_divsi3.o)
 .debug_line_str
                0x000000f6       0xa8 c:/msys64/mingw64/bin/../lib/gcc/arm-none-eabi/12.2.0/thumb/v6-m/nofp\libgcc.a(_dvmd_tls.o)

Cross Reference Table

Symbol                                            File
ADC1_IRQHandler                                   build/startup_stm32g070xx.o
AHBPrescTable                                     build/system_stm32g0xx.o
                                                  build/stm32g0xx_hal_rcc.o
APBPrescTable                                     build/system_stm32g0xx.o
                                                  build/stm32g0xx_hal_rcc.o
DMA1_Ch4_7_DMAMUX1_OVR_IRQHandler                 build/startup_stm32g070xx.o
DMA1_Channel1_IRQHandler                          build/startup_stm32g070xx.o
DMA1_Channel2_3_IRQHandler                        build/startup_stm32g070xx.o
Default_Handler                                   build/startup_stm32g070xx.o
EXTI0_1_IRQHandler                                build/startup_stm32g070xx.o
EXTI2_3_IRQHandler                                build/startup_stm32g070xx.o
EXTI4_15_IRQHandler                               build/startup_stm32g070xx.o
Error_Handler                                     build/main.o
                                                  build/stm32g0xx_hal_msp.o
FLASH_FlushCaches                                 build/stm32g0xx_hal_flash_ex.o
FLASH_IRQHandler                                  build/startup_stm32g070xx.o
FLASH_PageErase                                   build/stm32g0xx_hal_flash_ex.o
                                                  build/stm32g0xx_hal_flash.o
FLASH_WaitForLastOperation                        build/stm32g0xx_hal_flash.o
                                                  build/stm32g0xx_hal_flash_ex.o
HAL_DBGMCU_DisableDBGStandbyMode                  build/stm32g0xx_hal.o
HAL_DBGMCU_DisableDBGStopMode                     build/stm32g0xx_hal.o
HAL_DBGMCU_EnableDBGStandbyMode                   build/stm32g0xx_hal.o
HAL_DBGMCU_EnableDBGStopMode                      build/stm32g0xx_hal.o
HAL_DMAEx_ConfigMuxRequestGenerator               build/stm32g0xx_hal_dma_ex.o
HAL_DMAEx_ConfigMuxSync                           build/stm32g0xx_hal_dma_ex.o
HAL_DMAEx_DisableMuxRequestGenerator              build/stm32g0xx_hal_dma_ex.o
HAL_DMAEx_EnableMuxRequestGenerator               build/stm32g0xx_hal_dma_ex.o
HAL_DMAEx_MUX_IRQHandler                          build/stm32g0xx_hal_dma_ex.o
HAL_DMA_Abort                                     build/stm32g0xx_hal_dma.o
                                                  build/stm32g0xx_hal_uart.o
HAL_DMA_Abort_IT                                  build/stm32g0xx_hal_dma.o
                                                  build/stm32g0xx_hal_uart.o
HAL_DMA_DeInit                                    build/stm32g0xx_hal_dma.o
HAL_DMA_GetError                                  build/stm32g0xx_hal_dma.o
                                                  build/stm32g0xx_hal_uart.o
HAL_DMA_GetState                                  build/stm32g0xx_hal_dma.o
HAL_DMA_IRQHandler                                build/stm32g0xx_hal_dma.o
HAL_DMA_Init                                      build/stm32g0xx_hal_dma.o
HAL_DMA_PollForTransfer                           build/stm32g0xx_hal_dma.o
HAL_DMA_RegisterCallback                          build/stm32g0xx_hal_dma.o
HAL_DMA_Start                                     build/stm32g0xx_hal_dma.o
HAL_DMA_Start_IT                                  build/stm32g0xx_hal_dma.o
                                                  build/stm32g0xx_hal_uart.o
HAL_DMA_UnRegisterCallback                        build/stm32g0xx_hal_dma.o
HAL_DeInit                                        build/stm32g0xx_hal.o
HAL_Delay                                         build/stm32g0xx_hal.o
                                                  build/main.o
HAL_EXTI_ClearConfigLine                          build/stm32g0xx_hal_exti.o
HAL_EXTI_ClearPending                             build/stm32g0xx_hal_exti.o
HAL_EXTI_GenerateSWI                              build/stm32g0xx_hal_exti.o
HAL_EXTI_GetConfigLine                            build/stm32g0xx_hal_exti.o
HAL_EXTI_GetHandle                                build/stm32g0xx_hal_exti.o
HAL_EXTI_GetPending                               build/stm32g0xx_hal_exti.o
HAL_EXTI_IRQHandler                               build/stm32g0xx_hal_exti.o
HAL_EXTI_RegisterCallback                         build/stm32g0xx_hal_exti.o
HAL_EXTI_SetConfigLine                            build/stm32g0xx_hal_exti.o
HAL_FLASHEx_Erase                                 build/stm32g0xx_hal_flash_ex.o
HAL_FLASHEx_Erase_IT                              build/stm32g0xx_hal_flash_ex.o
HAL_FLASHEx_FlashEmptyCheck                       build/stm32g0xx_hal_flash_ex.o
HAL_FLASHEx_ForceFlashEmpty                       build/stm32g0xx_hal_flash_ex.o
HAL_FLASHEx_OBGetConfig                           build/stm32g0xx_hal_flash_ex.o
HAL_FLASHEx_OBProgram                             build/stm32g0xx_hal_flash_ex.o
HAL_FLASH_EndOfOperationCallback                  build/stm32g0xx_hal_flash.o
HAL_FLASH_GetError                                build/stm32g0xx_hal_flash.o
HAL_FLASH_IRQHandler                              build/stm32g0xx_hal_flash.o
HAL_FLASH_Lock                                    build/stm32g0xx_hal_flash.o
HAL_FLASH_OB_Launch                               build/stm32g0xx_hal_flash.o
HAL_FLASH_OB_Lock                                 build/stm32g0xx_hal_flash.o
HAL_FLASH_OB_Unlock                               build/stm32g0xx_hal_flash.o
HAL_FLASH_OperationErrorCallback                  build/stm32g0xx_hal_flash.o
HAL_FLASH_Program                                 build/stm32g0xx_hal_flash.o
HAL_FLASH_Program_IT                              build/stm32g0xx_hal_flash.o
HAL_FLASH_Unlock                                  build/stm32g0xx_hal_flash.o
HAL_GPIO_DeInit                                   build/stm32g0xx_hal_gpio.o
                                                  build/stm32g0xx_hal_msp.o
HAL_GPIO_EXTI_Falling_Callback                    build/stm32g0xx_hal_gpio.o
HAL_GPIO_EXTI_IRQHandler                          build/stm32g0xx_hal_gpio.o
HAL_GPIO_EXTI_Rising_Callback                     build/stm32g0xx_hal_gpio.o
HAL_GPIO_Init                                     build/stm32g0xx_hal_gpio.o
                                                  build/stm32g0xx_hal_rcc_ex.o
                                                  build/stm32g0xx_hal_rcc.o
                                                  build/stm32g0xx_hal_msp.o
                                                  build/main.o
HAL_GPIO_LockPin                                  build/stm32g0xx_hal_gpio.o
HAL_GPIO_ReadPin                                  build/stm32g0xx_hal_gpio.o
HAL_GPIO_TogglePin                                build/stm32g0xx_hal_gpio.o
                                                  build/main.o
HAL_GPIO_WritePin                                 build/stm32g0xx_hal_gpio.o
                                                  build/main.o
HAL_GetDEVID                                      build/stm32g0xx_hal.o
HAL_GetHalVersion                                 build/stm32g0xx_hal.o
HAL_GetREVID                                      build/stm32g0xx_hal.o
HAL_GetTick                                       build/stm32g0xx_hal.o
                                                  build/stm32g0xx_hal_uart_ex.o
                                                  build/stm32g0xx_hal_uart.o
                                                  build/stm32g0xx_hal_rcc_ex.o
                                                  build/stm32g0xx_hal_rcc.o
                                                  build/stm32g0xx_hal_flash.o
                                                  build/stm32g0xx_hal_dma.o
HAL_GetTickFreq                                   build/stm32g0xx_hal.o
HAL_GetTickPrio                                   build/stm32g0xx_hal.o
HAL_GetUIDw0                                      build/stm32g0xx_hal.o
HAL_GetUIDw1                                      build/stm32g0xx_hal.o
HAL_GetUIDw2                                      build/stm32g0xx_hal.o
HAL_HalfDuplex_EnableReceiver                     build/stm32g0xx_hal_uart.o
HAL_HalfDuplex_EnableTransmitter                  build/stm32g0xx_hal_uart.o
HAL_HalfDuplex_Init                               build/stm32g0xx_hal_uart.o
HAL_IncTick                                       build/stm32g0xx_hal.o
                                                  build/stm32g0xx_it.o
HAL_Init                                          build/stm32g0xx_hal.o
                                                  build/main.o
HAL_InitTick                                      build/stm32g0xx_hal.o
                                                  build/stm32g0xx_hal_rcc.o
HAL_LIN_Init                                      build/stm32g0xx_hal_uart.o
HAL_LIN_SendBreak                                 build/stm32g0xx_hal_uart.o
HAL_MPU_ConfigRegion                              build/stm32g0xx_hal_cortex.o
HAL_MPU_Disable                                   build/stm32g0xx_hal_cortex.o
HAL_MPU_DisableRegion                             build/stm32g0xx_hal_cortex.o
HAL_MPU_Enable                                    build/stm32g0xx_hal_cortex.o
HAL_MPU_EnableRegion                              build/stm32g0xx_hal_cortex.o
HAL_MspDeInit                                     build/stm32g0xx_hal.o
HAL_MspInit                                       build/stm32g0xx_hal_msp.o
HAL_MultiProcessorEx_AddressLength_Set            build/stm32g0xx_hal_uart_ex.o
HAL_MultiProcessor_DisableMuteMode                build/stm32g0xx_hal_uart.o
HAL_MultiProcessor_EnableMuteMode                 build/stm32g0xx_hal_uart.o
HAL_MultiProcessor_EnterMuteMode                  build/stm32g0xx_hal_uart.o
HAL_MultiProcessor_Init                           build/stm32g0xx_hal_uart.o
HAL_NVIC_ClearPendingIRQ                          build/stm32g0xx_hal_cortex.o
HAL_NVIC_DisableIRQ                               build/stm32g0xx_hal_cortex.o
HAL_NVIC_EnableIRQ                                build/stm32g0xx_hal_cortex.o
HAL_NVIC_GetPendingIRQ                            build/stm32g0xx_hal_cortex.o
HAL_NVIC_GetPriority                              build/stm32g0xx_hal_cortex.o
HAL_NVIC_SetPendingIRQ                            build/stm32g0xx_hal_cortex.o
HAL_NVIC_SetPriority                              build/stm32g0xx_hal_cortex.o
                                                  build/stm32g0xx_hal.o
HAL_NVIC_SystemReset                              build/stm32g0xx_hal_cortex.o
HAL_PWREx_ControlVoltageScaling                   build/stm32g0xx_hal_pwr_ex.o
                                                  build/main.o
HAL_PWREx_DisableBatteryCharging                  build/stm32g0xx_hal_pwr_ex.o
HAL_PWREx_DisableFlashPowerDown                   build/stm32g0xx_hal_pwr_ex.o
HAL_PWREx_DisableGPIOPullDown                     build/stm32g0xx_hal_pwr_ex.o
HAL_PWREx_DisableGPIOPullUp                       build/stm32g0xx_hal_pwr_ex.o
HAL_PWREx_DisableInternalWakeUpLine               build/stm32g0xx_hal_pwr_ex.o
HAL_PWREx_DisableLowPowerRunMode                  build/stm32g0xx_hal_pwr_ex.o
                                                  build/stm32g0xx_hal_pwr.o
HAL_PWREx_DisablePullUpPullDownConfig             build/stm32g0xx_hal_pwr_ex.o
HAL_PWREx_EnableBatteryCharging                   build/stm32g0xx_hal_pwr_ex.o
HAL_PWREx_EnableFlashPowerDown                    build/stm32g0xx_hal_pwr_ex.o
HAL_PWREx_EnableGPIOPullDown                      build/stm32g0xx_hal_pwr_ex.o
HAL_PWREx_EnableGPIOPullUp                        build/stm32g0xx_hal_pwr_ex.o
HAL_PWREx_EnableInternalWakeUpLine                build/stm32g0xx_hal_pwr_ex.o
HAL_PWREx_EnableLowPowerRunMode                   build/stm32g0xx_hal_pwr_ex.o
                                                  build/stm32g0xx_hal_pwr.o
HAL_PWREx_EnablePullUpPullDownConfig              build/stm32g0xx_hal_pwr_ex.o
HAL_PWREx_GetVoltageRange                         build/stm32g0xx_hal_pwr_ex.o
HAL_PWR_DeInit                                    build/stm32g0xx_hal_pwr.o
HAL_PWR_DisableBkUpAccess                         build/stm32g0xx_hal_pwr.o
                                                  build/stm32g0xx_hal_rcc_ex.o
HAL_PWR_DisableSEVOnPend                          build/stm32g0xx_hal_pwr.o
HAL_PWR_DisableSleepOnExit                        build/stm32g0xx_hal_pwr.o
HAL_PWR_DisableWakeUpPin                          build/stm32g0xx_hal_pwr.o
HAL_PWR_EnableBkUpAccess                          build/stm32g0xx_hal_pwr.o
                                                  build/stm32g0xx_hal_rcc_ex.o
HAL_PWR_EnableSEVOnPend                           build/stm32g0xx_hal_pwr.o
HAL_PWR_EnableSleepOnExit                         build/stm32g0xx_hal_pwr.o
HAL_PWR_EnableWakeUpPin                           build/stm32g0xx_hal_pwr.o
HAL_PWR_EnterSLEEPMode                            build/stm32g0xx_hal_pwr.o
HAL_PWR_EnterSTANDBYMode                          build/stm32g0xx_hal_pwr.o
HAL_PWR_EnterSTOPMode                             build/stm32g0xx_hal_pwr.o
HAL_RCCEx_DisableLSCO                             build/stm32g0xx_hal_rcc_ex.o
HAL_RCCEx_EnableLSCO                              build/stm32g0xx_hal_rcc_ex.o
HAL_RCCEx_GetPeriphCLKConfig                      build/stm32g0xx_hal_rcc_ex.o
HAL_RCCEx_GetPeriphCLKFreq                        build/stm32g0xx_hal_rcc_ex.o
HAL_RCCEx_PeriphCLKConfig                         build/stm32g0xx_hal_rcc_ex.o
                                                  build/stm32g0xx_hal_msp.o
HAL_RCC_CSSCallback                               build/stm32g0xx_hal_rcc.o
HAL_RCC_ClockConfig                               build/stm32g0xx_hal_rcc.o
                                                  build/main.o
HAL_RCC_DeInit                                    build/stm32g0xx_hal_rcc.o
HAL_RCC_DisableLSECSS                             build/stm32g0xx_hal_rcc.o
HAL_RCC_EnableCSS                                 build/stm32g0xx_hal_rcc.o
HAL_RCC_EnableLSECSS                              build/stm32g0xx_hal_rcc.o
HAL_RCC_GetClockConfig                            build/stm32g0xx_hal_rcc.o
HAL_RCC_GetHCLKFreq                               build/stm32g0xx_hal_rcc.o
HAL_RCC_GetOscConfig                              build/stm32g0xx_hal_rcc.o
HAL_RCC_GetPCLK1Freq                              build/stm32g0xx_hal_rcc.o
                                                  build/stm32g0xx_hal_uart.o
                                                  build/stm32g0xx_hal_rcc_ex.o
HAL_RCC_GetResetSource                            build/stm32g0xx_hal_rcc.o
HAL_RCC_GetSysClockFreq                           build/stm32g0xx_hal_rcc.o
                                                  build/stm32g0xx_hal_uart.o
                                                  build/stm32g0xx_hal_rcc_ex.o
HAL_RCC_LSECSSCallback                            build/stm32g0xx_hal_rcc.o
HAL_RCC_MCOConfig                                 build/stm32g0xx_hal_rcc.o
HAL_RCC_NMI_IRQHandler                            build/stm32g0xx_hal_rcc.o
HAL_RCC_OscConfig                                 build/stm32g0xx_hal_rcc.o
                                                  build/main.o
HAL_RS485Ex_Init                                  build/stm32g0xx_hal_uart_ex.o
HAL_ResumeTick                                    build/stm32g0xx_hal.o
HAL_SYSCFG_DisableIOAnalogSwitchBooster           build/stm32g0xx_hal.o
HAL_SYSCFG_DisableRemap                           build/stm32g0xx_hal.o
HAL_SYSCFG_EnableIOAnalogSwitchBooster            build/stm32g0xx_hal.o
HAL_SYSCFG_EnableRemap                            build/stm32g0xx_hal.o
HAL_SYSCFG_StrobeDBattpinsConfig                  build/stm32g0xx_hal.o
HAL_SYSTICK_CLKSourceConfig                       build/stm32g0xx_hal_cortex.o
HAL_SYSTICK_Callback                              build/stm32g0xx_hal_cortex.o
HAL_SYSTICK_Config                                build/stm32g0xx_hal_cortex.o
                                                  build/stm32g0xx_hal.o
HAL_SYSTICK_IRQHandler                            build/stm32g0xx_hal_cortex.o
HAL_SetTickFreq                                   build/stm32g0xx_hal.o
HAL_SuspendTick                                   build/stm32g0xx_hal.o
HAL_UARTEx_DisableFifoMode                        build/stm32g0xx_hal_uart_ex.o
                                                  build/main.o
HAL_UARTEx_DisableStopMode                        build/stm32g0xx_hal_uart_ex.o
HAL_UARTEx_EnableFifoMode                         build/stm32g0xx_hal_uart_ex.o
HAL_UARTEx_EnableStopMode                         build/stm32g0xx_hal_uart_ex.o
HAL_UARTEx_GetRxEventType                         build/stm32g0xx_hal_uart_ex.o
HAL_UARTEx_ReceiveToIdle                          build/stm32g0xx_hal_uart_ex.o
HAL_UARTEx_ReceiveToIdle_DMA                      build/stm32g0xx_hal_uart_ex.o
HAL_UARTEx_ReceiveToIdle_IT                       build/stm32g0xx_hal_uart_ex.o
HAL_UARTEx_RxEventCallback                        build/stm32g0xx_hal_uart.o
HAL_UARTEx_RxFifoFullCallback                     build/stm32g0xx_hal_uart_ex.o
                                                  build/stm32g0xx_hal_uart.o
HAL_UARTEx_SetRxFifoThreshold                     build/stm32g0xx_hal_uart_ex.o
                                                  build/main.o
HAL_UARTEx_SetTxFifoThreshold                     build/stm32g0xx_hal_uart_ex.o
                                                  build/main.o
HAL_UARTEx_StopModeWakeUpSourceConfig             build/stm32g0xx_hal_uart_ex.o
HAL_UARTEx_TxFifoEmptyCallback                    build/stm32g0xx_hal_uart_ex.o
                                                  build/stm32g0xx_hal_uart.o
HAL_UARTEx_WakeupCallback                         build/stm32g0xx_hal_uart_ex.o
                                                  build/stm32g0xx_hal_uart.o
HAL_UART_Abort                                    build/stm32g0xx_hal_uart.o
HAL_UART_AbortCpltCallback                        build/stm32g0xx_hal_uart.o
HAL_UART_AbortReceive                             build/stm32g0xx_hal_uart.o
HAL_UART_AbortReceiveCpltCallback                 build/stm32g0xx_hal_uart.o
HAL_UART_AbortReceive_IT                          build/stm32g0xx_hal_uart.o
HAL_UART_AbortTransmit                            build/stm32g0xx_hal_uart.o
HAL_UART_AbortTransmitCpltCallback                build/stm32g0xx_hal_uart.o
HAL_UART_AbortTransmit_IT                         build/stm32g0xx_hal_uart.o
HAL_UART_Abort_IT                                 build/stm32g0xx_hal_uart.o
HAL_UART_DMAPause                                 build/stm32g0xx_hal_uart.o
HAL_UART_DMAResume                                build/stm32g0xx_hal_uart.o
HAL_UART_DMAStop                                  build/stm32g0xx_hal_uart.o
HAL_UART_DeInit                                   build/stm32g0xx_hal_uart.o
HAL_UART_DisableReceiverTimeout                   build/stm32g0xx_hal_uart.o
HAL_UART_EnableReceiverTimeout                    build/stm32g0xx_hal_uart.o
HAL_UART_ErrorCallback                            build/stm32g0xx_hal_uart.o
HAL_UART_GetError                                 build/stm32g0xx_hal_uart.o
HAL_UART_GetState                                 build/stm32g0xx_hal_uart.o
HAL_UART_IRQHandler                               build/stm32g0xx_hal_uart.o
HAL_UART_Init                                     build/stm32g0xx_hal_uart.o
                                                  build/main.o
HAL_UART_MspDeInit                                build/stm32g0xx_hal_msp.o
HAL_UART_MspInit                                  build/stm32g0xx_hal_msp.o
                                                  build/stm32g0xx_hal_uart_ex.o
HAL_UART_Receive                                  build/stm32g0xx_hal_uart.o
HAL_UART_Receive_DMA                              build/stm32g0xx_hal_uart.o
HAL_UART_Receive_IT                               build/stm32g0xx_hal_uart.o
HAL_UART_ReceiverTimeout_Config                   build/stm32g0xx_hal_uart.o
HAL_UART_RxCpltCallback                           build/stm32g0xx_hal_uart.o
HAL_UART_RxHalfCpltCallback                       build/stm32g0xx_hal_uart.o
HAL_UART_Transmit                                 build/stm32g0xx_hal_uart.o
HAL_UART_Transmit_DMA                             build/stm32g0xx_hal_uart.o
HAL_UART_Transmit_IT                              build/stm32g0xx_hal_uart.o
HAL_UART_TxCpltCallback                           build/stm32g0xx_hal_uart.o
HAL_UART_TxHalfCpltCallback                       build/stm32g0xx_hal_uart.o
HardFault_Handler                                 build/stm32g0xx_it.o
I2C1_IRQHandler                                   build/startup_stm32g070xx.o
I2C2_IRQHandler                                   build/startup_stm32g070xx.o
NMI_Handler                                       build/stm32g0xx_it.o
PendSV_Handler                                    build/stm32g0xx_it.o
RCC_IRQHandler                                    build/startup_stm32g070xx.o
RTC_TAMP_IRQHandler                               build/startup_stm32g070xx.o
Reset_Handler                                     build/startup_stm32g070xx.o
SPI1_IRQHandler                                   build/startup_stm32g070xx.o
SPI2_IRQHandler                                   build/startup_stm32g070xx.o
SVC_Handler                                       build/stm32g0xx_it.o
SysTick_Handler                                   build/stm32g0xx_it.o
SystemClock_Config                                build/main.o
SystemCoreClock                                   build/system_stm32g0xx.o
                                                  build/stm32g0xx_hal_rcc.o
                                                  build/stm32g0xx_hal_pwr_ex.o
                                                  build/stm32g0xx_hal.o
SystemCoreClockUpdate                             build/system_stm32g0xx.o
SystemInit                                        build/system_stm32g0xx.o
                                                  build/startup_stm32g070xx.o
TIM14_IRQHandler                                  build/startup_stm32g070xx.o
TIM15_IRQHandler                                  build/startup_stm32g070xx.o
TIM16_IRQHandler                                  build/startup_stm32g070xx.o
TIM17_IRQHandler                                  build/startup_stm32g070xx.o
TIM1_BRK_UP_TRG_COM_IRQHandler                    build/startup_stm32g070xx.o
TIM1_CC_IRQHandler                                build/startup_stm32g070xx.o
TIM3_IRQHandler                                   build/startup_stm32g070xx.o
TIM6_IRQHandler                                   build/startup_stm32g070xx.o
TIM7_IRQHandler                                   build/startup_stm32g070xx.o
UARTPrescTable                                    build/stm32g0xx_hal_uart.o
UART_AdvFeatureConfig                             build/stm32g0xx_hal_uart.o
                                                  build/stm32g0xx_hal_uart_ex.o
UART_CheckIdleState                               build/stm32g0xx_hal_uart.o
                                                  build/stm32g0xx_hal_uart_ex.o
UART_SetConfig                                    build/stm32g0xx_hal_uart.o
                                                  build/stm32g0xx_hal_uart_ex.o
UART_Start_Receive_DMA                            build/stm32g0xx_hal_uart.o
                                                  build/stm32g0xx_hal_uart_ex.o
UART_Start_Receive_IT                             build/stm32g0xx_hal_uart.o
                                                  build/stm32g0xx_hal_uart_ex.o
UART_WaitOnFlagUntilTimeout                       build/stm32g0xx_hal_uart.o
                                                  build/stm32g0xx_hal_uart_ex.o
USART1_IRQHandler                                 build/startup_stm32g070xx.o
USART2_IRQHandler                                 build/startup_stm32g070xx.o
USART3_4_IRQHandler                               build/startup_stm32g070xx.o
WWDG_IRQHandler                                   build/startup_stm32g070xx.o
_Min_Stack_Size                                   build/sysmem.o
__aeabi_idiv                                      c:/msys64/mingw64/bin/../lib/gcc/arm-none-eabi/12.2.0/thumb/v6-m/nofp\libgcc.a(_divsi3.o)
                                                  build/stm32g0xx_hal_uart_ex.o
__aeabi_idiv0                                     c:/msys64/mingw64/bin/../lib/gcc/arm-none-eabi/12.2.0/thumb/v6-m/nofp\libgcc.a(_dvmd_tls.o)
                                                  c:/msys64/mingw64/bin/../lib/gcc/arm-none-eabi/12.2.0/thumb/v6-m/nofp\libgcc.a(_divsi3.o)
                                                  c:/msys64/mingw64/bin/../lib/gcc/arm-none-eabi/12.2.0/thumb/v6-m/nofp\libgcc.a(_udivsi3.o)
__aeabi_idivmod                                   c:/msys64/mingw64/bin/../lib/gcc/arm-none-eabi/12.2.0/thumb/v6-m/nofp\libgcc.a(_divsi3.o)
__aeabi_ldiv0                                     c:/msys64/mingw64/bin/../lib/gcc/arm-none-eabi/12.2.0/thumb/v6-m/nofp\libgcc.a(_dvmd_tls.o)
__aeabi_uidiv                                     c:/msys64/mingw64/bin/../lib/gcc/arm-none-eabi/12.2.0/thumb/v6-m/nofp\libgcc.a(_udivsi3.o)
                                                  build/stm32g0xx_hal_uart.o
                                                  build/stm32g0xx_hal_rcc_ex.o
                                                  build/stm32g0xx_hal_rcc.o
                                                  build/stm32g0xx_hal_pwr_ex.o
                                                  build/stm32g0xx_hal_dma.o
                                                  build/stm32g0xx_hal.o
                                                  build/system_stm32g0xx.o
__aeabi_uidivmod                                  c:/msys64/mingw64/bin/../lib/gcc/arm-none-eabi/12.2.0/thumb/v6-m/nofp\libgcc.a(_udivsi3.o)
__atexit                                          c:/msys64/mingw64/bin/../lib/gcc/arm-none-eabi/12.2.0/../../../../arm-none-eabi/lib/thumb/v6-m/nofp\libc_nano.a(libc_a-__call_atexit.o)
                                                  c:/msys64/mingw64/bin/../lib/gcc/arm-none-eabi/12.2.0/../../../../arm-none-eabi/lib/thumb/v6-m/nofp\libc_nano.a(libc_a-__atexit.o)
__atexit0                                         c:/msys64/mingw64/bin/../lib/gcc/arm-none-eabi/12.2.0/../../../../arm-none-eabi/lib/thumb/v6-m/nofp\libc_nano.a(libc_a-__atexit.o)
__atexit_dummy                                    c:/msys64/mingw64/bin/../lib/gcc/arm-none-eabi/12.2.0/../../../../arm-none-eabi/lib/thumb/v6-m/nofp\libc_nano.a(libc_a-__atexit.o)
__atexit_recursive_mutex                          c:/msys64/mingw64/bin/../lib/gcc/arm-none-eabi/12.2.0/../../../../arm-none-eabi/lib/thumb/v6-m/nofp\libc_nano.a(libc_a-__call_atexit.o)
                                                  c:/msys64/mingw64/bin/../lib/gcc/arm-none-eabi/12.2.0/../../../../arm-none-eabi/lib/thumb/v6-m/nofp\libc_nano.a(libc_a-__atexit.o)
__bss_end__                                       c:/msys64/mingw64/bin/../lib/gcc/arm-none-eabi/12.2.0/../../../../arm-none-eabi/lib/thumb/v6-m/nofp/crt0.o
__bss_start__                                     c:/msys64/mingw64/bin/../lib/gcc/arm-none-eabi/12.2.0/../../../../arm-none-eabi/lib/thumb/v6-m/nofp/crt0.o
__call_exitprocs                                  c:/msys64/mingw64/bin/../lib/gcc/arm-none-eabi/12.2.0/../../../../arm-none-eabi/lib/thumb/v6-m/nofp\libc_nano.a(libc_a-__call_atexit.o)
                                                  c:/msys64/mingw64/bin/../lib/gcc/arm-none-eabi/12.2.0/../../../../arm-none-eabi/lib/thumb/v6-m/nofp\libc_nano.a(libc_a-__atexit.o)
                                                  c:/msys64/mingw64/bin/../lib/gcc/arm-none-eabi/12.2.0/../../../../arm-none-eabi/lib/thumb/v6-m/nofp\libc_nano.a(libc_a-exit.o)
__deregister_frame_info                           c:/msys64/mingw64/bin/../lib/gcc/arm-none-eabi/12.2.0/thumb/v6-m/nofp/crtbegin.o
__divsi3                                          c:/msys64/mingw64/bin/../lib/gcc/arm-none-eabi/12.2.0/thumb/v6-m/nofp\libgcc.a(_divsi3.o)
__dso_handle                                      c:/msys64/mingw64/bin/../lib/gcc/arm-none-eabi/12.2.0/thumb/v6-m/nofp/crtbegin.o
__env                                             build/syscalls.o
__errno                                           c:/msys64/mingw64/bin/../lib/gcc/arm-none-eabi/12.2.0/../../../../arm-none-eabi/lib/thumb/v6-m/nofp\libc_nano.a(libc_a-errno.o)
                                                  build/sysmem.o
                                                  build/syscalls.o
__fini_array_end                                  c:/msys64/mingw64/bin/../lib/gcc/arm-none-eabi/12.2.0/../../../../arm-none-eabi/lib/thumb/v6-m/nofp\libc_nano.a(libc_a-fini.o)
__fini_array_start                                c:/msys64/mingw64/bin/../lib/gcc/arm-none-eabi/12.2.0/../../../../arm-none-eabi/lib/thumb/v6-m/nofp\libc_nano.a(libc_a-fini.o)
__fp_lock_all                                     c:/msys64/mingw64/bin/../lib/gcc/arm-none-eabi/12.2.0/../../../../arm-none-eabi/lib/thumb/v6-m/nofp\libc_nano.a(libc_a-findfp.o)
__fp_unlock_all                                   c:/msys64/mingw64/bin/../lib/gcc/arm-none-eabi/12.2.0/../../../../arm-none-eabi/lib/thumb/v6-m/nofp\libc_nano.a(libc_a-findfp.o)
__init_array_end                                  c:/msys64/mingw64/bin/../lib/gcc/arm-none-eabi/12.2.0/../../../../arm-none-eabi/lib/thumb/v6-m/nofp\libc_nano.a(libc_a-init.o)
__init_array_start                                c:/msys64/mingw64/bin/../lib/gcc/arm-none-eabi/12.2.0/../../../../arm-none-eabi/lib/thumb/v6-m/nofp\libc_nano.a(libc_a-init.o)
__io_getchar                                      build/syscalls.o
__io_putchar                                      build/syscalls.o
__libc_fini_array                                 c:/msys64/mingw64/bin/../lib/gcc/arm-none-eabi/12.2.0/../../../../arm-none-eabi/lib/thumb/v6-m/nofp\libc_nano.a(libc_a-fini.o)
                                                  c:/msys64/mingw64/bin/../lib/gcc/arm-none-eabi/12.2.0/../../../../arm-none-eabi/lib/thumb/v6-m/nofp/crt0.o
__libc_init_array                                 c:/msys64/mingw64/bin/../lib/gcc/arm-none-eabi/12.2.0/../../../../arm-none-eabi/lib/thumb/v6-m/nofp\libc_nano.a(libc_a-init.o)
                                                  build/startup_stm32g070xx.o
                                                  c:/msys64/mingw64/bin/../lib/gcc/arm-none-eabi/12.2.0/../../../../arm-none-eabi/lib/thumb/v6-m/nofp/crt0.o
__lock___arc4random_mutex                         c:/msys64/mingw64/bin/../lib/gcc/arm-none-eabi/12.2.0/../../../../arm-none-eabi/lib/thumb/v6-m/nofp\libc_nano.a(libc_a-lock.o)
__lock___at_quick_exit_mutex                      c:/msys64/mingw64/bin/../lib/gcc/arm-none-eabi/12.2.0/../../../../arm-none-eabi/lib/thumb/v6-m/nofp\libc_nano.a(libc_a-lock.o)
__lock___atexit_recursive_mutex                   c:/msys64/mingw64/bin/../lib/gcc/arm-none-eabi/12.2.0/../../../../arm-none-eabi/lib/thumb/v6-m/nofp\libc_nano.a(libc_a-lock.o)
                                                  c:/msys64/mingw64/bin/../lib/gcc/arm-none-eabi/12.2.0/../../../../arm-none-eabi/lib/thumb/v6-m/nofp\libc_nano.a(libc_a-__call_atexit.o)
__lock___dd_hash_mutex                            c:/msys64/mingw64/bin/../lib/gcc/arm-none-eabi/12.2.0/../../../../arm-none-eabi/lib/thumb/v6-m/nofp\libc_nano.a(libc_a-lock.o)
__lock___env_recursive_mutex                      c:/msys64/mingw64/bin/../lib/gcc/arm-none-eabi/12.2.0/../../../../arm-none-eabi/lib/thumb/v6-m/nofp\libc_nano.a(libc_a-lock.o)
__lock___malloc_recursive_mutex                   c:/msys64/mingw64/bin/../lib/gcc/arm-none-eabi/12.2.0/../../../../arm-none-eabi/lib/thumb/v6-m/nofp\libc_nano.a(libc_a-lock.o)
                                                  c:/msys64/mingw64/bin/../lib/gcc/arm-none-eabi/12.2.0/../../../../arm-none-eabi/lib/thumb/v6-m/nofp\libc_nano.a(libc_a-mlock.o)
__lock___sfp_recursive_mutex                      c:/msys64/mingw64/bin/../lib/gcc/arm-none-eabi/12.2.0/../../../../arm-none-eabi/lib/thumb/v6-m/nofp\libc_nano.a(libc_a-lock.o)
                                                  c:/msys64/mingw64/bin/../lib/gcc/arm-none-eabi/12.2.0/../../../../arm-none-eabi/lib/thumb/v6-m/nofp\libc_nano.a(libc_a-findfp.o)
__lock___tz_mutex                                 c:/msys64/mingw64/bin/../lib/gcc/arm-none-eabi/12.2.0/../../../../arm-none-eabi/lib/thumb/v6-m/nofp\libc_nano.a(libc_a-lock.o)
__malloc_free_list                                c:/msys64/mingw64/bin/../lib/gcc/arm-none-eabi/12.2.0/../../../../arm-none-eabi/lib/thumb/v6-m/nofp\libc_nano.a(libc_a-mallocr.o)
                                                  c:/msys64/mingw64/bin/../lib/gcc/arm-none-eabi/12.2.0/../../../../arm-none-eabi/lib/thumb/v6-m/nofp\libc_nano.a(libc_a-freer.o)
__malloc_lock                                     c:/msys64/mingw64/bin/../lib/gcc/arm-none-eabi/12.2.0/../../../../arm-none-eabi/lib/thumb/v6-m/nofp\libc_nano.a(libc_a-mlock.o)
                                                  c:/msys64/mingw64/bin/../lib/gcc/arm-none-eabi/12.2.0/../../../../arm-none-eabi/lib/thumb/v6-m/nofp\libc_nano.a(libc_a-mallocr.o)
                                                  c:/msys64/mingw64/bin/../lib/gcc/arm-none-eabi/12.2.0/../../../../arm-none-eabi/lib/thumb/v6-m/nofp\libc_nano.a(libc_a-freer.o)
__malloc_sbrk_start                               c:/msys64/mingw64/bin/../lib/gcc/arm-none-eabi/12.2.0/../../../../arm-none-eabi/lib/thumb/v6-m/nofp\libc_nano.a(libc_a-mallocr.o)
__malloc_unlock                                   c:/msys64/mingw64/bin/../lib/gcc/arm-none-eabi/12.2.0/../../../../arm-none-eabi/lib/thumb/v6-m/nofp\libc_nano.a(libc_a-mlock.o)
                                                  c:/msys64/mingw64/bin/../lib/gcc/arm-none-eabi/12.2.0/../../../../arm-none-eabi/lib/thumb/v6-m/nofp\libc_nano.a(libc_a-mallocr.o)
                                                  c:/msys64/mingw64/bin/../lib/gcc/arm-none-eabi/12.2.0/../../../../arm-none-eabi/lib/thumb/v6-m/nofp\libc_nano.a(libc_a-freer.o)
__on_exit_args                                    c:/msys64/mingw64/bin/../lib/gcc/arm-none-eabi/12.2.0/../../../../arm-none-eabi/lib/thumb/v6-m/nofp\libc_nano.a(libc_a-__atexit.o)
__preinit_array_end                               c:/msys64/mingw64/bin/../lib/gcc/arm-none-eabi/12.2.0/../../../../arm-none-eabi/lib/thumb/v6-m/nofp\libc_nano.a(libc_a-init.o)
__preinit_array_start                             c:/msys64/mingw64/bin/../lib/gcc/arm-none-eabi/12.2.0/../../../../arm-none-eabi/lib/thumb/v6-m/nofp\libc_nano.a(libc_a-init.o)
__register_exitproc                               c:/msys64/mingw64/bin/../lib/gcc/arm-none-eabi/12.2.0/../../../../arm-none-eabi/lib/thumb/v6-m/nofp\libc_nano.a(libc_a-__atexit.o)
                                                  c:/msys64/mingw64/bin/../lib/gcc/arm-none-eabi/12.2.0/../../../../arm-none-eabi/lib/thumb/v6-m/nofp\libc_nano.a(libc_a-atexit.o)
__register_frame_info                             c:/msys64/mingw64/bin/../lib/gcc/arm-none-eabi/12.2.0/thumb/v6-m/nofp/crtbegin.o
__retarget_lock_acquire                           c:/msys64/mingw64/bin/../lib/gcc/arm-none-eabi/12.2.0/../../../../arm-none-eabi/lib/thumb/v6-m/nofp\libc_nano.a(libc_a-lock.o)
__retarget_lock_acquire_recursive                 c:/msys64/mingw64/bin/../lib/gcc/arm-none-eabi/12.2.0/../../../../arm-none-eabi/lib/thumb/v6-m/nofp\libc_nano.a(libc_a-lock.o)
                                                  c:/msys64/mingw64/bin/../lib/gcc/arm-none-eabi/12.2.0/../../../../arm-none-eabi/lib/thumb/v6-m/nofp\libc_nano.a(libc_a-fflush.o)
                                                  c:/msys64/mingw64/bin/../lib/gcc/arm-none-eabi/12.2.0/../../../../arm-none-eabi/lib/thumb/v6-m/nofp\libc_nano.a(libc_a-mlock.o)
                                                  c:/msys64/mingw64/bin/../lib/gcc/arm-none-eabi/12.2.0/../../../../arm-none-eabi/lib/thumb/v6-m/nofp\libc_nano.a(libc_a-__call_atexit.o)
                                                  c:/msys64/mingw64/bin/../lib/gcc/arm-none-eabi/12.2.0/../../../../arm-none-eabi/lib/thumb/v6-m/nofp\libc_nano.a(libc_a-__atexit.o)
                                                  c:/msys64/mingw64/bin/../lib/gcc/arm-none-eabi/12.2.0/../../../../arm-none-eabi/lib/thumb/v6-m/nofp\libc_nano.a(libc_a-findfp.o)
__retarget_lock_close                             c:/msys64/mingw64/bin/../lib/gcc/arm-none-eabi/12.2.0/../../../../arm-none-eabi/lib/thumb/v6-m/nofp\libc_nano.a(libc_a-lock.o)
__retarget_lock_close_recursive                   c:/msys64/mingw64/bin/../lib/gcc/arm-none-eabi/12.2.0/../../../../arm-none-eabi/lib/thumb/v6-m/nofp\libc_nano.a(libc_a-lock.o)
__retarget_lock_init                              c:/msys64/mingw64/bin/../lib/gcc/arm-none-eabi/12.2.0/../../../../arm-none-eabi/lib/thumb/v6-m/nofp\libc_nano.a(libc_a-lock.o)
__retarget_lock_init_recursive                    c:/msys64/mingw64/bin/../lib/gcc/arm-none-eabi/12.2.0/../../../../arm-none-eabi/lib/thumb/v6-m/nofp\libc_nano.a(libc_a-lock.o)
                                                  c:/msys64/mingw64/bin/../lib/gcc/arm-none-eabi/12.2.0/../../../../arm-none-eabi/lib/thumb/v6-m/nofp\libc_nano.a(libc_a-findfp.o)
__retarget_lock_release                           c:/msys64/mingw64/bin/../lib/gcc/arm-none-eabi/12.2.0/../../../../arm-none-eabi/lib/thumb/v6-m/nofp\libc_nano.a(libc_a-lock.o)
__retarget_lock_release_recursive                 c:/msys64/mingw64/bin/../lib/gcc/arm-none-eabi/12.2.0/../../../../arm-none-eabi/lib/thumb/v6-m/nofp\libc_nano.a(libc_a-lock.o)
                                                  c:/msys64/mingw64/bin/../lib/gcc/arm-none-eabi/12.2.0/../../../../arm-none-eabi/lib/thumb/v6-m/nofp\libc_nano.a(libc_a-fflush.o)
                                                  c:/msys64/mingw64/bin/../lib/gcc/arm-none-eabi/12.2.0/../../../../arm-none-eabi/lib/thumb/v6-m/nofp\libc_nano.a(libc_a-mlock.o)
                                                  c:/msys64/mingw64/bin/../lib/gcc/arm-none-eabi/12.2.0/../../../../arm-none-eabi/lib/thumb/v6-m/nofp\libc_nano.a(libc_a-__call_atexit.o)
                                                  c:/msys64/mingw64/bin/../lib/gcc/arm-none-eabi/12.2.0/../../../../arm-none-eabi/lib/thumb/v6-m/nofp\libc_nano.a(libc_a-__atexit.o)
                                                  c:/msys64/mingw64/bin/../lib/gcc/arm-none-eabi/12.2.0/../../../../arm-none-eabi/lib/thumb/v6-m/nofp\libc_nano.a(libc_a-findfp.o)
__retarget_lock_try_acquire                       c:/msys64/mingw64/bin/../lib/gcc/arm-none-eabi/12.2.0/../../../../arm-none-eabi/lib/thumb/v6-m/nofp\libc_nano.a(libc_a-lock.o)
__retarget_lock_try_acquire_recursive             c:/msys64/mingw64/bin/../lib/gcc/arm-none-eabi/12.2.0/../../../../arm-none-eabi/lib/thumb/v6-m/nofp\libc_nano.a(libc_a-lock.o)
__sclose                                          c:/msys64/mingw64/bin/../lib/gcc/arm-none-eabi/12.2.0/../../../../arm-none-eabi/lib/thumb/v6-m/nofp\libc_nano.a(libc_a-stdio.o)
                                                  c:/msys64/mingw64/bin/../lib/gcc/arm-none-eabi/12.2.0/../../../../arm-none-eabi/lib/thumb/v6-m/nofp\libc_nano.a(libc_a-findfp.o)
__seofread                                        c:/msys64/mingw64/bin/../lib/gcc/arm-none-eabi/12.2.0/../../../../arm-none-eabi/lib/thumb/v6-m/nofp\libc_nano.a(libc_a-stdio.o)
__sf                                              c:/msys64/mingw64/bin/../lib/gcc/arm-none-eabi/12.2.0/../../../../arm-none-eabi/lib/thumb/v6-m/nofp\libc_nano.a(libc_a-findfp.o)
                                                  c:/msys64/mingw64/bin/../lib/gcc/arm-none-eabi/12.2.0/../../../../arm-none-eabi/lib/thumb/v6-m/nofp\libc_nano.a(libc_a-impure.o)
__sflush_r                                        c:/msys64/mingw64/bin/../lib/gcc/arm-none-eabi/12.2.0/../../../../arm-none-eabi/lib/thumb/v6-m/nofp\libc_nano.a(libc_a-fflush.o)
__sfp                                             c:/msys64/mingw64/bin/../lib/gcc/arm-none-eabi/12.2.0/../../../../arm-none-eabi/lib/thumb/v6-m/nofp\libc_nano.a(libc_a-findfp.o)
__sfp_lock_acquire                                c:/msys64/mingw64/bin/../lib/gcc/arm-none-eabi/12.2.0/../../../../arm-none-eabi/lib/thumb/v6-m/nofp\libc_nano.a(libc_a-findfp.o)
__sfp_lock_release                                c:/msys64/mingw64/bin/../lib/gcc/arm-none-eabi/12.2.0/../../../../arm-none-eabi/lib/thumb/v6-m/nofp\libc_nano.a(libc_a-findfp.o)
__sglue                                           c:/msys64/mingw64/bin/../lib/gcc/arm-none-eabi/12.2.0/../../../../arm-none-eabi/lib/thumb/v6-m/nofp\libc_nano.a(libc_a-findfp.o)
                                                  c:/msys64/mingw64/bin/../lib/gcc/arm-none-eabi/12.2.0/../../../../arm-none-eabi/lib/thumb/v6-m/nofp\libc_nano.a(libc_a-fflush.o)
__sinit                                           c:/msys64/mingw64/bin/../lib/gcc/arm-none-eabi/12.2.0/../../../../arm-none-eabi/lib/thumb/v6-m/nofp\libc_nano.a(libc_a-findfp.o)
                                                  c:/msys64/mingw64/bin/../lib/gcc/arm-none-eabi/12.2.0/../../../../arm-none-eabi/lib/thumb/v6-m/nofp\libc_nano.a(libc_a-fflush.o)
__sread                                           c:/msys64/mingw64/bin/../lib/gcc/arm-none-eabi/12.2.0/../../../../arm-none-eabi/lib/thumb/v6-m/nofp\libc_nano.a(libc_a-stdio.o)
                                                  c:/msys64/mingw64/bin/../lib/gcc/arm-none-eabi/12.2.0/../../../../arm-none-eabi/lib/thumb/v6-m/nofp\libc_nano.a(libc_a-findfp.o)
__sseek                                           c:/msys64/mingw64/bin/../lib/gcc/arm-none-eabi/12.2.0/../../../../arm-none-eabi/lib/thumb/v6-m/nofp\libc_nano.a(libc_a-stdio.o)
                                                  c:/msys64/mingw64/bin/../lib/gcc/arm-none-eabi/12.2.0/../../../../arm-none-eabi/lib/thumb/v6-m/nofp\libc_nano.a(libc_a-findfp.o)
__stack                                           c:/msys64/mingw64/bin/../lib/gcc/arm-none-eabi/12.2.0/../../../../arm-none-eabi/lib/thumb/v6-m/nofp/crt0.o
__stdio_exit_handler                              c:/msys64/mingw64/bin/../lib/gcc/arm-none-eabi/12.2.0/../../../../arm-none-eabi/lib/thumb/v6-m/nofp\libc_nano.a(libc_a-findfp.o)
                                                  c:/msys64/mingw64/bin/../lib/gcc/arm-none-eabi/12.2.0/../../../../arm-none-eabi/lib/thumb/v6-m/nofp\libc_nano.a(libc_a-exit.o)
__swrite                                          c:/msys64/mingw64/bin/../lib/gcc/arm-none-eabi/12.2.0/../../../../arm-none-eabi/lib/thumb/v6-m/nofp\libc_nano.a(libc_a-stdio.o)
                                                  c:/msys64/mingw64/bin/../lib/gcc/arm-none-eabi/12.2.0/../../../../arm-none-eabi/lib/thumb/v6-m/nofp\libc_nano.a(libc_a-findfp.o)
__udivsi3                                         c:/msys64/mingw64/bin/../lib/gcc/arm-none-eabi/12.2.0/thumb/v6-m/nofp\libgcc.a(_udivsi3.o)
_close                                            build/syscalls.o
                                                  c:/msys64/mingw64/bin/../lib/gcc/arm-none-eabi/12.2.0/../../../../arm-none-eabi/lib/thumb/v6-m/nofp\libc_nano.a(libc_a-closer.o)
_close_r                                          c:/msys64/mingw64/bin/../lib/gcc/arm-none-eabi/12.2.0/../../../../arm-none-eabi/lib/thumb/v6-m/nofp\libc_nano.a(libc_a-closer.o)
                                                  c:/msys64/mingw64/bin/../lib/gcc/arm-none-eabi/12.2.0/../../../../arm-none-eabi/lib/thumb/v6-m/nofp\libc_nano.a(libc_a-stdio.o)
_ebss                                             build/startup_stm32g070xx.o
_edata                                            build/startup_stm32g070xx.o
_end                                              build/sysmem.o
_estack                                           build/startup_stm32g070xx.o
                                                  build/sysmem.o
_execve                                           build/syscalls.o
_exit                                             build/syscalls.o
                                                  c:/msys64/mingw64/bin/../lib/gcc/arm-none-eabi/12.2.0/../../../../arm-none-eabi/lib/thumb/v6-m/nofp\libc_nano.a(libc_a-exit.o)
_fflush_r                                         c:/msys64/mingw64/bin/../lib/gcc/arm-none-eabi/12.2.0/../../../../arm-none-eabi/lib/thumb/v6-m/nofp\libc_nano.a(libc_a-fflush.o)
                                                  c:/msys64/mingw64/bin/../lib/gcc/arm-none-eabi/12.2.0/../../../../arm-none-eabi/lib/thumb/v6-m/nofp\libc_nano.a(libc_a-findfp.o)
_fini                                             c:/msys64/mingw64/bin/../lib/gcc/arm-none-eabi/12.2.0/thumb/v6-m/nofp/crti.o
                                                  c:/msys64/mingw64/bin/../lib/gcc/arm-none-eabi/12.2.0/../../../../arm-none-eabi/lib/thumb/v6-m/nofp\libc_nano.a(libc_a-fini.o)
_fork                                             build/syscalls.o
_free_r                                           c:/msys64/mingw64/bin/../lib/gcc/arm-none-eabi/12.2.0/../../../../arm-none-eabi/lib/thumb/v6-m/nofp\libc_nano.a(libc_a-freer.o)
                                                  c:/msys64/mingw64/bin/../lib/gcc/arm-none-eabi/12.2.0/../../../../arm-none-eabi/lib/thumb/v6-m/nofp\libc_nano.a(libc_a-fflush.o)
                                                  c:/msys64/mingw64/bin/../lib/gcc/arm-none-eabi/12.2.0/../../../../arm-none-eabi/lib/thumb/v6-m/nofp\libc_nano.a(libc_a-reent.o)
_fstat                                            build/syscalls.o
_fwalk_sglue                                      c:/msys64/mingw64/bin/../lib/gcc/arm-none-eabi/12.2.0/../../../../arm-none-eabi/lib/thumb/v6-m/nofp\libc_nano.a(libc_a-fwalk.o)
                                                  c:/msys64/mingw64/bin/../lib/gcc/arm-none-eabi/12.2.0/../../../../arm-none-eabi/lib/thumb/v6-m/nofp\libc_nano.a(libc_a-fflush.o)
                                                  c:/msys64/mingw64/bin/../lib/gcc/arm-none-eabi/12.2.0/../../../../arm-none-eabi/lib/thumb/v6-m/nofp\libc_nano.a(libc_a-findfp.o)
_getpid                                           build/syscalls.o
_impure_data                                      c:/msys64/mingw64/bin/../lib/gcc/arm-none-eabi/12.2.0/../../../../arm-none-eabi/lib/thumb/v6-m/nofp\libc_nano.a(libc_a-impure.o)
                                                  c:/msys64/mingw64/bin/../lib/gcc/arm-none-eabi/12.2.0/../../../../arm-none-eabi/lib/thumb/v6-m/nofp\libc_nano.a(libc_a-fflush.o)
                                                  c:/msys64/mingw64/bin/../lib/gcc/arm-none-eabi/12.2.0/../../../../arm-none-eabi/lib/thumb/v6-m/nofp\libc_nano.a(libc_a-findfp.o)
_impure_ptr                                       c:/msys64/mingw64/bin/../lib/gcc/arm-none-eabi/12.2.0/../../../../arm-none-eabi/lib/thumb/v6-m/nofp\libc_nano.a(libc_a-impure.o)
                                                  c:/msys64/mingw64/bin/../lib/gcc/arm-none-eabi/12.2.0/../../../../arm-none-eabi/lib/thumb/v6-m/nofp\libc_nano.a(libc_a-fflush.o)
                                                  c:/msys64/mingw64/bin/../lib/gcc/arm-none-eabi/12.2.0/../../../../arm-none-eabi/lib/thumb/v6-m/nofp\libc_nano.a(libc_a-errno.o)
                                                  c:/msys64/mingw64/bin/../lib/gcc/arm-none-eabi/12.2.0/../../../../arm-none-eabi/lib/thumb/v6-m/nofp\libc_nano.a(libc_a-reent.o)
_init                                             c:/msys64/mingw64/bin/../lib/gcc/arm-none-eabi/12.2.0/thumb/v6-m/nofp/crti.o
                                                  c:/msys64/mingw64/bin/../lib/gcc/arm-none-eabi/12.2.0/../../../../arm-none-eabi/lib/thumb/v6-m/nofp\libc_nano.a(libc_a-init.o)
_isatty                                           build/syscalls.o
_kill                                             build/syscalls.o
_link                                             build/syscalls.o
_lseek                                            build/syscalls.o
                                                  c:/msys64/mingw64/bin/../lib/gcc/arm-none-eabi/12.2.0/../../../../arm-none-eabi/lib/thumb/v6-m/nofp\libc_nano.a(libc_a-lseekr.o)
_lseek_r                                          c:/msys64/mingw64/bin/../lib/gcc/arm-none-eabi/12.2.0/../../../../arm-none-eabi/lib/thumb/v6-m/nofp\libc_nano.a(libc_a-lseekr.o)
                                                  c:/msys64/mingw64/bin/../lib/gcc/arm-none-eabi/12.2.0/../../../../arm-none-eabi/lib/thumb/v6-m/nofp\libc_nano.a(libc_a-stdio.o)
_mainCRTStartup                                   c:/msys64/mingw64/bin/../lib/gcc/arm-none-eabi/12.2.0/../../../../arm-none-eabi/lib/thumb/v6-m/nofp/crt0.o
_malloc_r                                         c:/msys64/mingw64/bin/../lib/gcc/arm-none-eabi/12.2.0/../../../../arm-none-eabi/lib/thumb/v6-m/nofp\libc_nano.a(libc_a-mallocr.o)
                                                  c:/msys64/mingw64/bin/../lib/gcc/arm-none-eabi/12.2.0/../../../../arm-none-eabi/lib/thumb/v6-m/nofp\libc_nano.a(libc_a-findfp.o)
_open                                             build/syscalls.o
_read                                             build/syscalls.o
                                                  c:/msys64/mingw64/bin/../lib/gcc/arm-none-eabi/12.2.0/../../../../arm-none-eabi/lib/thumb/v6-m/nofp\libc_nano.a(libc_a-readr.o)
_read_r                                           c:/msys64/mingw64/bin/../lib/gcc/arm-none-eabi/12.2.0/../../../../arm-none-eabi/lib/thumb/v6-m/nofp\libc_nano.a(libc_a-readr.o)
                                                  c:/msys64/mingw64/bin/../lib/gcc/arm-none-eabi/12.2.0/../../../../arm-none-eabi/lib/thumb/v6-m/nofp\libc_nano.a(libc_a-stdio.o)
_reclaim_reent                                    c:/msys64/mingw64/bin/../lib/gcc/arm-none-eabi/12.2.0/../../../../arm-none-eabi/lib/thumb/v6-m/nofp\libc_nano.a(libc_a-reent.o)
_sbrk                                             build/sysmem.o
                                                  c:/msys64/mingw64/bin/../lib/gcc/arm-none-eabi/12.2.0/../../../../arm-none-eabi/lib/thumb/v6-m/nofp\libc_nano.a(libc_a-sbrkr.o)
_sbrk_r                                           c:/msys64/mingw64/bin/../lib/gcc/arm-none-eabi/12.2.0/../../../../arm-none-eabi/lib/thumb/v6-m/nofp\libc_nano.a(libc_a-sbrkr.o)
                                                  c:/msys64/mingw64/bin/../lib/gcc/arm-none-eabi/12.2.0/../../../../arm-none-eabi/lib/thumb/v6-m/nofp\libc_nano.a(libc_a-mallocr.o)
_sbss                                             build/startup_stm32g070xx.o
_sdata                                            build/startup_stm32g070xx.o
_sidata                                           build/startup_stm32g070xx.o
_stack_init                                       c:/msys64/mingw64/bin/../lib/gcc/arm-none-eabi/12.2.0/../../../../arm-none-eabi/lib/thumb/v6-m/nofp/crt0.o
_start                                            c:/msys64/mingw64/bin/../lib/gcc/arm-none-eabi/12.2.0/../../../../arm-none-eabi/lib/thumb/v6-m/nofp/crt0.o
_stat                                             build/syscalls.o
_times                                            build/syscalls.o
_unlink                                           build/syscalls.o
_wait                                             build/syscalls.o
_write                                            build/syscalls.o
                                                  c:/msys64/mingw64/bin/../lib/gcc/arm-none-eabi/12.2.0/../../../../arm-none-eabi/lib/thumb/v6-m/nofp\libc_nano.a(libc_a-writer.o)
_write_r                                          c:/msys64/mingw64/bin/../lib/gcc/arm-none-eabi/12.2.0/../../../../arm-none-eabi/lib/thumb/v6-m/nofp\libc_nano.a(libc_a-writer.o)
                                                  c:/msys64/mingw64/bin/../lib/gcc/arm-none-eabi/12.2.0/../../../../arm-none-eabi/lib/thumb/v6-m/nofp\libc_nano.a(libc_a-stdio.o)
atexit                                            c:/msys64/mingw64/bin/../lib/gcc/arm-none-eabi/12.2.0/../../../../arm-none-eabi/lib/thumb/v6-m/nofp\libc_nano.a(libc_a-atexit.o)
                                                  c:/msys64/mingw64/bin/../lib/gcc/arm-none-eabi/12.2.0/../../../../arm-none-eabi/lib/thumb/v6-m/nofp/crt0.o
environ                                           build/syscalls.o
errno                                             c:/msys64/mingw64/bin/../lib/gcc/arm-none-eabi/12.2.0/../../../../arm-none-eabi/lib/thumb/v6-m/nofp\libc_nano.a(libc_a-reent.o)
                                                  c:/msys64/mingw64/bin/../lib/gcc/arm-none-eabi/12.2.0/../../../../arm-none-eabi/lib/thumb/v6-m/nofp\libc_nano.a(libc_a-sbrkr.o)
                                                  c:/msys64/mingw64/bin/../lib/gcc/arm-none-eabi/12.2.0/../../../../arm-none-eabi/lib/thumb/v6-m/nofp\libc_nano.a(libc_a-writer.o)
                                                  c:/msys64/mingw64/bin/../lib/gcc/arm-none-eabi/12.2.0/../../../../arm-none-eabi/lib/thumb/v6-m/nofp\libc_nano.a(libc_a-readr.o)
                                                  c:/msys64/mingw64/bin/../lib/gcc/arm-none-eabi/12.2.0/../../../../arm-none-eabi/lib/thumb/v6-m/nofp\libc_nano.a(libc_a-lseekr.o)
                                                  c:/msys64/mingw64/bin/../lib/gcc/arm-none-eabi/12.2.0/../../../../arm-none-eabi/lib/thumb/v6-m/nofp\libc_nano.a(libc_a-closer.o)
exit                                              c:/msys64/mingw64/bin/../lib/gcc/arm-none-eabi/12.2.0/../../../../arm-none-eabi/lib/thumb/v6-m/nofp\libc_nano.a(libc_a-exit.o)
                                                  c:/msys64/mingw64/bin/../lib/gcc/arm-none-eabi/12.2.0/../../../../arm-none-eabi/lib/thumb/v6-m/nofp/crt0.o
fflush                                            c:/msys64/mingw64/bin/../lib/gcc/arm-none-eabi/12.2.0/../../../../arm-none-eabi/lib/thumb/v6-m/nofp\libc_nano.a(libc_a-fflush.o)
g_pfnVectors                                      build/startup_stm32g070xx.o
hardware_init_hook                                c:/msys64/mingw64/bin/../lib/gcc/arm-none-eabi/12.2.0/../../../../arm-none-eabi/lib/thumb/v6-m/nofp/crt0.o
huart2                                            build/main.o
initialise_monitor_handles                        build/syscalls.o
main                                              build/main.o
                                                  build/startup_stm32g070xx.o
                                                  c:/msys64/mingw64/bin/../lib/gcc/arm-none-eabi/12.2.0/../../../../arm-none-eabi/lib/thumb/v6-m/nofp/crt0.o
malloc                                            c:/msys64/mingw64/bin/../lib/gcc/arm-none-eabi/12.2.0/../../../../arm-none-eabi/lib/thumb/v6-m/nofp\libc_nano.a(libc_a-__atexit.o)
memset                                            c:/msys64/mingw64/bin/../lib/gcc/arm-none-eabi/12.2.0/../../../../arm-none-eabi/lib/thumb/v6-m/nofp\libc_nano.a(libc_a-memset.o)
                                                  c:/msys64/mingw64/bin/../lib/gcc/arm-none-eabi/12.2.0/../../../../arm-none-eabi/lib/thumb/v6-m/nofp\libc_nano.a(libc_a-findfp.o)
                                                  build/stm32g0xx_hal_msp.o
                                                  build/main.o
                                                  c:/msys64/mingw64/bin/../lib/gcc/arm-none-eabi/12.2.0/../../../../arm-none-eabi/lib/thumb/v6-m/nofp/crt0.o
pFlash                                            build/stm32g0xx_hal_flash.o
                                                  build/stm32g0xx_hal_flash_ex.o
software_init_hook                                c:/msys64/mingw64/bin/../lib/gcc/arm-none-eabi/12.2.0/../../../../arm-none-eabi/lib/thumb/v6-m/nofp/crt0.o
uwTick                                            build/stm32g0xx_hal.o
uwTickFreq                                        build/stm32g0xx_hal.o
uwTickPrio                                        build/stm32g0xx_hal.o
                                                  build/stm32g0xx_hal_rcc.o
