ARM GAS  C:\Users\Asus\AppData\Local\Temp\ccTS2pxd.s 			page 1


   1              		.cpu cortex-m0plus
   2              		.arch armv6s-m
   3              		.fpu softvfp
   4              		.eabi_attribute 20, 1
   5              		.eabi_attribute 21, 1
   6              		.eabi_attribute 23, 3
   7              		.eabi_attribute 24, 1
   8              		.eabi_attribute 25, 1
   9              		.eabi_attribute 26, 1
  10              		.eabi_attribute 30, 1
  11              		.eabi_attribute 34, 0
  12              		.eabi_attribute 18, 4
  13              		.file	"main.c"
  14              		.text
  15              	.Ltext0:
  16              		.cfi_sections	.debug_frame
  17              		.file 1 "Core/Src/main.c"
  18              		.section	.text.MX_GPIO_Init,"ax",%progbits
  19              		.align	1
  20              		.syntax unified
  21              		.code	16
  22              		.thumb_func
  24              	MX_GPIO_Init:
  25              	.LFB313:
   1:Core/Src/main.c **** /* USER CODE BEGIN Header */
   2:Core/Src/main.c **** /**
   3:Core/Src/main.c ****   ******************************************************************************
   4:Core/Src/main.c ****   * @file           : main.c
   5:Core/Src/main.c ****   * @brief          : Main program body
   6:Core/Src/main.c ****   ******************************************************************************
   7:Core/Src/main.c ****   * @attention
   8:Core/Src/main.c ****   *
   9:Core/Src/main.c ****   * Copyright (c) 2024 STMicroelectronics.
  10:Core/Src/main.c ****   * All rights reserved.
  11:Core/Src/main.c ****   *
  12:Core/Src/main.c ****   * This software is licensed under terms that can be found in the LICENSE file
  13:Core/Src/main.c ****   * in the root directory of this software component.
  14:Core/Src/main.c ****   * If no LICENSE file comes with this software, it is provided AS-IS.
  15:Core/Src/main.c ****   *
  16:Core/Src/main.c ****   ******************************************************************************
  17:Core/Src/main.c ****   */
  18:Core/Src/main.c **** /* USER CODE END Header */
  19:Core/Src/main.c **** /* Includes ------------------------------------------------------------------*/
  20:Core/Src/main.c **** #include "main.h"
  21:Core/Src/main.c **** #include "cmsis_os.h"
  22:Core/Src/main.c **** 
  23:Core/Src/main.c **** /* Private includes ----------------------------------------------------------*/
  24:Core/Src/main.c **** /* USER CODE BEGIN Includes */
  25:Core/Src/main.c **** 
  26:Core/Src/main.c **** /* USER CODE END Includes */
  27:Core/Src/main.c **** 
  28:Core/Src/main.c **** /* Private typedef -----------------------------------------------------------*/
  29:Core/Src/main.c **** /* USER CODE BEGIN PTD */
  30:Core/Src/main.c **** // Enumerated type to define the source of data
  31:Core/Src/main.c **** typedef enum{
  32:Core/Src/main.c ****   sender1,
  33:Core/Src/main.c ****   sender2
ARM GAS  C:\Users\Asus\AppData\Local\Temp\ccTS2pxd.s 			page 2


  34:Core/Src/main.c **** }DataSource_t;
  35:Core/Src/main.c **** 
  36:Core/Src/main.c **** //structure type that will be passed onto the queue
  37:Core/Src/main.c **** typedef struct 
  38:Core/Src/main.c **** {
  39:Core/Src/main.c ****   uint8_t ucValue;
  40:Core/Src/main.c ****   DataSource_t eDataSource;
  41:Core/Src/main.c **** }Data_t;
  42:Core/Src/main.c **** 
  43:Core/Src/main.c **** //declare two variables that will be passed on to the queue
  44:Core/Src/main.c **** static const Data_t xStructsToSend[2] = 
  45:Core/Src/main.c **** {
  46:Core/Src/main.c ****   {100,sender1},
  47:Core/Src/main.c ****   {200,sender2}
  48:Core/Src/main.c **** };
  49:Core/Src/main.c **** 
  50:Core/Src/main.c **** 
  51:Core/Src/main.c **** /* USER CODE END PTD */
  52:Core/Src/main.c **** 
  53:Core/Src/main.c **** /* Private define ------------------------------------------------------------*/
  54:Core/Src/main.c **** /* USER CODE BEGIN PD */
  55:Core/Src/main.c **** 
  56:Core/Src/main.c **** /* USER CODE END PD */
  57:Core/Src/main.c **** 
  58:Core/Src/main.c **** /* Private macro -------------------------------------------------------------*/
  59:Core/Src/main.c **** /* USER CODE BEGIN PM */
  60:Core/Src/main.c **** 
  61:Core/Src/main.c **** /* USER CODE END PM */
  62:Core/Src/main.c **** 
  63:Core/Src/main.c **** /* Private variables ---------------------------------------------------------*/
  64:Core/Src/main.c **** UART_HandleTypeDef huart2;
  65:Core/Src/main.c **** 
  66:Core/Src/main.c **** osThreadId defaultTaskHandle;
  67:Core/Src/main.c **** osThreadId myTask02Handle;
  68:Core/Src/main.c **** osMessageQId myQueue01Handle;
  69:Core/Src/main.c **** /* USER CODE BEGIN PV */
  70:Core/Src/main.c **** 
  71:Core/Src/main.c **** /* USER CODE END PV */
  72:Core/Src/main.c **** 
  73:Core/Src/main.c **** /* Private function prototypes -----------------------------------------------*/
  74:Core/Src/main.c **** void SystemClock_Config(void);
  75:Core/Src/main.c **** static void MX_GPIO_Init(void);
  76:Core/Src/main.c **** static void MX_USART2_UART_Init(void);
  77:Core/Src/main.c **** void StartDefaultTask(void const * argument);
  78:Core/Src/main.c **** void StartTask02(void const * argument);
  79:Core/Src/main.c **** 
  80:Core/Src/main.c **** /* USER CODE BEGIN PFP */
  81:Core/Src/main.c **** 
  82:Core/Src/main.c **** /* USER CODE END PFP */
  83:Core/Src/main.c **** 
  84:Core/Src/main.c **** /* Private user code ---------------------------------------------------------*/
  85:Core/Src/main.c **** /* USER CODE BEGIN 0 */
  86:Core/Src/main.c **** 
  87:Core/Src/main.c **** /* USER CODE END 0 */
  88:Core/Src/main.c **** 
  89:Core/Src/main.c **** /**
  90:Core/Src/main.c ****   * @brief  The application entry point.
ARM GAS  C:\Users\Asus\AppData\Local\Temp\ccTS2pxd.s 			page 3


  91:Core/Src/main.c ****   * @retval int
  92:Core/Src/main.c ****   */
  93:Core/Src/main.c **** int main(void)
  94:Core/Src/main.c **** {
  95:Core/Src/main.c **** 
  96:Core/Src/main.c ****   /* USER CODE BEGIN 1 */
  97:Core/Src/main.c **** 
  98:Core/Src/main.c ****   /* USER CODE END 1 */
  99:Core/Src/main.c **** 
 100:Core/Src/main.c ****   /* MCU Configuration--------------------------------------------------------*/
 101:Core/Src/main.c **** 
 102:Core/Src/main.c ****   /* Reset of all peripherals, Initializes the Flash interface and the Systick. */
 103:Core/Src/main.c ****   HAL_Init();
 104:Core/Src/main.c **** 
 105:Core/Src/main.c ****   /* USER CODE BEGIN Init */
 106:Core/Src/main.c **** 
 107:Core/Src/main.c ****   /* USER CODE END Init */
 108:Core/Src/main.c **** 
 109:Core/Src/main.c ****   /* Configure the system clock */
 110:Core/Src/main.c ****   SystemClock_Config();
 111:Core/Src/main.c **** 
 112:Core/Src/main.c ****   /* USER CODE BEGIN SysInit */
 113:Core/Src/main.c **** 
 114:Core/Src/main.c ****   /* USER CODE END SysInit */
 115:Core/Src/main.c **** 
 116:Core/Src/main.c ****   /* Initialize all configured peripherals */
 117:Core/Src/main.c ****   MX_GPIO_Init();
 118:Core/Src/main.c ****   MX_USART2_UART_Init();
 119:Core/Src/main.c ****   /* USER CODE BEGIN 2 */
 120:Core/Src/main.c **** 
 121:Core/Src/main.c ****   /* USER CODE END 2 */
 122:Core/Src/main.c **** 
 123:Core/Src/main.c ****   /* USER CODE BEGIN RTOS_MUTEX */
 124:Core/Src/main.c ****   /* add mutexes, ... */
 125:Core/Src/main.c ****   /* USER CODE END RTOS_MUTEX */
 126:Core/Src/main.c **** 
 127:Core/Src/main.c ****   /* USER CODE BEGIN RTOS_SEMAPHORES */
 128:Core/Src/main.c ****   /* add semaphores, ... */
 129:Core/Src/main.c ****   /* USER CODE END RTOS_SEMAPHORES */
 130:Core/Src/main.c **** 
 131:Core/Src/main.c ****   /* USER CODE BEGIN RTOS_TIMERS */
 132:Core/Src/main.c ****   /* start timers, add new ones, ... */
 133:Core/Src/main.c ****   /* USER CODE END RTOS_TIMERS */
 134:Core/Src/main.c **** 
 135:Core/Src/main.c ****   /* Create the queue(s) */
 136:Core/Src/main.c ****   /* definition and creation of myQueue01 */
 137:Core/Src/main.c ****   osMessageQDef(myQueue01, 5, uint16_t);
 138:Core/Src/main.c ****   myQueue01Handle = osMessageCreate(osMessageQ(myQueue01), NULL);
 139:Core/Src/main.c **** 
 140:Core/Src/main.c ****   /* USER CODE BEGIN RTOS_QUEUES */
 141:Core/Src/main.c ****   /* add queues, ... */
 142:Core/Src/main.c ****   /* USER CODE END RTOS_QUEUES */
 143:Core/Src/main.c **** 
 144:Core/Src/main.c ****   /* Create the thread(s) */
 145:Core/Src/main.c ****   /* definition and creation of defaultTask */
 146:Core/Src/main.c ****   osThreadDef(defaultTask, StartDefaultTask, osPriorityNormal, 0, 128);
 147:Core/Src/main.c ****   defaultTaskHandle = osThreadCreate(osThread(defaultTask), NULL);
ARM GAS  C:\Users\Asus\AppData\Local\Temp\ccTS2pxd.s 			page 4


 148:Core/Src/main.c **** 
 149:Core/Src/main.c ****   /* definition and creation of myTask02 */
 150:Core/Src/main.c ****   osThreadDef(myTask02, StartTask02, osPriorityNormal, 0, 128);
 151:Core/Src/main.c ****   myTask02Handle = osThreadCreate(osThread(myTask02), NULL);
 152:Core/Src/main.c **** 
 153:Core/Src/main.c ****   /* USER CODE BEGIN RTOS_THREADS */
 154:Core/Src/main.c ****   /* add threads, ... */
 155:Core/Src/main.c ****   /* USER CODE END RTOS_THREADS */
 156:Core/Src/main.c **** 
 157:Core/Src/main.c ****   /* Start scheduler */
 158:Core/Src/main.c ****   osKernelStart();
 159:Core/Src/main.c **** 
 160:Core/Src/main.c ****   /* We should never get here as control is now taken by the scheduler */
 161:Core/Src/main.c **** 
 162:Core/Src/main.c ****   /* Infinite loop */
 163:Core/Src/main.c ****   /* USER CODE BEGIN WHILE */
 164:Core/Src/main.c ****   while (1)
 165:Core/Src/main.c ****   {
 166:Core/Src/main.c ****     /* USER CODE END WHILE */
 167:Core/Src/main.c **** 
 168:Core/Src/main.c ****     /* USER CODE BEGIN 3 */
 169:Core/Src/main.c ****   }
 170:Core/Src/main.c ****   /* USER CODE END 3 */
 171:Core/Src/main.c **** }
 172:Core/Src/main.c **** 
 173:Core/Src/main.c **** /**
 174:Core/Src/main.c ****   * @brief System Clock Configuration
 175:Core/Src/main.c ****   * @retval None
 176:Core/Src/main.c ****   */
 177:Core/Src/main.c **** void SystemClock_Config(void)
 178:Core/Src/main.c **** {
 179:Core/Src/main.c ****   RCC_OscInitTypeDef RCC_OscInitStruct = {0};
 180:Core/Src/main.c ****   RCC_ClkInitTypeDef RCC_ClkInitStruct = {0};
 181:Core/Src/main.c **** 
 182:Core/Src/main.c ****   /** Configure the main internal regulator output voltage
 183:Core/Src/main.c ****   */
 184:Core/Src/main.c ****   HAL_PWREx_ControlVoltageScaling(PWR_REGULATOR_VOLTAGE_SCALE1);
 185:Core/Src/main.c **** 
 186:Core/Src/main.c ****   /** Initializes the RCC Oscillators according to the specified parameters
 187:Core/Src/main.c ****   * in the RCC_OscInitTypeDef structure.
 188:Core/Src/main.c ****   */
 189:Core/Src/main.c ****   RCC_OscInitStruct.OscillatorType = RCC_OSCILLATORTYPE_HSI;
 190:Core/Src/main.c ****   RCC_OscInitStruct.HSIState = RCC_HSI_ON;
 191:Core/Src/main.c ****   RCC_OscInitStruct.HSIDiv = RCC_HSI_DIV1;
 192:Core/Src/main.c ****   RCC_OscInitStruct.HSICalibrationValue = RCC_HSICALIBRATION_DEFAULT;
 193:Core/Src/main.c ****   RCC_OscInitStruct.PLL.PLLState = RCC_PLL_ON;
 194:Core/Src/main.c ****   RCC_OscInitStruct.PLL.PLLSource = RCC_PLLSOURCE_HSI;
 195:Core/Src/main.c ****   RCC_OscInitStruct.PLL.PLLM = RCC_PLLM_DIV1;
 196:Core/Src/main.c ****   RCC_OscInitStruct.PLL.PLLN = 8;
 197:Core/Src/main.c ****   RCC_OscInitStruct.PLL.PLLP = RCC_PLLP_DIV2;
 198:Core/Src/main.c ****   RCC_OscInitStruct.PLL.PLLR = RCC_PLLR_DIV2;
 199:Core/Src/main.c ****   if (HAL_RCC_OscConfig(&RCC_OscInitStruct) != HAL_OK)
 200:Core/Src/main.c ****   {
 201:Core/Src/main.c ****     Error_Handler();
 202:Core/Src/main.c ****   }
 203:Core/Src/main.c **** 
 204:Core/Src/main.c ****   /** Initializes the CPU, AHB and APB buses clocks
ARM GAS  C:\Users\Asus\AppData\Local\Temp\ccTS2pxd.s 			page 5


 205:Core/Src/main.c ****   */
 206:Core/Src/main.c ****   RCC_ClkInitStruct.ClockType = RCC_CLOCKTYPE_HCLK|RCC_CLOCKTYPE_SYSCLK
 207:Core/Src/main.c ****                               |RCC_CLOCKTYPE_PCLK1;
 208:Core/Src/main.c ****   RCC_ClkInitStruct.SYSCLKSource = RCC_SYSCLKSOURCE_PLLCLK;
 209:Core/Src/main.c ****   RCC_ClkInitStruct.AHBCLKDivider = RCC_SYSCLK_DIV1;
 210:Core/Src/main.c ****   RCC_ClkInitStruct.APB1CLKDivider = RCC_HCLK_DIV1;
 211:Core/Src/main.c **** 
 212:Core/Src/main.c ****   if (HAL_RCC_ClockConfig(&RCC_ClkInitStruct, FLASH_LATENCY_2) != HAL_OK)
 213:Core/Src/main.c ****   {
 214:Core/Src/main.c ****     Error_Handler();
 215:Core/Src/main.c ****   }
 216:Core/Src/main.c **** }
 217:Core/Src/main.c **** 
 218:Core/Src/main.c **** /**
 219:Core/Src/main.c ****   * @brief USART2 Initialization Function
 220:Core/Src/main.c ****   * @param None
 221:Core/Src/main.c ****   * @retval None
 222:Core/Src/main.c ****   */
 223:Core/Src/main.c **** static void MX_USART2_UART_Init(void)
 224:Core/Src/main.c **** {
 225:Core/Src/main.c **** 
 226:Core/Src/main.c ****   /* USER CODE BEGIN USART2_Init 0 */
 227:Core/Src/main.c **** 
 228:Core/Src/main.c ****   /* USER CODE END USART2_Init 0 */
 229:Core/Src/main.c **** 
 230:Core/Src/main.c ****   /* USER CODE BEGIN USART2_Init 1 */
 231:Core/Src/main.c **** 
 232:Core/Src/main.c ****   /* USER CODE END USART2_Init 1 */
 233:Core/Src/main.c ****   huart2.Instance = USART2;
 234:Core/Src/main.c ****   huart2.Init.BaudRate = 115200;
 235:Core/Src/main.c ****   huart2.Init.WordLength = UART_WORDLENGTH_8B;
 236:Core/Src/main.c ****   huart2.Init.StopBits = UART_STOPBITS_1;
 237:Core/Src/main.c ****   huart2.Init.Parity = UART_PARITY_NONE;
 238:Core/Src/main.c ****   huart2.Init.Mode = UART_MODE_TX_RX;
 239:Core/Src/main.c ****   huart2.Init.HwFlowCtl = UART_HWCONTROL_NONE;
 240:Core/Src/main.c ****   huart2.Init.OverSampling = UART_OVERSAMPLING_16;
 241:Core/Src/main.c ****   huart2.Init.OneBitSampling = UART_ONE_BIT_SAMPLE_DISABLE;
 242:Core/Src/main.c ****   huart2.Init.ClockPrescaler = UART_PRESCALER_DIV1;
 243:Core/Src/main.c ****   huart2.AdvancedInit.AdvFeatureInit = UART_ADVFEATURE_NO_INIT;
 244:Core/Src/main.c ****   if (HAL_UART_Init(&huart2) != HAL_OK)
 245:Core/Src/main.c ****   {
 246:Core/Src/main.c ****     Error_Handler();
 247:Core/Src/main.c ****   }
 248:Core/Src/main.c ****   if (HAL_UARTEx_SetTxFifoThreshold(&huart2, UART_TXFIFO_THRESHOLD_1_8) != HAL_OK)
 249:Core/Src/main.c ****   {
 250:Core/Src/main.c ****     Error_Handler();
 251:Core/Src/main.c ****   }
 252:Core/Src/main.c ****   if (HAL_UARTEx_SetRxFifoThreshold(&huart2, UART_RXFIFO_THRESHOLD_1_8) != HAL_OK)
 253:Core/Src/main.c ****   {
 254:Core/Src/main.c ****     Error_Handler();
 255:Core/Src/main.c ****   }
 256:Core/Src/main.c ****   if (HAL_UARTEx_DisableFifoMode(&huart2) != HAL_OK)
 257:Core/Src/main.c ****   {
 258:Core/Src/main.c ****     Error_Handler();
 259:Core/Src/main.c ****   }
 260:Core/Src/main.c ****   /* USER CODE BEGIN USART2_Init 2 */
 261:Core/Src/main.c **** 
ARM GAS  C:\Users\Asus\AppData\Local\Temp\ccTS2pxd.s 			page 6


 262:Core/Src/main.c ****   /* USER CODE END USART2_Init 2 */
 263:Core/Src/main.c **** 
 264:Core/Src/main.c **** }
 265:Core/Src/main.c **** 
 266:Core/Src/main.c **** /**
 267:Core/Src/main.c ****   * @brief GPIO Initialization Function
 268:Core/Src/main.c ****   * @param None
 269:Core/Src/main.c ****   * @retval None
 270:Core/Src/main.c ****   */
 271:Core/Src/main.c **** static void MX_GPIO_Init(void)
 272:Core/Src/main.c **** {
  26              		.loc 1 272 1 view -0
  27              		.cfi_startproc
  28              		@ args = 0, pretend = 0, frame = 32
  29              		@ frame_needed = 0, uses_anonymous_args = 0
  30 0000 70B5     		push	{r4, r5, r6, lr}
  31              		.cfi_def_cfa_offset 16
  32              		.cfi_offset 4, -16
  33              		.cfi_offset 5, -12
  34              		.cfi_offset 6, -8
  35              		.cfi_offset 14, -4
  36 0002 88B0     		sub	sp, sp, #32
  37              		.cfi_def_cfa_offset 48
 273:Core/Src/main.c ****   GPIO_InitTypeDef GPIO_InitStruct = {0};
  38              		.loc 1 273 3 view .LVU1
  39              		.loc 1 273 20 is_stmt 0 view .LVU2
  40 0004 1422     		movs	r2, #20
  41 0006 0021     		movs	r1, #0
  42 0008 03A8     		add	r0, sp, #12
  43 000a FFF7FEFF 		bl	memset
  44              	.LVL0:
 274:Core/Src/main.c **** /* USER CODE BEGIN MX_GPIO_Init_1 */
 275:Core/Src/main.c **** /* USER CODE END MX_GPIO_Init_1 */
 276:Core/Src/main.c **** 
 277:Core/Src/main.c ****   /* GPIO Ports Clock Enable */
 278:Core/Src/main.c ****   __HAL_RCC_GPIOC_CLK_ENABLE();
  45              		.loc 1 278 3 is_stmt 1 view .LVU3
  46              	.LBB4:
  47              		.loc 1 278 3 view .LVU4
  48              		.loc 1 278 3 view .LVU5
  49 000e 164B     		ldr	r3, .L2
  50 0010 596B     		ldr	r1, [r3, #52]
  51 0012 0422     		movs	r2, #4
  52 0014 1143     		orrs	r1, r2
  53 0016 5963     		str	r1, [r3, #52]
  54              		.loc 1 278 3 view .LVU6
  55 0018 596B     		ldr	r1, [r3, #52]
  56 001a 0A40     		ands	r2, r1
  57 001c 0092     		str	r2, [sp]
  58              		.loc 1 278 3 view .LVU7
  59 001e 009A     		ldr	r2, [sp]
  60              	.LBE4:
  61              		.loc 1 278 3 view .LVU8
 279:Core/Src/main.c ****   __HAL_RCC_GPIOF_CLK_ENABLE();
  62              		.loc 1 279 3 view .LVU9
  63              	.LBB5:
  64              		.loc 1 279 3 view .LVU10
ARM GAS  C:\Users\Asus\AppData\Local\Temp\ccTS2pxd.s 			page 7


  65              		.loc 1 279 3 view .LVU11
  66 0020 5A6B     		ldr	r2, [r3, #52]
  67 0022 2025     		movs	r5, #32
  68 0024 2A43     		orrs	r2, r5
  69 0026 5A63     		str	r2, [r3, #52]
  70              		.loc 1 279 3 view .LVU12
  71 0028 5A6B     		ldr	r2, [r3, #52]
  72 002a 2A40     		ands	r2, r5
  73 002c 0192     		str	r2, [sp, #4]
  74              		.loc 1 279 3 view .LVU13
  75 002e 019A     		ldr	r2, [sp, #4]
  76              	.LBE5:
  77              		.loc 1 279 3 view .LVU14
 280:Core/Src/main.c ****   __HAL_RCC_GPIOA_CLK_ENABLE();
  78              		.loc 1 280 3 view .LVU15
  79              	.LBB6:
  80              		.loc 1 280 3 view .LVU16
  81              		.loc 1 280 3 view .LVU17
  82 0030 5A6B     		ldr	r2, [r3, #52]
  83 0032 0124     		movs	r4, #1
  84 0034 2243     		orrs	r2, r4
  85 0036 5A63     		str	r2, [r3, #52]
  86              		.loc 1 280 3 view .LVU18
  87 0038 5B6B     		ldr	r3, [r3, #52]
  88 003a 2340     		ands	r3, r4
  89 003c 0293     		str	r3, [sp, #8]
  90              		.loc 1 280 3 view .LVU19
  91 003e 029B     		ldr	r3, [sp, #8]
  92              	.LBE6:
  93              		.loc 1 280 3 view .LVU20
 281:Core/Src/main.c **** 
 282:Core/Src/main.c ****   /*Configure GPIO pin Output Level */
 283:Core/Src/main.c ****   HAL_GPIO_WritePin(LED_GREEN_GPIO_Port, LED_GREEN_Pin, GPIO_PIN_RESET);
  94              		.loc 1 283 3 view .LVU21
  95 0040 A026     		movs	r6, #160
  96 0042 F605     		lsls	r6, r6, #23
  97 0044 0022     		movs	r2, #0
  98 0046 2021     		movs	r1, #32
  99 0048 3000     		movs	r0, r6
 100 004a FFF7FEFF 		bl	HAL_GPIO_WritePin
 101              	.LVL1:
 284:Core/Src/main.c **** 
 285:Core/Src/main.c ****   /*Configure GPIO pin : LED_GREEN_Pin */
 286:Core/Src/main.c ****   GPIO_InitStruct.Pin = LED_GREEN_Pin;
 102              		.loc 1 286 3 view .LVU22
 103              		.loc 1 286 23 is_stmt 0 view .LVU23
 104 004e 0395     		str	r5, [sp, #12]
 287:Core/Src/main.c ****   GPIO_InitStruct.Mode = GPIO_MODE_OUTPUT_PP;
 105              		.loc 1 287 3 is_stmt 1 view .LVU24
 106              		.loc 1 287 24 is_stmt 0 view .LVU25
 107 0050 0494     		str	r4, [sp, #16]
 288:Core/Src/main.c ****   GPIO_InitStruct.Pull = GPIO_NOPULL;
 108              		.loc 1 288 3 is_stmt 1 view .LVU26
 109              		.loc 1 288 24 is_stmt 0 view .LVU27
 110 0052 0023     		movs	r3, #0
 111 0054 0593     		str	r3, [sp, #20]
 289:Core/Src/main.c ****   GPIO_InitStruct.Speed = GPIO_SPEED_FREQ_HIGH;
ARM GAS  C:\Users\Asus\AppData\Local\Temp\ccTS2pxd.s 			page 8


 112              		.loc 1 289 3 is_stmt 1 view .LVU28
 113              		.loc 1 289 25 is_stmt 0 view .LVU29
 114 0056 0233     		adds	r3, r3, #2
 115 0058 0693     		str	r3, [sp, #24]
 290:Core/Src/main.c ****   HAL_GPIO_Init(LED_GREEN_GPIO_Port, &GPIO_InitStruct);
 116              		.loc 1 290 3 is_stmt 1 view .LVU30
 117 005a 03A9     		add	r1, sp, #12
 118 005c 3000     		movs	r0, r6
 119 005e FFF7FEFF 		bl	HAL_GPIO_Init
 120              	.LVL2:
 291:Core/Src/main.c **** 
 292:Core/Src/main.c **** /* USER CODE BEGIN MX_GPIO_Init_2 */
 293:Core/Src/main.c **** /* USER CODE END MX_GPIO_Init_2 */
 294:Core/Src/main.c **** }
 121              		.loc 1 294 1 is_stmt 0 view .LVU31
 122 0062 08B0     		add	sp, sp, #32
 123              		@ sp needed
 124 0064 70BD     		pop	{r4, r5, r6, pc}
 125              	.L3:
 126 0066 C046     		.align	2
 127              	.L2:
 128 0068 00100240 		.word	1073876992
 129              		.cfi_endproc
 130              	.LFE313:
 132              		.section	.rodata.StartDefaultTask.str1.4,"aMS",%progbits,1
 133              		.align	2
 134              	.LC6:
 135 0000 636F756C 		.ascii	"could not send to qu\000"
 135      64206E6F 
 135      74207365 
 135      6E642074 
 135      6F207175 
 136              		.section	.text.StartDefaultTask,"ax",%progbits
 137              		.align	1
 138              		.global	StartDefaultTask
 139              		.syntax unified
 140              		.code	16
 141              		.thumb_func
 143              	StartDefaultTask:
 144              	.LFB314:
 295:Core/Src/main.c **** 
 296:Core/Src/main.c **** /* USER CODE BEGIN 4 */
 297:Core/Src/main.c **** 
 298:Core/Src/main.c **** /* USER CODE END 4 */
 299:Core/Src/main.c **** 
 300:Core/Src/main.c **** /* USER CODE BEGIN Header_StartDefaultTask */
 301:Core/Src/main.c **** /**
 302:Core/Src/main.c ****   * @brief  Function implementing the defaultTask thread.
 303:Core/Src/main.c ****   * @param  argument: Not used
 304:Core/Src/main.c ****   * @retval None
 305:Core/Src/main.c ****   */
 306:Core/Src/main.c **** /* USER CODE END Header_StartDefaultTask */
 307:Core/Src/main.c **** void StartDefaultTask(void const * argument)
 308:Core/Src/main.c **** {
 145              		.loc 1 308 1 is_stmt 1 view -0
 146              		.cfi_startproc
 147              		@ args = 0, pretend = 0, frame = 24
ARM GAS  C:\Users\Asus\AppData\Local\Temp\ccTS2pxd.s 			page 9


 148              		@ frame_needed = 0, uses_anonymous_args = 0
 149              	.LVL3:
 150              		.loc 1 308 1 is_stmt 0 view .LVU33
 151 0000 30B5     		push	{r4, r5, lr}
 152              		.cfi_def_cfa_offset 12
 153              		.cfi_offset 4, -12
 154              		.cfi_offset 5, -8
 155              		.cfi_offset 14, -4
 156 0002 87B0     		sub	sp, sp, #28
 157              		.cfi_def_cfa_offset 40
 158              	.LVL4:
 159              	.L5:
 309:Core/Src/main.c ****   /* USER CODE BEGIN 5 */
 310:Core/Src/main.c ****   BaseType_t xstatus;
 311:Core/Src/main.c **** 
 312:Core/Src/main.c ****   const TickType_t xTicksToWait = pdMS_TO_TICKS(100);
 313:Core/Src/main.c ****   /* Infinite loop */
 314:Core/Src/main.c ****   for(;;)
 160              		.loc 1 314 3 is_stmt 1 view .LVU34
 315:Core/Src/main.c ****   {
 316:Core/Src/main.c ****     xstatus = xQueueSendToBack(myQueue01Handle,5,xTicksToWait);
 161              		.loc 1 316 5 view .LVU35
 162              		.loc 1 316 15 is_stmt 0 view .LVU36
 163 0004 0B4B     		ldr	r3, .L7
 164 0006 1868     		ldr	r0, [r3]
 165 0008 0023     		movs	r3, #0
 166 000a 6422     		movs	r2, #100
 167 000c 0521     		movs	r1, #5
 168 000e FFF7FEFF 		bl	xQueueGenericSend
 169              	.LVL5:
 317:Core/Src/main.c ****     if(xstatus != pdPASS){
 170              		.loc 1 317 5 is_stmt 1 view .LVU37
 171              		.loc 1 317 7 is_stmt 0 view .LVU38
 172 0012 0128     		cmp	r0, #1
 173 0014 F6D0     		beq	.L5
 174              	.LBB7:
 318:Core/Src/main.c ****       uint8_t buf[20] = "could not send to queue";
 175              		.loc 1 318 7 is_stmt 1 view .LVU39
 176              		.loc 1 318 15 is_stmt 0 view .LVU40
 177 0016 01A9     		add	r1, sp, #4
 178 0018 074B     		ldr	r3, .L7+4
 179 001a 0A00     		movs	r2, r1
 180 001c 31CB     		ldmia	r3!, {r0, r4, r5}
 181 001e 31C2     		stmia	r2!, {r0, r4, r5}
 182              	.LVL6:
 183              		.loc 1 318 15 view .LVU41
 184 0020 11CB     		ldmia	r3!, {r0, r4}
 185 0022 11C2     		stmia	r2!, {r0, r4}
 319:Core/Src/main.c ****       HAL_UART_Transmit(&huart2,(const uint8_t*)buf,20,HAL_MAX_DELAY);
 186              		.loc 1 319 7 is_stmt 1 view .LVU42
 187 0024 0123     		movs	r3, #1
 188 0026 0548     		ldr	r0, .L7+8
 189 0028 5B42     		rsbs	r3, r3, #0
 190 002a 1422     		movs	r2, #20
 191 002c FFF7FEFF 		bl	HAL_UART_Transmit
 192              	.LVL7:
 193 0030 E8E7     		b	.L5
ARM GAS  C:\Users\Asus\AppData\Local\Temp\ccTS2pxd.s 			page 10


 194              	.L8:
 195 0032 C046     		.align	2
 196              	.L7:
 197 0034 00000000 		.word	myQueue01Handle
 198 0038 00000000 		.word	.LC6
 199 003c 00000000 		.word	huart2
 200              	.LBE7:
 201              		.cfi_endproc
 202              	.LFE314:
 204              		.section	.text.StartTask02,"ax",%progbits
 205              		.align	1
 206              		.global	StartTask02
 207              		.syntax unified
 208              		.code	16
 209              		.thumb_func
 211              	StartTask02:
 212              	.LFB315:
 320:Core/Src/main.c ****     }
 321:Core/Src/main.c ****     //osDelay(1);
 322:Core/Src/main.c ****   }
 323:Core/Src/main.c ****   /* USER CODE END 5 */
 324:Core/Src/main.c **** }
 325:Core/Src/main.c **** 
 326:Core/Src/main.c **** /* USER CODE BEGIN Header_StartTask02 */
 327:Core/Src/main.c **** /**
 328:Core/Src/main.c **** * @brief Function implementing the myTask02 thread.
 329:Core/Src/main.c **** * @param argument: Not used
 330:Core/Src/main.c **** * @retval None
 331:Core/Src/main.c **** */
 332:Core/Src/main.c **** /* USER CODE END Header_StartTask02 */
 333:Core/Src/main.c **** void StartTask02(void const * argument)
 334:Core/Src/main.c **** {
 213              		.loc 1 334 1 view -0
 214              		.cfi_startproc
 215              		@ Volatile: function does not return.
 216              		@ args = 0, pretend = 0, frame = 0
 217              		@ frame_needed = 0, uses_anonymous_args = 0
 218              	.LVL8:
 219              		.loc 1 334 1 is_stmt 0 view .LVU44
 220 0000 10B5     		push	{r4, lr}
 221              		.cfi_def_cfa_offset 8
 222              		.cfi_offset 4, -8
 223              		.cfi_offset 14, -4
 224              	.LVL9:
 225              	.L10:
 335:Core/Src/main.c ****   /* USER CODE BEGIN StartTask02 */
 336:Core/Src/main.c ****   /* Infinite loop */
 337:Core/Src/main.c ****   for(;;)
 226              		.loc 1 337 3 is_stmt 1 discriminator 1 view .LVU45
 338:Core/Src/main.c ****   {
 339:Core/Src/main.c ****     osDelay(1);
 227              		.loc 1 339 5 discriminator 1 view .LVU46
 228 0002 0120     		movs	r0, #1
 229 0004 FFF7FEFF 		bl	osDelay
 230              	.LVL10:
 337:Core/Src/main.c ****   {
 231              		.loc 1 337 3 discriminator 1 view .LVU47
ARM GAS  C:\Users\Asus\AppData\Local\Temp\ccTS2pxd.s 			page 11


 232 0008 FBE7     		b	.L10
 233              		.cfi_endproc
 234              	.LFE315:
 236              		.section	.text.HAL_TIM_PeriodElapsedCallback,"ax",%progbits
 237              		.align	1
 238              		.global	HAL_TIM_PeriodElapsedCallback
 239              		.syntax unified
 240              		.code	16
 241              		.thumb_func
 243              	HAL_TIM_PeriodElapsedCallback:
 244              	.LVL11:
 245              	.LFB316:
 340:Core/Src/main.c ****   }
 341:Core/Src/main.c ****   /* USER CODE END StartTask02 */
 342:Core/Src/main.c **** }
 343:Core/Src/main.c **** 
 344:Core/Src/main.c **** /**
 345:Core/Src/main.c ****   * @brief  Period elapsed callback in non blocking mode
 346:Core/Src/main.c ****   * @note   This function is called  when TIM1 interrupt took place, inside
 347:Core/Src/main.c ****   * HAL_TIM_IRQHandler(). It makes a direct call to HAL_IncTick() to increment
 348:Core/Src/main.c ****   * a global variable "uwTick" used as application time base.
 349:Core/Src/main.c ****   * @param  htim : TIM handle
 350:Core/Src/main.c ****   * @retval None
 351:Core/Src/main.c ****   */
 352:Core/Src/main.c **** void HAL_TIM_PeriodElapsedCallback(TIM_HandleTypeDef *htim)
 353:Core/Src/main.c **** {
 246              		.loc 1 353 1 view -0
 247              		.cfi_startproc
 248              		@ args = 0, pretend = 0, frame = 0
 249              		@ frame_needed = 0, uses_anonymous_args = 0
 250              		.loc 1 353 1 is_stmt 0 view .LVU49
 251 0000 10B5     		push	{r4, lr}
 252              		.cfi_def_cfa_offset 8
 253              		.cfi_offset 4, -8
 254              		.cfi_offset 14, -4
 354:Core/Src/main.c ****   /* USER CODE BEGIN Callback 0 */
 355:Core/Src/main.c **** 
 356:Core/Src/main.c ****   /* USER CODE END Callback 0 */
 357:Core/Src/main.c ****   if (htim->Instance == TIM1) {
 255              		.loc 1 357 3 is_stmt 1 view .LVU50
 256              		.loc 1 357 11 is_stmt 0 view .LVU51
 257 0002 0268     		ldr	r2, [r0]
 258              		.loc 1 357 6 view .LVU52
 259 0004 034B     		ldr	r3, .L14
 260 0006 9A42     		cmp	r2, r3
 261 0008 00D0     		beq	.L13
 262              	.LVL12:
 263              	.L11:
 358:Core/Src/main.c ****     HAL_IncTick();
 359:Core/Src/main.c ****   }
 360:Core/Src/main.c ****   /* USER CODE BEGIN Callback 1 */
 361:Core/Src/main.c **** 
 362:Core/Src/main.c ****   /* USER CODE END Callback 1 */
 363:Core/Src/main.c **** }
 264              		.loc 1 363 1 view .LVU53
 265              		@ sp needed
 266 000a 10BD     		pop	{r4, pc}
ARM GAS  C:\Users\Asus\AppData\Local\Temp\ccTS2pxd.s 			page 12


 267              	.LVL13:
 268              	.L13:
 358:Core/Src/main.c ****     HAL_IncTick();
 269              		.loc 1 358 5 is_stmt 1 view .LVU54
 270 000c FFF7FEFF 		bl	HAL_IncTick
 271              	.LVL14:
 272              		.loc 1 363 1 is_stmt 0 view .LVU55
 273 0010 FBE7     		b	.L11
 274              	.L15:
 275 0012 C046     		.align	2
 276              	.L14:
 277 0014 002C0140 		.word	1073818624
 278              		.cfi_endproc
 279              	.LFE316:
 281              		.section	.text.Error_Handler,"ax",%progbits
 282              		.align	1
 283              		.global	Error_Handler
 284              		.syntax unified
 285              		.code	16
 286              		.thumb_func
 288              	Error_Handler:
 289              	.LFB317:
 364:Core/Src/main.c **** 
 365:Core/Src/main.c **** /**
 366:Core/Src/main.c ****   * @brief  This function is executed in case of error occurrence.
 367:Core/Src/main.c ****   * @retval None
 368:Core/Src/main.c ****   */
 369:Core/Src/main.c **** void Error_Handler(void)
 370:Core/Src/main.c **** {
 290              		.loc 1 370 1 is_stmt 1 view -0
 291              		.cfi_startproc
 292              		@ Volatile: function does not return.
 293              		@ args = 0, pretend = 0, frame = 0
 294              		@ frame_needed = 0, uses_anonymous_args = 0
 295              		@ link register save eliminated.
 371:Core/Src/main.c ****   /* USER CODE BEGIN Error_Handler_Debug */
 372:Core/Src/main.c ****   /* User can add his own implementation to report the HAL error return state */
 373:Core/Src/main.c ****   __disable_irq();
 296              		.loc 1 373 3 view .LVU57
 297              	.LBB8:
 298              	.LBI8:
 299              		.file 2 "Drivers/CMSIS/Include/cmsis_gcc.h"
   1:Drivers/CMSIS/Include/cmsis_gcc.h **** /**************************************************************************//**
   2:Drivers/CMSIS/Include/cmsis_gcc.h ****  * @file     cmsis_gcc.h
   3:Drivers/CMSIS/Include/cmsis_gcc.h ****  * @brief    CMSIS compiler GCC header file
   4:Drivers/CMSIS/Include/cmsis_gcc.h ****  * @version  V5.2.0
   5:Drivers/CMSIS/Include/cmsis_gcc.h ****  * @date     08. May 2019
   6:Drivers/CMSIS/Include/cmsis_gcc.h ****  ******************************************************************************/
   7:Drivers/CMSIS/Include/cmsis_gcc.h **** /*
   8:Drivers/CMSIS/Include/cmsis_gcc.h ****  * Copyright (c) 2009-2019 Arm Limited. All rights reserved.
   9:Drivers/CMSIS/Include/cmsis_gcc.h ****  *
  10:Drivers/CMSIS/Include/cmsis_gcc.h ****  * SPDX-License-Identifier: Apache-2.0
  11:Drivers/CMSIS/Include/cmsis_gcc.h ****  *
  12:Drivers/CMSIS/Include/cmsis_gcc.h ****  * Licensed under the Apache License, Version 2.0 (the License); you may
  13:Drivers/CMSIS/Include/cmsis_gcc.h ****  * not use this file except in compliance with the License.
  14:Drivers/CMSIS/Include/cmsis_gcc.h ****  * You may obtain a copy of the License at
  15:Drivers/CMSIS/Include/cmsis_gcc.h ****  *
ARM GAS  C:\Users\Asus\AppData\Local\Temp\ccTS2pxd.s 			page 13


  16:Drivers/CMSIS/Include/cmsis_gcc.h ****  * www.apache.org/licenses/LICENSE-2.0
  17:Drivers/CMSIS/Include/cmsis_gcc.h ****  *
  18:Drivers/CMSIS/Include/cmsis_gcc.h ****  * Unless required by applicable law or agreed to in writing, software
  19:Drivers/CMSIS/Include/cmsis_gcc.h ****  * distributed under the License is distributed on an AS IS BASIS, WITHOUT
  20:Drivers/CMSIS/Include/cmsis_gcc.h ****  * WARRANTIES OR CONDITIONS OF ANY KIND, either express or implied.
  21:Drivers/CMSIS/Include/cmsis_gcc.h ****  * See the License for the specific language governing permissions and
  22:Drivers/CMSIS/Include/cmsis_gcc.h ****  * limitations under the License.
  23:Drivers/CMSIS/Include/cmsis_gcc.h ****  */
  24:Drivers/CMSIS/Include/cmsis_gcc.h **** 
  25:Drivers/CMSIS/Include/cmsis_gcc.h **** #ifndef __CMSIS_GCC_H
  26:Drivers/CMSIS/Include/cmsis_gcc.h **** #define __CMSIS_GCC_H
  27:Drivers/CMSIS/Include/cmsis_gcc.h **** 
  28:Drivers/CMSIS/Include/cmsis_gcc.h **** /* ignore some GCC warnings */
  29:Drivers/CMSIS/Include/cmsis_gcc.h **** #pragma GCC diagnostic push
  30:Drivers/CMSIS/Include/cmsis_gcc.h **** #pragma GCC diagnostic ignored "-Wsign-conversion"
  31:Drivers/CMSIS/Include/cmsis_gcc.h **** #pragma GCC diagnostic ignored "-Wconversion"
  32:Drivers/CMSIS/Include/cmsis_gcc.h **** #pragma GCC diagnostic ignored "-Wunused-parameter"
  33:Drivers/CMSIS/Include/cmsis_gcc.h **** 
  34:Drivers/CMSIS/Include/cmsis_gcc.h **** /* Fallback for __has_builtin */
  35:Drivers/CMSIS/Include/cmsis_gcc.h **** #ifndef __has_builtin
  36:Drivers/CMSIS/Include/cmsis_gcc.h ****   #define __has_builtin(x) (0)
  37:Drivers/CMSIS/Include/cmsis_gcc.h **** #endif
  38:Drivers/CMSIS/Include/cmsis_gcc.h **** 
  39:Drivers/CMSIS/Include/cmsis_gcc.h **** /* CMSIS compiler specific defines */
  40:Drivers/CMSIS/Include/cmsis_gcc.h **** #ifndef   __ASM
  41:Drivers/CMSIS/Include/cmsis_gcc.h ****   #define __ASM                                  __asm
  42:Drivers/CMSIS/Include/cmsis_gcc.h **** #endif
  43:Drivers/CMSIS/Include/cmsis_gcc.h **** #ifndef   __INLINE
  44:Drivers/CMSIS/Include/cmsis_gcc.h ****   #define __INLINE                               inline
  45:Drivers/CMSIS/Include/cmsis_gcc.h **** #endif
  46:Drivers/CMSIS/Include/cmsis_gcc.h **** #ifndef   __STATIC_INLINE
  47:Drivers/CMSIS/Include/cmsis_gcc.h ****   #define __STATIC_INLINE                        static inline
  48:Drivers/CMSIS/Include/cmsis_gcc.h **** #endif
  49:Drivers/CMSIS/Include/cmsis_gcc.h **** #ifndef   __STATIC_FORCEINLINE                 
  50:Drivers/CMSIS/Include/cmsis_gcc.h ****   #define __STATIC_FORCEINLINE                   __attribute__((always_inline)) static inline
  51:Drivers/CMSIS/Include/cmsis_gcc.h **** #endif                                           
  52:Drivers/CMSIS/Include/cmsis_gcc.h **** #ifndef   __NO_RETURN
  53:Drivers/CMSIS/Include/cmsis_gcc.h ****   #define __NO_RETURN                            __attribute__((__noreturn__))
  54:Drivers/CMSIS/Include/cmsis_gcc.h **** #endif
  55:Drivers/CMSIS/Include/cmsis_gcc.h **** #ifndef   __USED
  56:Drivers/CMSIS/Include/cmsis_gcc.h ****   #define __USED                                 __attribute__((used))
  57:Drivers/CMSIS/Include/cmsis_gcc.h **** #endif
  58:Drivers/CMSIS/Include/cmsis_gcc.h **** #ifndef   __WEAK
  59:Drivers/CMSIS/Include/cmsis_gcc.h ****   #define __WEAK                                 __attribute__((weak))
  60:Drivers/CMSIS/Include/cmsis_gcc.h **** #endif
  61:Drivers/CMSIS/Include/cmsis_gcc.h **** #ifndef   __PACKED
  62:Drivers/CMSIS/Include/cmsis_gcc.h ****   #define __PACKED                               __attribute__((packed, aligned(1)))
  63:Drivers/CMSIS/Include/cmsis_gcc.h **** #endif
  64:Drivers/CMSIS/Include/cmsis_gcc.h **** #ifndef   __PACKED_STRUCT
  65:Drivers/CMSIS/Include/cmsis_gcc.h ****   #define __PACKED_STRUCT                        struct __attribute__((packed, aligned(1)))
  66:Drivers/CMSIS/Include/cmsis_gcc.h **** #endif
  67:Drivers/CMSIS/Include/cmsis_gcc.h **** #ifndef   __PACKED_UNION
  68:Drivers/CMSIS/Include/cmsis_gcc.h ****   #define __PACKED_UNION                         union __attribute__((packed, aligned(1)))
  69:Drivers/CMSIS/Include/cmsis_gcc.h **** #endif
  70:Drivers/CMSIS/Include/cmsis_gcc.h **** #ifndef   __UNALIGNED_UINT32        /* deprecated */
  71:Drivers/CMSIS/Include/cmsis_gcc.h ****   #pragma GCC diagnostic push
  72:Drivers/CMSIS/Include/cmsis_gcc.h ****   #pragma GCC diagnostic ignored "-Wpacked"
ARM GAS  C:\Users\Asus\AppData\Local\Temp\ccTS2pxd.s 			page 14


  73:Drivers/CMSIS/Include/cmsis_gcc.h ****   #pragma GCC diagnostic ignored "-Wattributes"
  74:Drivers/CMSIS/Include/cmsis_gcc.h ****   struct __attribute__((packed)) T_UINT32 { uint32_t v; };
  75:Drivers/CMSIS/Include/cmsis_gcc.h ****   #pragma GCC diagnostic pop
  76:Drivers/CMSIS/Include/cmsis_gcc.h ****   #define __UNALIGNED_UINT32(x)                  (((struct T_UINT32 *)(x))->v)
  77:Drivers/CMSIS/Include/cmsis_gcc.h **** #endif
  78:Drivers/CMSIS/Include/cmsis_gcc.h **** #ifndef   __UNALIGNED_UINT16_WRITE
  79:Drivers/CMSIS/Include/cmsis_gcc.h ****   #pragma GCC diagnostic push
  80:Drivers/CMSIS/Include/cmsis_gcc.h ****   #pragma GCC diagnostic ignored "-Wpacked"
  81:Drivers/CMSIS/Include/cmsis_gcc.h ****   #pragma GCC diagnostic ignored "-Wattributes"
  82:Drivers/CMSIS/Include/cmsis_gcc.h ****   __PACKED_STRUCT T_UINT16_WRITE { uint16_t v; };
  83:Drivers/CMSIS/Include/cmsis_gcc.h ****   #pragma GCC diagnostic pop
  84:Drivers/CMSIS/Include/cmsis_gcc.h ****   #define __UNALIGNED_UINT16_WRITE(addr, val)    (void)((((struct T_UINT16_WRITE *)(void *)(addr))-
  85:Drivers/CMSIS/Include/cmsis_gcc.h **** #endif
  86:Drivers/CMSIS/Include/cmsis_gcc.h **** #ifndef   __UNALIGNED_UINT16_READ
  87:Drivers/CMSIS/Include/cmsis_gcc.h ****   #pragma GCC diagnostic push
  88:Drivers/CMSIS/Include/cmsis_gcc.h ****   #pragma GCC diagnostic ignored "-Wpacked"
  89:Drivers/CMSIS/Include/cmsis_gcc.h ****   #pragma GCC diagnostic ignored "-Wattributes"
  90:Drivers/CMSIS/Include/cmsis_gcc.h ****   __PACKED_STRUCT T_UINT16_READ { uint16_t v; };
  91:Drivers/CMSIS/Include/cmsis_gcc.h ****   #pragma GCC diagnostic pop
  92:Drivers/CMSIS/Include/cmsis_gcc.h ****   #define __UNALIGNED_UINT16_READ(addr)          (((const struct T_UINT16_READ *)(const void *)(add
  93:Drivers/CMSIS/Include/cmsis_gcc.h **** #endif
  94:Drivers/CMSIS/Include/cmsis_gcc.h **** #ifndef   __UNALIGNED_UINT32_WRITE
  95:Drivers/CMSIS/Include/cmsis_gcc.h ****   #pragma GCC diagnostic push
  96:Drivers/CMSIS/Include/cmsis_gcc.h ****   #pragma GCC diagnostic ignored "-Wpacked"
  97:Drivers/CMSIS/Include/cmsis_gcc.h ****   #pragma GCC diagnostic ignored "-Wattributes"
  98:Drivers/CMSIS/Include/cmsis_gcc.h ****   __PACKED_STRUCT T_UINT32_WRITE { uint32_t v; };
  99:Drivers/CMSIS/Include/cmsis_gcc.h ****   #pragma GCC diagnostic pop
 100:Drivers/CMSIS/Include/cmsis_gcc.h ****   #define __UNALIGNED_UINT32_WRITE(addr, val)    (void)((((struct T_UINT32_WRITE *)(void *)(addr))-
 101:Drivers/CMSIS/Include/cmsis_gcc.h **** #endif
 102:Drivers/CMSIS/Include/cmsis_gcc.h **** #ifndef   __UNALIGNED_UINT32_READ
 103:Drivers/CMSIS/Include/cmsis_gcc.h ****   #pragma GCC diagnostic push
 104:Drivers/CMSIS/Include/cmsis_gcc.h ****   #pragma GCC diagnostic ignored "-Wpacked"
 105:Drivers/CMSIS/Include/cmsis_gcc.h ****   #pragma GCC diagnostic ignored "-Wattributes"
 106:Drivers/CMSIS/Include/cmsis_gcc.h ****   __PACKED_STRUCT T_UINT32_READ { uint32_t v; };
 107:Drivers/CMSIS/Include/cmsis_gcc.h ****   #pragma GCC diagnostic pop
 108:Drivers/CMSIS/Include/cmsis_gcc.h ****   #define __UNALIGNED_UINT32_READ(addr)          (((const struct T_UINT32_READ *)(const void *)(add
 109:Drivers/CMSIS/Include/cmsis_gcc.h **** #endif
 110:Drivers/CMSIS/Include/cmsis_gcc.h **** #ifndef   __ALIGNED
 111:Drivers/CMSIS/Include/cmsis_gcc.h ****   #define __ALIGNED(x)                           __attribute__((aligned(x)))
 112:Drivers/CMSIS/Include/cmsis_gcc.h **** #endif
 113:Drivers/CMSIS/Include/cmsis_gcc.h **** #ifndef   __RESTRICT
 114:Drivers/CMSIS/Include/cmsis_gcc.h ****   #define __RESTRICT                             __restrict
 115:Drivers/CMSIS/Include/cmsis_gcc.h **** #endif
 116:Drivers/CMSIS/Include/cmsis_gcc.h **** #ifndef   __COMPILER_BARRIER
 117:Drivers/CMSIS/Include/cmsis_gcc.h ****   #define __COMPILER_BARRIER()                   __ASM volatile("":::"memory")
 118:Drivers/CMSIS/Include/cmsis_gcc.h **** #endif
 119:Drivers/CMSIS/Include/cmsis_gcc.h **** 
 120:Drivers/CMSIS/Include/cmsis_gcc.h **** /* #########################  Startup and Lowlevel Init  ######################## */
 121:Drivers/CMSIS/Include/cmsis_gcc.h **** 
 122:Drivers/CMSIS/Include/cmsis_gcc.h **** #ifndef __PROGRAM_START
 123:Drivers/CMSIS/Include/cmsis_gcc.h **** 
 124:Drivers/CMSIS/Include/cmsis_gcc.h **** /**
 125:Drivers/CMSIS/Include/cmsis_gcc.h ****   \brief   Initializes data and bss sections
 126:Drivers/CMSIS/Include/cmsis_gcc.h ****   \details This default implementations initialized all data and additional bss
 127:Drivers/CMSIS/Include/cmsis_gcc.h ****            sections relying on .copy.table and .zero.table specified properly
 128:Drivers/CMSIS/Include/cmsis_gcc.h ****            in the used linker script.
 129:Drivers/CMSIS/Include/cmsis_gcc.h ****   
ARM GAS  C:\Users\Asus\AppData\Local\Temp\ccTS2pxd.s 			page 15


 130:Drivers/CMSIS/Include/cmsis_gcc.h ****  */
 131:Drivers/CMSIS/Include/cmsis_gcc.h **** __STATIC_FORCEINLINE __NO_RETURN void __cmsis_start(void)
 132:Drivers/CMSIS/Include/cmsis_gcc.h **** {
 133:Drivers/CMSIS/Include/cmsis_gcc.h ****   extern void _start(void) __NO_RETURN;
 134:Drivers/CMSIS/Include/cmsis_gcc.h ****   
 135:Drivers/CMSIS/Include/cmsis_gcc.h ****   typedef struct {
 136:Drivers/CMSIS/Include/cmsis_gcc.h ****     uint32_t const* src;
 137:Drivers/CMSIS/Include/cmsis_gcc.h ****     uint32_t* dest;
 138:Drivers/CMSIS/Include/cmsis_gcc.h ****     uint32_t  wlen;
 139:Drivers/CMSIS/Include/cmsis_gcc.h ****   } __copy_table_t;
 140:Drivers/CMSIS/Include/cmsis_gcc.h ****   
 141:Drivers/CMSIS/Include/cmsis_gcc.h ****   typedef struct {
 142:Drivers/CMSIS/Include/cmsis_gcc.h ****     uint32_t* dest;
 143:Drivers/CMSIS/Include/cmsis_gcc.h ****     uint32_t  wlen;
 144:Drivers/CMSIS/Include/cmsis_gcc.h ****   } __zero_table_t;
 145:Drivers/CMSIS/Include/cmsis_gcc.h ****   
 146:Drivers/CMSIS/Include/cmsis_gcc.h ****   extern const __copy_table_t __copy_table_start__;
 147:Drivers/CMSIS/Include/cmsis_gcc.h ****   extern const __copy_table_t __copy_table_end__;
 148:Drivers/CMSIS/Include/cmsis_gcc.h ****   extern const __zero_table_t __zero_table_start__;
 149:Drivers/CMSIS/Include/cmsis_gcc.h ****   extern const __zero_table_t __zero_table_end__;
 150:Drivers/CMSIS/Include/cmsis_gcc.h **** 
 151:Drivers/CMSIS/Include/cmsis_gcc.h ****   for (__copy_table_t const* pTable = &__copy_table_start__; pTable < &__copy_table_end__; ++pTable
 152:Drivers/CMSIS/Include/cmsis_gcc.h ****     for(uint32_t i=0u; i<pTable->wlen; ++i) {
 153:Drivers/CMSIS/Include/cmsis_gcc.h ****       pTable->dest[i] = pTable->src[i];
 154:Drivers/CMSIS/Include/cmsis_gcc.h ****     }
 155:Drivers/CMSIS/Include/cmsis_gcc.h ****   }
 156:Drivers/CMSIS/Include/cmsis_gcc.h ****  
 157:Drivers/CMSIS/Include/cmsis_gcc.h ****   for (__zero_table_t const* pTable = &__zero_table_start__; pTable < &__zero_table_end__; ++pTable
 158:Drivers/CMSIS/Include/cmsis_gcc.h ****     for(uint32_t i=0u; i<pTable->wlen; ++i) {
 159:Drivers/CMSIS/Include/cmsis_gcc.h ****       pTable->dest[i] = 0u;
 160:Drivers/CMSIS/Include/cmsis_gcc.h ****     }
 161:Drivers/CMSIS/Include/cmsis_gcc.h ****   }
 162:Drivers/CMSIS/Include/cmsis_gcc.h ****  
 163:Drivers/CMSIS/Include/cmsis_gcc.h ****   _start();
 164:Drivers/CMSIS/Include/cmsis_gcc.h **** }
 165:Drivers/CMSIS/Include/cmsis_gcc.h ****   
 166:Drivers/CMSIS/Include/cmsis_gcc.h **** #define __PROGRAM_START           __cmsis_start
 167:Drivers/CMSIS/Include/cmsis_gcc.h **** #endif
 168:Drivers/CMSIS/Include/cmsis_gcc.h **** 
 169:Drivers/CMSIS/Include/cmsis_gcc.h **** #ifndef __INITIAL_SP
 170:Drivers/CMSIS/Include/cmsis_gcc.h **** #define __INITIAL_SP              __StackTop
 171:Drivers/CMSIS/Include/cmsis_gcc.h **** #endif
 172:Drivers/CMSIS/Include/cmsis_gcc.h **** 
 173:Drivers/CMSIS/Include/cmsis_gcc.h **** #ifndef __STACK_LIMIT
 174:Drivers/CMSIS/Include/cmsis_gcc.h **** #define __STACK_LIMIT             __StackLimit
 175:Drivers/CMSIS/Include/cmsis_gcc.h **** #endif
 176:Drivers/CMSIS/Include/cmsis_gcc.h **** 
 177:Drivers/CMSIS/Include/cmsis_gcc.h **** #ifndef __VECTOR_TABLE
 178:Drivers/CMSIS/Include/cmsis_gcc.h **** #define __VECTOR_TABLE            __Vectors
 179:Drivers/CMSIS/Include/cmsis_gcc.h **** #endif
 180:Drivers/CMSIS/Include/cmsis_gcc.h **** 
 181:Drivers/CMSIS/Include/cmsis_gcc.h **** #ifndef __VECTOR_TABLE_ATTRIBUTE
 182:Drivers/CMSIS/Include/cmsis_gcc.h **** #define __VECTOR_TABLE_ATTRIBUTE  __attribute((used, section(".vectors")))
 183:Drivers/CMSIS/Include/cmsis_gcc.h **** #endif
 184:Drivers/CMSIS/Include/cmsis_gcc.h **** 
 185:Drivers/CMSIS/Include/cmsis_gcc.h **** /* ###########################  Core Function Access  ########################### */
 186:Drivers/CMSIS/Include/cmsis_gcc.h **** /** \ingroup  CMSIS_Core_FunctionInterface
ARM GAS  C:\Users\Asus\AppData\Local\Temp\ccTS2pxd.s 			page 16


 187:Drivers/CMSIS/Include/cmsis_gcc.h ****     \defgroup CMSIS_Core_RegAccFunctions CMSIS Core Register Access Functions
 188:Drivers/CMSIS/Include/cmsis_gcc.h ****   @{
 189:Drivers/CMSIS/Include/cmsis_gcc.h ****  */
 190:Drivers/CMSIS/Include/cmsis_gcc.h **** 
 191:Drivers/CMSIS/Include/cmsis_gcc.h **** /**
 192:Drivers/CMSIS/Include/cmsis_gcc.h ****   \brief   Enable IRQ Interrupts
 193:Drivers/CMSIS/Include/cmsis_gcc.h ****   \details Enables IRQ interrupts by clearing the I-bit in the CPSR.
 194:Drivers/CMSIS/Include/cmsis_gcc.h ****            Can only be executed in Privileged modes.
 195:Drivers/CMSIS/Include/cmsis_gcc.h ****  */
 196:Drivers/CMSIS/Include/cmsis_gcc.h **** __STATIC_FORCEINLINE void __enable_irq(void)
 197:Drivers/CMSIS/Include/cmsis_gcc.h **** {
 198:Drivers/CMSIS/Include/cmsis_gcc.h ****   __ASM volatile ("cpsie i" : : : "memory");
 199:Drivers/CMSIS/Include/cmsis_gcc.h **** }
 200:Drivers/CMSIS/Include/cmsis_gcc.h **** 
 201:Drivers/CMSIS/Include/cmsis_gcc.h **** 
 202:Drivers/CMSIS/Include/cmsis_gcc.h **** /**
 203:Drivers/CMSIS/Include/cmsis_gcc.h ****   \brief   Disable IRQ Interrupts
 204:Drivers/CMSIS/Include/cmsis_gcc.h ****   \details Disables IRQ interrupts by setting the I-bit in the CPSR.
 205:Drivers/CMSIS/Include/cmsis_gcc.h ****            Can only be executed in Privileged modes.
 206:Drivers/CMSIS/Include/cmsis_gcc.h ****  */
 207:Drivers/CMSIS/Include/cmsis_gcc.h **** __STATIC_FORCEINLINE void __disable_irq(void)
 300              		.loc 2 207 27 view .LVU58
 301              	.LBB9:
 208:Drivers/CMSIS/Include/cmsis_gcc.h **** {
 209:Drivers/CMSIS/Include/cmsis_gcc.h ****   __ASM volatile ("cpsid i" : : : "memory");
 302              		.loc 2 209 3 view .LVU59
 303              		.syntax divided
 304              	@ 209 "Drivers/CMSIS/Include/cmsis_gcc.h" 1
 305 0000 72B6     		cpsid i
 306              	@ 0 "" 2
 307              		.thumb
 308              		.syntax unified
 309              	.L17:
 310              	.LBE9:
 311              	.LBE8:
 374:Core/Src/main.c ****   while (1)
 312              		.loc 1 374 3 discriminator 1 view .LVU60
 375:Core/Src/main.c ****   {
 376:Core/Src/main.c ****   }
 313              		.loc 1 376 3 discriminator 1 view .LVU61
 374:Core/Src/main.c ****   while (1)
 314              		.loc 1 374 9 discriminator 1 view .LVU62
 315 0002 FEE7     		b	.L17
 316              		.cfi_endproc
 317              	.LFE317:
 319              		.section	.text.MX_USART2_UART_Init,"ax",%progbits
 320              		.align	1
 321              		.syntax unified
 322              		.code	16
 323              		.thumb_func
 325              	MX_USART2_UART_Init:
 326              	.LFB312:
 224:Core/Src/main.c **** 
 327              		.loc 1 224 1 view -0
 328              		.cfi_startproc
 329              		@ args = 0, pretend = 0, frame = 0
 330              		@ frame_needed = 0, uses_anonymous_args = 0
ARM GAS  C:\Users\Asus\AppData\Local\Temp\ccTS2pxd.s 			page 17


 331 0000 10B5     		push	{r4, lr}
 332              		.cfi_def_cfa_offset 8
 333              		.cfi_offset 4, -8
 334              		.cfi_offset 14, -4
 233:Core/Src/main.c ****   huart2.Init.BaudRate = 115200;
 335              		.loc 1 233 3 view .LVU64
 233:Core/Src/main.c ****   huart2.Init.BaudRate = 115200;
 336              		.loc 1 233 19 is_stmt 0 view .LVU65
 337 0002 1748     		ldr	r0, .L27
 338 0004 174B     		ldr	r3, .L27+4
 339 0006 0360     		str	r3, [r0]
 234:Core/Src/main.c ****   huart2.Init.WordLength = UART_WORDLENGTH_8B;
 340              		.loc 1 234 3 is_stmt 1 view .LVU66
 234:Core/Src/main.c ****   huart2.Init.WordLength = UART_WORDLENGTH_8B;
 341              		.loc 1 234 24 is_stmt 0 view .LVU67
 342 0008 E123     		movs	r3, #225
 343 000a 5B02     		lsls	r3, r3, #9
 344 000c 4360     		str	r3, [r0, #4]
 235:Core/Src/main.c ****   huart2.Init.StopBits = UART_STOPBITS_1;
 345              		.loc 1 235 3 is_stmt 1 view .LVU68
 235:Core/Src/main.c ****   huart2.Init.StopBits = UART_STOPBITS_1;
 346              		.loc 1 235 26 is_stmt 0 view .LVU69
 347 000e 0023     		movs	r3, #0
 348 0010 8360     		str	r3, [r0, #8]
 236:Core/Src/main.c ****   huart2.Init.Parity = UART_PARITY_NONE;
 349              		.loc 1 236 3 is_stmt 1 view .LVU70
 236:Core/Src/main.c ****   huart2.Init.Parity = UART_PARITY_NONE;
 350              		.loc 1 236 24 is_stmt 0 view .LVU71
 351 0012 C360     		str	r3, [r0, #12]
 237:Core/Src/main.c ****   huart2.Init.Mode = UART_MODE_TX_RX;
 352              		.loc 1 237 3 is_stmt 1 view .LVU72
 237:Core/Src/main.c ****   huart2.Init.Mode = UART_MODE_TX_RX;
 353              		.loc 1 237 22 is_stmt 0 view .LVU73
 354 0014 0361     		str	r3, [r0, #16]
 238:Core/Src/main.c ****   huart2.Init.HwFlowCtl = UART_HWCONTROL_NONE;
 355              		.loc 1 238 3 is_stmt 1 view .LVU74
 238:Core/Src/main.c ****   huart2.Init.HwFlowCtl = UART_HWCONTROL_NONE;
 356              		.loc 1 238 20 is_stmt 0 view .LVU75
 357 0016 0C22     		movs	r2, #12
 358 0018 4261     		str	r2, [r0, #20]
 239:Core/Src/main.c ****   huart2.Init.OverSampling = UART_OVERSAMPLING_16;
 359              		.loc 1 239 3 is_stmt 1 view .LVU76
 239:Core/Src/main.c ****   huart2.Init.OverSampling = UART_OVERSAMPLING_16;
 360              		.loc 1 239 25 is_stmt 0 view .LVU77
 361 001a 8361     		str	r3, [r0, #24]
 240:Core/Src/main.c ****   huart2.Init.OneBitSampling = UART_ONE_BIT_SAMPLE_DISABLE;
 362              		.loc 1 240 3 is_stmt 1 view .LVU78
 240:Core/Src/main.c ****   huart2.Init.OneBitSampling = UART_ONE_BIT_SAMPLE_DISABLE;
 363              		.loc 1 240 28 is_stmt 0 view .LVU79
 364 001c C361     		str	r3, [r0, #28]
 241:Core/Src/main.c ****   huart2.Init.ClockPrescaler = UART_PRESCALER_DIV1;
 365              		.loc 1 241 3 is_stmt 1 view .LVU80
 241:Core/Src/main.c ****   huart2.Init.ClockPrescaler = UART_PRESCALER_DIV1;
 366              		.loc 1 241 30 is_stmt 0 view .LVU81
 367 001e 0362     		str	r3, [r0, #32]
 242:Core/Src/main.c ****   huart2.AdvancedInit.AdvFeatureInit = UART_ADVFEATURE_NO_INIT;
 368              		.loc 1 242 3 is_stmt 1 view .LVU82
ARM GAS  C:\Users\Asus\AppData\Local\Temp\ccTS2pxd.s 			page 18


 242:Core/Src/main.c ****   huart2.AdvancedInit.AdvFeatureInit = UART_ADVFEATURE_NO_INIT;
 369              		.loc 1 242 30 is_stmt 0 view .LVU83
 370 0020 4362     		str	r3, [r0, #36]
 243:Core/Src/main.c ****   if (HAL_UART_Init(&huart2) != HAL_OK)
 371              		.loc 1 243 3 is_stmt 1 view .LVU84
 243:Core/Src/main.c ****   if (HAL_UART_Init(&huart2) != HAL_OK)
 372              		.loc 1 243 38 is_stmt 0 view .LVU85
 373 0022 8362     		str	r3, [r0, #40]
 244:Core/Src/main.c ****   {
 374              		.loc 1 244 3 is_stmt 1 view .LVU86
 244:Core/Src/main.c ****   {
 375              		.loc 1 244 7 is_stmt 0 view .LVU87
 376 0024 FFF7FEFF 		bl	HAL_UART_Init
 377              	.LVL15:
 244:Core/Src/main.c ****   {
 378              		.loc 1 244 6 view .LVU88
 379 0028 0028     		cmp	r0, #0
 380 002a 11D1     		bne	.L23
 248:Core/Src/main.c ****   {
 381              		.loc 1 248 3 is_stmt 1 view .LVU89
 248:Core/Src/main.c ****   {
 382              		.loc 1 248 7 is_stmt 0 view .LVU90
 383 002c 0C48     		ldr	r0, .L27
 384 002e 0021     		movs	r1, #0
 385 0030 FFF7FEFF 		bl	HAL_UARTEx_SetTxFifoThreshold
 386              	.LVL16:
 248:Core/Src/main.c ****   {
 387              		.loc 1 248 6 view .LVU91
 388 0034 0028     		cmp	r0, #0
 389 0036 0DD1     		bne	.L24
 252:Core/Src/main.c ****   {
 390              		.loc 1 252 3 is_stmt 1 view .LVU92
 252:Core/Src/main.c ****   {
 391              		.loc 1 252 7 is_stmt 0 view .LVU93
 392 0038 0948     		ldr	r0, .L27
 393 003a 0021     		movs	r1, #0
 394 003c FFF7FEFF 		bl	HAL_UARTEx_SetRxFifoThreshold
 395              	.LVL17:
 252:Core/Src/main.c ****   {
 396              		.loc 1 252 6 view .LVU94
 397 0040 0028     		cmp	r0, #0
 398 0042 09D1     		bne	.L25
 256:Core/Src/main.c ****   {
 399              		.loc 1 256 3 is_stmt 1 view .LVU95
 256:Core/Src/main.c ****   {
 400              		.loc 1 256 7 is_stmt 0 view .LVU96
 401 0044 0648     		ldr	r0, .L27
 402 0046 FFF7FEFF 		bl	HAL_UARTEx_DisableFifoMode
 403              	.LVL18:
 256:Core/Src/main.c ****   {
 404              		.loc 1 256 6 view .LVU97
 405 004a 0028     		cmp	r0, #0
 406 004c 06D1     		bne	.L26
 264:Core/Src/main.c **** 
 407              		.loc 1 264 1 view .LVU98
 408              		@ sp needed
 409 004e 10BD     		pop	{r4, pc}
ARM GAS  C:\Users\Asus\AppData\Local\Temp\ccTS2pxd.s 			page 19


 410              	.L23:
 246:Core/Src/main.c ****   }
 411              		.loc 1 246 5 is_stmt 1 view .LVU99
 412 0050 FFF7FEFF 		bl	Error_Handler
 413              	.LVL19:
 414              	.L24:
 250:Core/Src/main.c ****   }
 415              		.loc 1 250 5 view .LVU100
 416 0054 FFF7FEFF 		bl	Error_Handler
 417              	.LVL20:
 418              	.L25:
 254:Core/Src/main.c ****   }
 419              		.loc 1 254 5 view .LVU101
 420 0058 FFF7FEFF 		bl	Error_Handler
 421              	.LVL21:
 422              	.L26:
 258:Core/Src/main.c ****   }
 423              		.loc 1 258 5 view .LVU102
 424 005c FFF7FEFF 		bl	Error_Handler
 425              	.LVL22:
 426              	.L28:
 427              		.align	2
 428              	.L27:
 429 0060 00000000 		.word	huart2
 430 0064 00440040 		.word	1073759232
 431              		.cfi_endproc
 432              	.LFE312:
 434              		.section	.text.SystemClock_Config,"ax",%progbits
 435              		.align	1
 436              		.global	SystemClock_Config
 437              		.syntax unified
 438              		.code	16
 439              		.thumb_func
 441              	SystemClock_Config:
 442              	.LFB311:
 178:Core/Src/main.c ****   RCC_OscInitTypeDef RCC_OscInitStruct = {0};
 443              		.loc 1 178 1 view -0
 444              		.cfi_startproc
 445              		@ args = 0, pretend = 0, frame = 72
 446              		@ frame_needed = 0, uses_anonymous_args = 0
 447 0000 00B5     		push	{lr}
 448              		.cfi_def_cfa_offset 4
 449              		.cfi_offset 14, -4
 450 0002 93B0     		sub	sp, sp, #76
 451              		.cfi_def_cfa_offset 80
 179:Core/Src/main.c ****   RCC_ClkInitTypeDef RCC_ClkInitStruct = {0};
 452              		.loc 1 179 3 view .LVU104
 179:Core/Src/main.c ****   RCC_ClkInitTypeDef RCC_ClkInitStruct = {0};
 453              		.loc 1 179 22 is_stmt 0 view .LVU105
 454 0004 3422     		movs	r2, #52
 455 0006 0021     		movs	r1, #0
 456 0008 05A8     		add	r0, sp, #20
 457 000a FFF7FEFF 		bl	memset
 458              	.LVL23:
 180:Core/Src/main.c **** 
 459              		.loc 1 180 3 is_stmt 1 view .LVU106
 180:Core/Src/main.c **** 
ARM GAS  C:\Users\Asus\AppData\Local\Temp\ccTS2pxd.s 			page 20


 460              		.loc 1 180 22 is_stmt 0 view .LVU107
 461 000e 1022     		movs	r2, #16
 462 0010 0021     		movs	r1, #0
 463 0012 01A8     		add	r0, sp, #4
 464 0014 FFF7FEFF 		bl	memset
 465              	.LVL24:
 184:Core/Src/main.c **** 
 466              		.loc 1 184 3 is_stmt 1 view .LVU108
 467 0018 8020     		movs	r0, #128
 468 001a 8000     		lsls	r0, r0, #2
 469 001c FFF7FEFF 		bl	HAL_PWREx_ControlVoltageScaling
 470              	.LVL25:
 189:Core/Src/main.c ****   RCC_OscInitStruct.HSIState = RCC_HSI_ON;
 471              		.loc 1 189 3 view .LVU109
 189:Core/Src/main.c ****   RCC_OscInitStruct.HSIState = RCC_HSI_ON;
 472              		.loc 1 189 36 is_stmt 0 view .LVU110
 473 0020 0223     		movs	r3, #2
 474 0022 0593     		str	r3, [sp, #20]
 190:Core/Src/main.c ****   RCC_OscInitStruct.HSIDiv = RCC_HSI_DIV1;
 475              		.loc 1 190 3 is_stmt 1 view .LVU111
 190:Core/Src/main.c ****   RCC_OscInitStruct.HSIDiv = RCC_HSI_DIV1;
 476              		.loc 1 190 30 is_stmt 0 view .LVU112
 477 0024 8022     		movs	r2, #128
 478 0026 5200     		lsls	r2, r2, #1
 479 0028 0892     		str	r2, [sp, #32]
 191:Core/Src/main.c ****   RCC_OscInitStruct.HSICalibrationValue = RCC_HSICALIBRATION_DEFAULT;
 480              		.loc 1 191 3 is_stmt 1 view .LVU113
 191:Core/Src/main.c ****   RCC_OscInitStruct.HSICalibrationValue = RCC_HSICALIBRATION_DEFAULT;
 481              		.loc 1 191 28 is_stmt 0 view .LVU114
 482 002a 0022     		movs	r2, #0
 483 002c 0992     		str	r2, [sp, #36]
 192:Core/Src/main.c ****   RCC_OscInitStruct.PLL.PLLState = RCC_PLL_ON;
 484              		.loc 1 192 3 is_stmt 1 view .LVU115
 192:Core/Src/main.c ****   RCC_OscInitStruct.PLL.PLLState = RCC_PLL_ON;
 485              		.loc 1 192 41 is_stmt 0 view .LVU116
 486 002e 4021     		movs	r1, #64
 487 0030 0A91     		str	r1, [sp, #40]
 193:Core/Src/main.c ****   RCC_OscInitStruct.PLL.PLLSource = RCC_PLLSOURCE_HSI;
 488              		.loc 1 193 3 is_stmt 1 view .LVU117
 193:Core/Src/main.c ****   RCC_OscInitStruct.PLL.PLLSource = RCC_PLLSOURCE_HSI;
 489              		.loc 1 193 34 is_stmt 0 view .LVU118
 490 0032 0C93     		str	r3, [sp, #48]
 194:Core/Src/main.c ****   RCC_OscInitStruct.PLL.PLLM = RCC_PLLM_DIV1;
 491              		.loc 1 194 3 is_stmt 1 view .LVU119
 194:Core/Src/main.c ****   RCC_OscInitStruct.PLL.PLLM = RCC_PLLM_DIV1;
 492              		.loc 1 194 35 is_stmt 0 view .LVU120
 493 0034 0D93     		str	r3, [sp, #52]
 195:Core/Src/main.c ****   RCC_OscInitStruct.PLL.PLLN = 8;
 494              		.loc 1 195 3 is_stmt 1 view .LVU121
 195:Core/Src/main.c ****   RCC_OscInitStruct.PLL.PLLN = 8;
 495              		.loc 1 195 30 is_stmt 0 view .LVU122
 496 0036 0E92     		str	r2, [sp, #56]
 196:Core/Src/main.c ****   RCC_OscInitStruct.PLL.PLLP = RCC_PLLP_DIV2;
 497              		.loc 1 196 3 is_stmt 1 view .LVU123
 196:Core/Src/main.c ****   RCC_OscInitStruct.PLL.PLLP = RCC_PLLP_DIV2;
 498              		.loc 1 196 30 is_stmt 0 view .LVU124
 499 0038 0633     		adds	r3, r3, #6
ARM GAS  C:\Users\Asus\AppData\Local\Temp\ccTS2pxd.s 			page 21


 500 003a 0F93     		str	r3, [sp, #60]
 197:Core/Src/main.c ****   RCC_OscInitStruct.PLL.PLLR = RCC_PLLR_DIV2;
 501              		.loc 1 197 3 is_stmt 1 view .LVU125
 197:Core/Src/main.c ****   RCC_OscInitStruct.PLL.PLLR = RCC_PLLR_DIV2;
 502              		.loc 1 197 30 is_stmt 0 view .LVU126
 503 003c 8023     		movs	r3, #128
 504 003e 9B02     		lsls	r3, r3, #10
 505 0040 1093     		str	r3, [sp, #64]
 198:Core/Src/main.c ****   if (HAL_RCC_OscConfig(&RCC_OscInitStruct) != HAL_OK)
 506              		.loc 1 198 3 is_stmt 1 view .LVU127
 198:Core/Src/main.c ****   if (HAL_RCC_OscConfig(&RCC_OscInitStruct) != HAL_OK)
 507              		.loc 1 198 30 is_stmt 0 view .LVU128
 508 0042 8023     		movs	r3, #128
 509 0044 9B05     		lsls	r3, r3, #22
 510 0046 1193     		str	r3, [sp, #68]
 199:Core/Src/main.c ****   {
 511              		.loc 1 199 3 is_stmt 1 view .LVU129
 199:Core/Src/main.c ****   {
 512              		.loc 1 199 7 is_stmt 0 view .LVU130
 513 0048 05A8     		add	r0, sp, #20
 514 004a FFF7FEFF 		bl	HAL_RCC_OscConfig
 515              	.LVL26:
 199:Core/Src/main.c ****   {
 516              		.loc 1 199 6 view .LVU131
 517 004e 0028     		cmp	r0, #0
 518 0050 0ED1     		bne	.L32
 206:Core/Src/main.c ****                               |RCC_CLOCKTYPE_PCLK1;
 519              		.loc 1 206 3 is_stmt 1 view .LVU132
 206:Core/Src/main.c ****                               |RCC_CLOCKTYPE_PCLK1;
 520              		.loc 1 206 31 is_stmt 0 view .LVU133
 521 0052 0723     		movs	r3, #7
 522 0054 0193     		str	r3, [sp, #4]
 208:Core/Src/main.c ****   RCC_ClkInitStruct.AHBCLKDivider = RCC_SYSCLK_DIV1;
 523              		.loc 1 208 3 is_stmt 1 view .LVU134
 208:Core/Src/main.c ****   RCC_ClkInitStruct.AHBCLKDivider = RCC_SYSCLK_DIV1;
 524              		.loc 1 208 34 is_stmt 0 view .LVU135
 525 0056 053B     		subs	r3, r3, #5
 526 0058 0293     		str	r3, [sp, #8]
 209:Core/Src/main.c ****   RCC_ClkInitStruct.APB1CLKDivider = RCC_HCLK_DIV1;
 527              		.loc 1 209 3 is_stmt 1 view .LVU136
 209:Core/Src/main.c ****   RCC_ClkInitStruct.APB1CLKDivider = RCC_HCLK_DIV1;
 528              		.loc 1 209 35 is_stmt 0 view .LVU137
 529 005a 0023     		movs	r3, #0
 530 005c 0393     		str	r3, [sp, #12]
 210:Core/Src/main.c **** 
 531              		.loc 1 210 3 is_stmt 1 view .LVU138
 210:Core/Src/main.c **** 
 532              		.loc 1 210 36 is_stmt 0 view .LVU139
 533 005e 0493     		str	r3, [sp, #16]
 212:Core/Src/main.c ****   {
 534              		.loc 1 212 3 is_stmt 1 view .LVU140
 212:Core/Src/main.c ****   {
 535              		.loc 1 212 7 is_stmt 0 view .LVU141
 536 0060 0221     		movs	r1, #2
 537 0062 01A8     		add	r0, sp, #4
 538 0064 FFF7FEFF 		bl	HAL_RCC_ClockConfig
 539              	.LVL27:
ARM GAS  C:\Users\Asus\AppData\Local\Temp\ccTS2pxd.s 			page 22


 212:Core/Src/main.c ****   {
 540              		.loc 1 212 6 view .LVU142
 541 0068 0028     		cmp	r0, #0
 542 006a 03D1     		bne	.L33
 216:Core/Src/main.c **** 
 543              		.loc 1 216 1 view .LVU143
 544 006c 13B0     		add	sp, sp, #76
 545              		@ sp needed
 546 006e 00BD     		pop	{pc}
 547              	.L32:
 201:Core/Src/main.c ****   }
 548              		.loc 1 201 5 is_stmt 1 view .LVU144
 549 0070 FFF7FEFF 		bl	Error_Handler
 550              	.LVL28:
 551              	.L33:
 214:Core/Src/main.c ****   }
 552              		.loc 1 214 5 view .LVU145
 553 0074 FFF7FEFF 		bl	Error_Handler
 554              	.LVL29:
 555              		.cfi_endproc
 556              	.LFE311:
 558              		.section	.text.main,"ax",%progbits
 559              		.align	1
 560              		.global	main
 561              		.syntax unified
 562              		.code	16
 563              		.thumb_func
 565              	main:
 566              	.LFB310:
  94:Core/Src/main.c **** 
 567              		.loc 1 94 1 view -0
 568              		.cfi_startproc
 569              		@ Volatile: function does not return.
 570              		@ args = 0, pretend = 0, frame = 48
 571              		@ frame_needed = 0, uses_anonymous_args = 0
 572 0000 70B5     		push	{r4, r5, r6, lr}
 573              		.cfi_def_cfa_offset 16
 574              		.cfi_offset 4, -16
 575              		.cfi_offset 5, -12
 576              		.cfi_offset 6, -8
 577              		.cfi_offset 14, -4
 578 0002 8CB0     		sub	sp, sp, #48
 579              		.cfi_def_cfa_offset 64
 103:Core/Src/main.c **** 
 580              		.loc 1 103 3 view .LVU147
 581 0004 FFF7FEFF 		bl	HAL_Init
 582              	.LVL30:
 110:Core/Src/main.c **** 
 583              		.loc 1 110 3 view .LVU148
 584 0008 FFF7FEFF 		bl	SystemClock_Config
 585              	.LVL31:
 117:Core/Src/main.c ****   MX_USART2_UART_Init();
 586              		.loc 1 117 3 view .LVU149
 587 000c FFF7FEFF 		bl	MX_GPIO_Init
 588              	.LVL32:
 118:Core/Src/main.c ****   /* USER CODE BEGIN 2 */
 589              		.loc 1 118 3 view .LVU150
ARM GAS  C:\Users\Asus\AppData\Local\Temp\ccTS2pxd.s 			page 23


 590 0010 FFF7FEFF 		bl	MX_USART2_UART_Init
 591              	.LVL33:
 137:Core/Src/main.c ****   myQueue01Handle = osMessageCreate(osMessageQ(myQueue01), NULL);
 592              		.loc 1 137 3 view .LVU151
 593 0014 0AA8     		add	r0, sp, #40
 594 0016 124C     		ldr	r4, .L36
 595 0018 0300     		movs	r3, r0
 596 001a 2500     		movs	r5, r4
 597 001c 06CD     		ldmia	r5!, {r1, r2}
 598 001e 06C3     		stmia	r3!, {r1, r2}
 138:Core/Src/main.c **** 
 599              		.loc 1 138 3 view .LVU152
 138:Core/Src/main.c **** 
 600              		.loc 1 138 21 is_stmt 0 view .LVU153
 601 0020 0021     		movs	r1, #0
 602 0022 FFF7FEFF 		bl	osMessageCreate
 603              	.LVL34:
 138:Core/Src/main.c **** 
 604              		.loc 1 138 19 view .LVU154
 605 0026 0F4B     		ldr	r3, .L36+4
 606 0028 1860     		str	r0, [r3]
 146:Core/Src/main.c ****   defaultTaskHandle = osThreadCreate(osThread(defaultTask), NULL);
 607              		.loc 1 146 3 is_stmt 1 view .LVU155
 608 002a 05A8     		add	r0, sp, #20
 609 002c 0300     		movs	r3, r0
 610 002e 46CD     		ldmia	r5!, {r1, r2, r6}
 611 0030 46C3     		stmia	r3!, {r1, r2, r6}
 612 0032 06CD     		ldmia	r5!, {r1, r2}
 613 0034 06C3     		stmia	r3!, {r1, r2}
 147:Core/Src/main.c **** 
 614              		.loc 1 147 3 view .LVU156
 147:Core/Src/main.c **** 
 615              		.loc 1 147 23 is_stmt 0 view .LVU157
 616 0036 0021     		movs	r1, #0
 617 0038 FFF7FEFF 		bl	osThreadCreate
 618              	.LVL35:
 147:Core/Src/main.c **** 
 619              		.loc 1 147 21 view .LVU158
 620 003c 0A4B     		ldr	r3, .L36+8
 621 003e 1860     		str	r0, [r3]
 150:Core/Src/main.c ****   myTask02Handle = osThreadCreate(osThread(myTask02), NULL);
 622              		.loc 1 150 3 is_stmt 1 view .LVU159
 623 0040 6846     		mov	r0, sp
 624 0042 2300     		movs	r3, r4
 625 0044 1C33     		adds	r3, r3, #28
 626 0046 0200     		movs	r2, r0
 627 0048 32CB     		ldmia	r3!, {r1, r4, r5}
 628 004a 32C2     		stmia	r2!, {r1, r4, r5}
 629 004c 12CB     		ldmia	r3!, {r1, r4}
 630 004e 12C2     		stmia	r2!, {r1, r4}
 151:Core/Src/main.c **** 
 631              		.loc 1 151 3 view .LVU160
 151:Core/Src/main.c **** 
 632              		.loc 1 151 20 is_stmt 0 view .LVU161
 633 0050 0021     		movs	r1, #0
 634 0052 FFF7FEFF 		bl	osThreadCreate
 635              	.LVL36:
ARM GAS  C:\Users\Asus\AppData\Local\Temp\ccTS2pxd.s 			page 24


 151:Core/Src/main.c **** 
 636              		.loc 1 151 18 view .LVU162
 637 0056 054B     		ldr	r3, .L36+12
 638 0058 1860     		str	r0, [r3]
 158:Core/Src/main.c **** 
 639              		.loc 1 158 3 is_stmt 1 view .LVU163
 640 005a FFF7FEFF 		bl	osKernelStart
 641              	.LVL37:
 642              	.L35:
 164:Core/Src/main.c ****   {
 643              		.loc 1 164 3 discriminator 1 view .LVU164
 169:Core/Src/main.c ****   /* USER CODE END 3 */
 644              		.loc 1 169 3 discriminator 1 view .LVU165
 164:Core/Src/main.c ****   {
 645              		.loc 1 164 9 discriminator 1 view .LVU166
 646 005e FEE7     		b	.L35
 647              	.L37:
 648              		.align	2
 649              	.L36:
 650 0060 00000000 		.word	.LANCHOR0
 651 0064 00000000 		.word	myQueue01Handle
 652 0068 00000000 		.word	defaultTaskHandle
 653 006c 00000000 		.word	myTask02Handle
 654              		.cfi_endproc
 655              	.LFE310:
 657              		.section	.rodata.str1.4,"aMS",%progbits,1
 658              		.align	2
 659              	.LC3:
 660 0000 6D795461 		.ascii	"myTask02\000"
 660      736B3032 
 660      00
 661 0009 000000   		.align	2
 662              	.LC1:
 663 000c 64656661 		.ascii	"defaultTask\000"
 663      756C7454 
 663      61736B00 
 664              		.global	myQueue01Handle
 665              		.section	.bss.myQueue01Handle,"aw",%nobits
 666              		.align	2
 669              	myQueue01Handle:
 670 0000 00000000 		.space	4
 671              		.global	myTask02Handle
 672              		.section	.bss.myTask02Handle,"aw",%nobits
 673              		.align	2
 676              	myTask02Handle:
 677 0000 00000000 		.space	4
 678              		.global	defaultTaskHandle
 679              		.section	.bss.defaultTaskHandle,"aw",%nobits
 680              		.align	2
 683              	defaultTaskHandle:
 684 0000 00000000 		.space	4
 685              		.global	huart2
 686              		.section	.bss.huart2,"aw",%nobits
 687              		.align	2
 690              	huart2:
 691 0000 00000000 		.space	148
 691      00000000 
ARM GAS  C:\Users\Asus\AppData\Local\Temp\ccTS2pxd.s 			page 25


 691      00000000 
 691      00000000 
 691      00000000 
 692              		.section	.rodata
 693              		.align	2
 694              		.set	.LANCHOR0,. + 0
 695              	.LC0:
 696 0000 05000000 		.word	5
 697 0004 02000000 		.word	2
 698              	.LC12:
 699 0008 0C000000 		.word	.LC1
 700 000c 00000000 		.word	StartDefaultTask
 701 0010 0000     		.short	0
 702 0012 0000     		.space	2
 703 0014 00000000 		.word	0
 704 0018 80000000 		.word	128
 705              	.LC14:
 706 001c 00000000 		.word	.LC3
 707 0020 00000000 		.word	StartTask02
 708 0024 0000     		.short	0
 709 0026 0000     		.space	2
 710 0028 00000000 		.word	0
 711 002c 80000000 		.word	128
 712              		.text
 713              	.Letext0:
 714              		.file 3 "c:\\msys64\\mingw64\\arm-none-eabi\\include\\machine\\_default_types.h"
 715              		.file 4 "c:\\msys64\\mingw64\\arm-none-eabi\\include\\sys\\_stdint.h"
 716              		.file 5 "Drivers/CMSIS/Device/ST/STM32G0xx/Include/stm32g070xx.h"
 717              		.file 6 "Drivers/STM32G0xx_HAL_Driver/Inc/stm32g0xx_hal_def.h"
 718              		.file 7 "Drivers/STM32G0xx_HAL_Driver/Inc/stm32g0xx_hal_rcc.h"
 719              		.file 8 "Drivers/STM32G0xx_HAL_Driver/Inc/stm32g0xx_hal_gpio.h"
 720              		.file 9 "Drivers/STM32G0xx_HAL_Driver/Inc/stm32g0xx_hal_dma.h"
 721              		.file 10 "Drivers/STM32G0xx_HAL_Driver/Inc/stm32g0xx_hal_tim.h"
 722              		.file 11 "Drivers/STM32G0xx_HAL_Driver/Inc/stm32g0xx_hal_uart.h"
 723              		.file 12 "Middlewares/Third_Party/FreeRTOS/Source/portable/GCC/ARM_CM0/portmacro.h"
 724              		.file 13 "Middlewares/Third_Party/FreeRTOS/Source/include/task.h"
 725              		.file 14 "Middlewares/Third_Party/FreeRTOS/Source/include/queue.h"
 726              		.file 15 "Middlewares/Third_Party/FreeRTOS/Source/CMSIS_RTOS/cmsis_os.h"
 727              		.file 16 "Drivers/STM32G0xx_HAL_Driver/Inc/stm32g0xx_ll_dma.h"
 728              		.file 17 "Drivers/STM32G0xx_HAL_Driver/Inc/stm32g0xx_hal_pwr_ex.h"
 729              		.file 18 "Drivers/STM32G0xx_HAL_Driver/Inc/stm32g0xx_hal_uart_ex.h"
 730              		.file 19 "Drivers/STM32G0xx_HAL_Driver/Inc/stm32g0xx_hal.h"
 731              		.file 20 "<built-in>"
ARM GAS  C:\Users\Asus\AppData\Local\Temp\ccTS2pxd.s 			page 26


DEFINED SYMBOLS
                            *ABS*:00000000 main.c
C:\Users\Asus\AppData\Local\Temp\ccTS2pxd.s:19     .text.MX_GPIO_Init:00000000 $t
C:\Users\Asus\AppData\Local\Temp\ccTS2pxd.s:24     .text.MX_GPIO_Init:00000000 MX_GPIO_Init
C:\Users\Asus\AppData\Local\Temp\ccTS2pxd.s:128    .text.MX_GPIO_Init:00000068 $d
C:\Users\Asus\AppData\Local\Temp\ccTS2pxd.s:133    .rodata.StartDefaultTask.str1.4:00000000 $d
C:\Users\Asus\AppData\Local\Temp\ccTS2pxd.s:137    .text.StartDefaultTask:00000000 $t
C:\Users\Asus\AppData\Local\Temp\ccTS2pxd.s:143    .text.StartDefaultTask:00000000 StartDefaultTask
C:\Users\Asus\AppData\Local\Temp\ccTS2pxd.s:197    .text.StartDefaultTask:00000034 $d
C:\Users\Asus\AppData\Local\Temp\ccTS2pxd.s:669    .bss.myQueue01Handle:00000000 myQueue01Handle
C:\Users\Asus\AppData\Local\Temp\ccTS2pxd.s:690    .bss.huart2:00000000 huart2
C:\Users\Asus\AppData\Local\Temp\ccTS2pxd.s:205    .text.StartTask02:00000000 $t
C:\Users\Asus\AppData\Local\Temp\ccTS2pxd.s:211    .text.StartTask02:00000000 StartTask02
C:\Users\Asus\AppData\Local\Temp\ccTS2pxd.s:237    .text.HAL_TIM_PeriodElapsedCallback:00000000 $t
C:\Users\Asus\AppData\Local\Temp\ccTS2pxd.s:243    .text.HAL_TIM_PeriodElapsedCallback:00000000 HAL_TIM_PeriodElapsedCallback
C:\Users\Asus\AppData\Local\Temp\ccTS2pxd.s:277    .text.HAL_TIM_PeriodElapsedCallback:00000014 $d
C:\Users\Asus\AppData\Local\Temp\ccTS2pxd.s:282    .text.Error_Handler:00000000 $t
C:\Users\Asus\AppData\Local\Temp\ccTS2pxd.s:288    .text.Error_Handler:00000000 Error_Handler
C:\Users\Asus\AppData\Local\Temp\ccTS2pxd.s:320    .text.MX_USART2_UART_Init:00000000 $t
C:\Users\Asus\AppData\Local\Temp\ccTS2pxd.s:325    .text.MX_USART2_UART_Init:00000000 MX_USART2_UART_Init
C:\Users\Asus\AppData\Local\Temp\ccTS2pxd.s:429    .text.MX_USART2_UART_Init:00000060 $d
C:\Users\Asus\AppData\Local\Temp\ccTS2pxd.s:435    .text.SystemClock_Config:00000000 $t
C:\Users\Asus\AppData\Local\Temp\ccTS2pxd.s:441    .text.SystemClock_Config:00000000 SystemClock_Config
C:\Users\Asus\AppData\Local\Temp\ccTS2pxd.s:559    .text.main:00000000 $t
C:\Users\Asus\AppData\Local\Temp\ccTS2pxd.s:565    .text.main:00000000 main
C:\Users\Asus\AppData\Local\Temp\ccTS2pxd.s:650    .text.main:00000060 $d
C:\Users\Asus\AppData\Local\Temp\ccTS2pxd.s:683    .bss.defaultTaskHandle:00000000 defaultTaskHandle
C:\Users\Asus\AppData\Local\Temp\ccTS2pxd.s:676    .bss.myTask02Handle:00000000 myTask02Handle
C:\Users\Asus\AppData\Local\Temp\ccTS2pxd.s:658    .rodata.str1.4:00000000 $d
C:\Users\Asus\AppData\Local\Temp\ccTS2pxd.s:666    .bss.myQueue01Handle:00000000 $d
C:\Users\Asus\AppData\Local\Temp\ccTS2pxd.s:673    .bss.myTask02Handle:00000000 $d
C:\Users\Asus\AppData\Local\Temp\ccTS2pxd.s:680    .bss.defaultTaskHandle:00000000 $d
C:\Users\Asus\AppData\Local\Temp\ccTS2pxd.s:687    .bss.huart2:00000000 $d
C:\Users\Asus\AppData\Local\Temp\ccTS2pxd.s:693    .rodata:00000000 $d

UNDEFINED SYMBOLS
memset
HAL_GPIO_WritePin
HAL_GPIO_Init
xQueueGenericSend
HAL_UART_Transmit
osDelay
HAL_IncTick
HAL_UART_Init
HAL_UARTEx_SetTxFifoThreshold
HAL_UARTEx_SetRxFifoThreshold
HAL_UARTEx_DisableFifoMode
HAL_PWREx_ControlVoltageScaling
HAL_RCC_OscConfig
HAL_RCC_ClockConfig
HAL_Init
osMessageCreate
osThreadCreate
osKernelStart
