Archive member included to satisfy reference by file (symbol)

c:/msys64/mingw64/bin/../lib/gcc/arm-none-eabi/12.2.0/../../../../arm-none-eabi/lib/thumb/v6-m/nofp\libc_nano.a(libc_a-atexit.o)
                              c:/msys64/mingw64/bin/../lib/gcc/arm-none-eabi/12.2.0/../../../../arm-none-eabi/lib/thumb/v6-m/nofp/crt0.o (atexit)
c:/msys64/mingw64/bin/../lib/gcc/arm-none-eabi/12.2.0/../../../../arm-none-eabi/lib/thumb/v6-m/nofp\libc_nano.a(libc_a-exit.o)
                              c:/msys64/mingw64/bin/../lib/gcc/arm-none-eabi/12.2.0/../../../../arm-none-eabi/lib/thumb/v6-m/nofp/crt0.o (exit)
c:/msys64/mingw64/bin/../lib/gcc/arm-none-eabi/12.2.0/../../../../arm-none-eabi/lib/thumb/v6-m/nofp\libc_nano.a(libc_a-findfp.o)
                              build/tasks.o (__sf)
c:/msys64/mingw64/bin/../lib/gcc/arm-none-eabi/12.2.0/../../../../arm-none-eabi/lib/thumb/v6-m/nofp\libc_nano.a(libc_a-fwalk.o)
                              c:/msys64/mingw64/bin/../lib/gcc/arm-none-eabi/12.2.0/../../../../arm-none-eabi/lib/thumb/v6-m/nofp\libc_nano.a(libc_a-findfp.o) (_fwalk_sglue)
c:/msys64/mingw64/bin/../lib/gcc/arm-none-eabi/12.2.0/../../../../arm-none-eabi/lib/thumb/v6-m/nofp\libc_nano.a(libc_a-stdio.o)
                              c:/msys64/mingw64/bin/../lib/gcc/arm-none-eabi/12.2.0/../../../../arm-none-eabi/lib/thumb/v6-m/nofp\libc_nano.a(libc_a-findfp.o) (__sread)
c:/msys64/mingw64/bin/../lib/gcc/arm-none-eabi/12.2.0/../../../../arm-none-eabi/lib/thumb/v6-m/nofp\libc_nano.a(libc_a-memset.o)
                              c:/msys64/mingw64/bin/../lib/gcc/arm-none-eabi/12.2.0/../../../../arm-none-eabi/lib/thumb/v6-m/nofp/crt0.o (memset)
c:/msys64/mingw64/bin/../lib/gcc/arm-none-eabi/12.2.0/../../../../arm-none-eabi/lib/thumb/v6-m/nofp\libc_nano.a(libc_a-closer.o)
                              c:/msys64/mingw64/bin/../lib/gcc/arm-none-eabi/12.2.0/../../../../arm-none-eabi/lib/thumb/v6-m/nofp\libc_nano.a(libc_a-stdio.o) (_close_r)
c:/msys64/mingw64/bin/../lib/gcc/arm-none-eabi/12.2.0/../../../../arm-none-eabi/lib/thumb/v6-m/nofp\libc_nano.a(libc_a-reent.o)
                              build/tasks.o (_reclaim_reent)
c:/msys64/mingw64/bin/../lib/gcc/arm-none-eabi/12.2.0/../../../../arm-none-eabi/lib/thumb/v6-m/nofp\libc_nano.a(libc_a-impure.o)
                              build/tasks.o (_impure_ptr)
c:/msys64/mingw64/bin/../lib/gcc/arm-none-eabi/12.2.0/../../../../arm-none-eabi/lib/thumb/v6-m/nofp\libc_nano.a(libc_a-lseekr.o)
                              c:/msys64/mingw64/bin/../lib/gcc/arm-none-eabi/12.2.0/../../../../arm-none-eabi/lib/thumb/v6-m/nofp\libc_nano.a(libc_a-stdio.o) (_lseek_r)
c:/msys64/mingw64/bin/../lib/gcc/arm-none-eabi/12.2.0/../../../../arm-none-eabi/lib/thumb/v6-m/nofp\libc_nano.a(libc_a-readr.o)
                              c:/msys64/mingw64/bin/../lib/gcc/arm-none-eabi/12.2.0/../../../../arm-none-eabi/lib/thumb/v6-m/nofp\libc_nano.a(libc_a-stdio.o) (_read_r)
c:/msys64/mingw64/bin/../lib/gcc/arm-none-eabi/12.2.0/../../../../arm-none-eabi/lib/thumb/v6-m/nofp\libc_nano.a(libc_a-writer.o)
                              c:/msys64/mingw64/bin/../lib/gcc/arm-none-eabi/12.2.0/../../../../arm-none-eabi/lib/thumb/v6-m/nofp\libc_nano.a(libc_a-stdio.o) (_write_r)
c:/msys64/mingw64/bin/../lib/gcc/arm-none-eabi/12.2.0/../../../../arm-none-eabi/lib/thumb/v6-m/nofp\libc_nano.a(libc_a-errno.o)
                              build/syscalls.o (__errno)
c:/msys64/mingw64/bin/../lib/gcc/arm-none-eabi/12.2.0/../../../../arm-none-eabi/lib/thumb/v6-m/nofp\libc_nano.a(libc_a-init.o)
                              c:/msys64/mingw64/bin/../lib/gcc/arm-none-eabi/12.2.0/../../../../arm-none-eabi/lib/thumb/v6-m/nofp/crt0.o (__libc_init_array)
c:/msys64/mingw64/bin/../lib/gcc/arm-none-eabi/12.2.0/../../../../arm-none-eabi/lib/thumb/v6-m/nofp\libc_nano.a(libc_a-fini.o)
                              c:/msys64/mingw64/bin/../lib/gcc/arm-none-eabi/12.2.0/../../../../arm-none-eabi/lib/thumb/v6-m/nofp/crt0.o (__libc_fini_array)
c:/msys64/mingw64/bin/../lib/gcc/arm-none-eabi/12.2.0/../../../../arm-none-eabi/lib/thumb/v6-m/nofp\libc_nano.a(libc_a-lock.o)
                              c:/msys64/mingw64/bin/../lib/gcc/arm-none-eabi/12.2.0/../../../../arm-none-eabi/lib/thumb/v6-m/nofp\libc_nano.a(libc_a-findfp.o) (__retarget_lock_init_recursive)
c:/msys64/mingw64/bin/../lib/gcc/arm-none-eabi/12.2.0/../../../../arm-none-eabi/lib/thumb/v6-m/nofp\libc_nano.a(libc_a-memcpy-stub.o)
                              build/queue.o (memcpy)
c:/msys64/mingw64/bin/../lib/gcc/arm-none-eabi/12.2.0/../../../../arm-none-eabi/lib/thumb/v6-m/nofp\libc_nano.a(libc_a-__atexit.o)
                              c:/msys64/mingw64/bin/../lib/gcc/arm-none-eabi/12.2.0/../../../../arm-none-eabi/lib/thumb/v6-m/nofp\libc_nano.a(libc_a-atexit.o) (__register_exitproc)
c:/msys64/mingw64/bin/../lib/gcc/arm-none-eabi/12.2.0/../../../../arm-none-eabi/lib/thumb/v6-m/nofp\libc_nano.a(libc_a-__call_atexit.o)
[...]
Memory Configuration

Name             Origin             Length             Attributes
RAM              0x20000000         0x00009000         xrw
FLASH            0x08000000         0x00020000         xr
*default*        0x00000000         0xffffffff

Linker script and memory map

LOAD c:/msys64/mingw64/bin/../lib/gcc/arm-none-eabi/12.2.0/thumb/v6-m/nofp/crti.o
LOAD c:/msys64/mingw64/bin/../lib/gcc/arm-none-eabi/12.2.0/thumb/v6-m/nofp/crtbegin.o
LOAD c:/msys64/mingw64/bin/../lib/gcc/arm-none-eabi/12.2.0/../../../../arm-none-eabi/lib/thumb/v6-m/nofp/crt0.o
LOAD build/app_freertos.o
LOAD build/main.o
LOAD build/stm32g0xx_hal_msp.o
LOAD build/stm32g0xx_hal_timebase_tim.o
LOAD build/stm32g0xx_it.o
LOAD build/syscalls.o
LOAD build/sysmem.o
LOAD build/system_stm32g0xx.o
LOAD build/stm32g0xx_hal.o
LOAD build/stm32g0xx_hal_cortex.o
LOAD build/stm32g0xx_hal_dma.o
LOAD build/stm32g0xx_hal_dma_ex.o
LOAD build/stm32g0xx_hal_exti.o
LOAD build/stm32g0xx_hal_flash.o
LOAD build/stm32g0xx_hal_flash_ex.o
LOAD build/stm32g0xx_hal_gpio.o
LOAD build/stm32g0xx_hal_pwr.o
LOAD build/stm32g0xx_hal_pwr_ex.o
LOAD build/stm32g0xx_hal_rcc.o
LOAD build/stm32g0xx_hal_rcc_ex.o
LOAD build/stm32g0xx_hal_tim.o
LOAD build/stm32g0xx_hal_tim_ex.o
LOAD build/stm32g0xx_hal_uart.o
LOAD build/stm32g0xx_hal_uart_ex.o
LOAD build/stm32g0xx_ll_dma.o
LOAD build/stm32g0xx_ll_rcc.o
LOAD build/cmsis_os.o
LOAD build/croutine.o
LOAD build/event_groups.o
LOAD build/list.o
LOAD build/port.o
LOAD build/heap_4.o
LOAD build/queue.o
LOAD build/stream_buffer.o
LOAD build/tasks.o
LOAD build/timers.o
LOAD build/startup_stm32g070xx.o
LOAD c:/msys64/mingw64/bin/../lib/gcc/arm-none-eabi/12.2.0/../../../../arm-none-eabi/lib/thumb/v6-m/nofp\libc_nano.a
LOAD c:/msys64/mingw64/bin/../lib/gcc/arm-none-eabi/12.2.0/../../../../arm-none-eabi/lib/thumb/v6-m/nofp\libm.a
LOAD c:/msys64/mingw64/bin/../lib/gcc/arm-none-eabi/12.2.0/../../../../arm-none-eabi/lib/thumb/v6-m/nofp\libnosys.a
START GROUP
LOAD c:/msys64/mingw64/bin/../lib/gcc/arm-none-eabi/12.2.0/thumb/v6-m/nofp\libgcc.a
LOAD c:/msys64/mingw64/bin/../lib/gcc/arm-none-eabi/12.2.0/../../../../arm-none-eabi/lib/thumb/v6-m/nofp\libc_nano.a
END GROUP
START GROUP
LOAD c:/msys64/mingw64/bin/../lib/gcc/arm-none-eabi/12.2.0/thumb/v6-m/nofp\libgcc.a
LOAD c:/msys64/mingw64/bin/../lib/gcc/arm-none-eabi/12.2.0/../../../../arm-none-eabi/lib/thumb/v6-m/nofp\libc_nano.a
END GROUP
LOAD c:/msys64/mingw64/bin/../lib/gcc/arm-none-eabi/12.2.0/thumb/v6-m/nofp/crtend.o
LOAD c:/msys64/mingw64/bin/../lib/gcc/arm-none-eabi/12.2.0/thumb/v6-m/nofp/crtn.o
                0x20009000                        _estack = (ORIGIN (RAM) + LENGTH (RAM))
                0x00000200                        _Min_Heap_Size = 0x200
                0x00000400                        _Min_Stack_Size = 0x400

.isr_vector     0x08000000       0xb8
                0x08000000                        . = ALIGN (0x4)
 *(.isr_vector)
 .isr_vector    0x08000000       0xb8 build/startup_stm32g070xx.o
                0x08000000                g_pfnVectors
                0x080000b8                        . = ALIGN (0x4)

.text           0x080000c0     0x2ee8
                0x080000c0                        . = ALIGN (0x4)
 *(.text)
 .text          0x080000c0       0xa8 c:/msys64/mingw64/bin/../lib/gcc/arm-none-eabi/12.2.0/../../../../arm-none-eabi/lib/thumb/v6-m/nofp\libc_nano.a(libc_a-memset.o)
                0x080000c0                memset
 .text          0x08000168       0xe4 c:/msys64/mingw64/bin/../lib/gcc/arm-none-eabi/12.2.0/../../../../arm-none-eabi/lib/thumb/v6-m/nofp\libc_nano.a(libc_a-reent.o)
                0x08000168                _reclaim_reent
 .text          0x0800024c       0x48 c:/msys64/mingw64/bin/../lib/gcc/arm-none-eabi/12.2.0/../../../../arm-none-eabi/lib/thumb/v6-m/nofp\libc_nano.a(libc_a-init.o)
                0x0800024c                __libc_init_array
 .text          0x08000294       0x28 c:/msys64/mingw64/bin/../lib/gcc/arm-none-eabi/12.2.0/../../../../arm-none-eabi/lib/thumb/v6-m/nofp\libc_nano.a(libc_a-lock.o)
                0x08000294                __retarget_lock_init
                0x08000298                __retarget_lock_init_recursive
                0x0800029c                __retarget_lock_close
                0x080002a0                __retarget_lock_close_recursive
                0x080002a4                __retarget_lock_acquire
                0x080002a8                __retarget_lock_acquire_recursive
                0x080002ac                __retarget_lock_try_acquire
                0x080002b0                __retarget_lock_try_acquire_recursive
                0x080002b4                __retarget_lock_release
                0x080002b8                __retarget_lock_release_recursive
 .text          0x080002bc       0x90 c:/msys64/mingw64/bin/../lib/gcc/arm-none-eabi/12.2.0/../../../../arm-none-eabi/lib/thumb/v6-m/nofp\libc_nano.a(libc_a-memcpy-stub.o)
                0x080002bc                memcpy
 .text          0x0800034c       0xb8 c:/msys64/mingw64/bin/../lib/gcc/arm-none-eabi/12.2.0/../../../../arm-none-eabi/lib/thumb/v6-m/nofp\libc_nano.a(libc_a-freer.o)
                0x0800034c                _free_r
 .text          0x08000404       0x20 c:/msys64/mingw64/bin/../lib/gcc/arm-none-eabi/12.2.0/../../../../arm-none-eabi/lib/thumb/v6-m/nofp\libc_nano.a(libc_a-mlock.o)
                0x08000404                __malloc_lock
                0x08000414                __malloc_unlock
 .text          0x08000424       0x8c c:/msys64/mingw64/bin/../lib/gcc/arm-none-eabi/12.2.0/thumb/v6-m/nofp\libgcc.a(_udivsi3.o)
                0x08000424                __aeabi_uidiv
                0x08000424                __udivsi3
                0x0800049c                __aeabi_uidivmod
 .text          0x080004b0       0xa8 c:/msys64/mingw64/bin/../lib/gcc/arm-none-eabi/12.2.0/thumb/v6-m/nofp\libgcc.a(_divsi3.o)
                0x080004b0                __divsi3
                0x080004b0                __aeabi_idiv
                0x08000544                __aeabi_idivmod
 .text          0x08000558        0x4 c:/msys64/mingw64/bin/../lib/gcc/arm-none-eabi/12.2.0/thumb/v6-m/nofp\libgcc.a(_dvmd_tls.o)
                0x08000558                __aeabi_idiv0
                0x08000558                __aeabi_ldiv0
 *(.text*)
 .text.__do_global_dtors_aux
                0x0800055c       0x28 c:/msys64/mingw64/bin/../lib/gcc/arm-none-eabi/12.2.0/thumb/v6-m/nofp/crtbegin.o
 .text.frame_dummy
                0x08000584       0x20 c:/msys64/mingw64/bin/../lib/gcc/arm-none-eabi/12.2.0/thumb/v6-m/nofp/crtbegin.o
 .text.MX_GPIO_Init
                0x080005a4       0x6c build/main.o
 .text.StartDefaultTask
                0x08000610       0x40 build/main.o
                0x08000610                StartDefaultTask
 .text.StartTask02
                0x08000650        0xa build/main.o
                0x08000650                StartTask02
 *fill*         0x0800065a        0x2 
 .text.HAL_TIM_PeriodElapsedCallback
                0x0800065c       0x18 build/main.o
                0x0800065c                HAL_TIM_PeriodElapsedCallback
 .text.Error_Handler
                0x08000674        0x4 build/main.o
                0x08000674                Error_Handler
 .text.MX_USART2_UART_Init
                0x08000678       0x68 build/main.o
 .text.SystemClock_Config
                0x080006e0       0x78 build/main.o
                0x080006e0                SystemClock_Config
 .text.main     0x08000758       0x70 build/main.o
                0x08000758                main
 .text.HAL_MspInit
                0x080007c8       0x44 build/stm32g0xx_hal_msp.o
                0x080007c8                HAL_MspInit
 .text.HAL_UART_MspInit
                0x0800080c       0x84 build/stm32g0xx_hal_msp.o
                0x0800080c                HAL_UART_MspInit
 .text.HAL_InitTick
                0x08000890       0xa0 build/stm32g0xx_hal_timebase_tim.o
                0x08000890                HAL_InitTick
 .text.NMI_Handler
                0x08000930        0x2 build/stm32g0xx_it.o
                0x08000930                NMI_Handler
 .text.HardFault_Handler
                0x08000932        0x2 build/stm32g0xx_it.o
                0x08000932                HardFault_Handler
 .text.TIM1_BRK_UP_TRG_COM_IRQHandler
                0x08000934       0x10 build/stm32g0xx_it.o
                0x08000934                TIM1_BRK_UP_TRG_COM_IRQHandler
 .text.SystemInit
                0x08000944        0x2 build/system_stm32g0xx.o
                0x08000944                SystemInit
 *fill*         0x08000946        0x2 
 .text.HAL_Init
                0x08000948       0x28 build/stm32g0xx_hal.o
                0x08000948                HAL_Init
 .text.HAL_IncTick
                0x08000970       0x18 build/stm32g0xx_hal.o
                0x08000970                HAL_IncTick
 .text.HAL_GetTick
                0x08000988        0xc build/stm32g0xx_hal.o
                0x08000988                HAL_GetTick
 .text.HAL_SYSCFG_StrobeDBattpinsConfig
                0x08000994       0x18 build/stm32g0xx_hal.o
                0x08000994                HAL_SYSCFG_StrobeDBattpinsConfig
 .text.__NVIC_SetPriority
                0x080009ac       0x60 build/stm32g0xx_hal_cortex.o
 .text.HAL_NVIC_SetPriority
                0x08000a0c        0x8 build/stm32g0xx_hal_cortex.o
                0x08000a0c                HAL_NVIC_SetPriority
 .text.HAL_NVIC_EnableIRQ
                0x08000a14       0x18 build/stm32g0xx_hal_cortex.o
                0x08000a14                HAL_NVIC_EnableIRQ
 .text.HAL_GPIO_Init
                0x08000a2c      0x174 build/stm32g0xx_hal_gpio.o
                0x08000a2c                HAL_GPIO_Init
 .text.HAL_GPIO_WritePin
                0x08000ba0        0xc build/stm32g0xx_hal_gpio.o
                0x08000ba0                HAL_GPIO_WritePin
 .text.HAL_PWREx_ControlVoltageScaling
                0x08000bac       0x54 build/stm32g0xx_hal_pwr_ex.o
                0x08000bac                HAL_PWREx_ControlVoltageScaling
 .text.HAL_RCC_OscConfig
                0x08000c00      0x4a4 build/stm32g0xx_hal_rcc.o
                0x08000c00                HAL_RCC_OscConfig
 .text.HAL_RCC_GetSysClockFreq
                0x080010a4       0xb8 build/stm32g0xx_hal_rcc.o
                0x080010a4                HAL_RCC_GetSysClockFreq
 .text.HAL_RCC_ClockConfig
                0x0800115c      0x18c build/stm32g0xx_hal_rcc.o
                0x0800115c                HAL_RCC_ClockConfig
 .text.HAL_RCC_GetHCLKFreq
                0x080012e8        0xc build/stm32g0xx_hal_rcc.o
                0x080012e8                HAL_RCC_GetHCLKFreq
 .text.HAL_RCC_GetPCLK1Freq
                0x080012f4       0x28 build/stm32g0xx_hal_rcc.o
                0x080012f4                HAL_RCC_GetPCLK1Freq
 .text.HAL_RCC_GetClockConfig
                0x0800131c       0x34 build/stm32g0xx_hal_rcc.o
                0x0800131c                HAL_RCC_GetClockConfig
 .text.HAL_RCCEx_PeriphCLKConfig
                0x08001350      0x190 build/stm32g0xx_hal_rcc_ex.o
                0x08001350                HAL_RCCEx_PeriphCLKConfig
 .text.HAL_TIM_Base_MspInit
                0x080014e0        0x2 build/stm32g0xx_hal_tim.o
                0x080014e0                HAL_TIM_Base_MspInit
 *fill*         0x080014e2        0x2 
 .text.HAL_TIM_Base_Start_IT
                0x080014e4       0x70 build/stm32g0xx_hal_tim.o
                0x080014e4                HAL_TIM_Base_Start_IT
 .text.HAL_TIM_OC_DelayElapsedCallback
                0x08001554        0x2 build/stm32g0xx_hal_tim.o
                0x08001554                HAL_TIM_OC_DelayElapsedCallback
 .text.HAL_TIM_IC_CaptureCallback
                0x08001556        0x2 build/stm32g0xx_hal_tim.o
                0x08001556                HAL_TIM_IC_CaptureCallback
 .text.HAL_TIM_PWM_PulseFinishedCallback
                0x08001558        0x2 build/stm32g0xx_hal_tim.o
                0x08001558                HAL_TIM_PWM_PulseFinishedCallback
 .text.HAL_TIM_TriggerCallback
                0x0800155a        0x2 build/stm32g0xx_hal_tim.o
                0x0800155a                HAL_TIM_TriggerCallback
 .text.HAL_TIM_IRQHandler
                0x0800155c      0x160 build/stm32g0xx_hal_tim.o
                0x0800155c                HAL_TIM_IRQHandler
 .text.TIM_Base_SetConfig
                0x080016bc       0xa0 build/stm32g0xx_hal_tim.o
                0x080016bc                TIM_Base_SetConfig
 .text.HAL_TIM_Base_Init
                0x0800175c       0x60 build/stm32g0xx_hal_tim.o
                0x0800175c                HAL_TIM_Base_Init
 .text.HAL_TIMEx_CommutCallback
                0x080017bc        0x2 build/stm32g0xx_hal_tim_ex.o
                0x080017bc                HAL_TIMEx_CommutCallback
 .text.HAL_TIMEx_BreakCallback
                0x080017be        0x2 build/stm32g0xx_hal_tim_ex.o
                0x080017be                HAL_TIMEx_BreakCallback
 .text.HAL_TIMEx_Break2Callback
                0x080017c0        0x2 build/stm32g0xx_hal_tim_ex.o
                0x080017c0                HAL_TIMEx_Break2Callback
 *fill*         0x080017c2        0x2 
 .text.UART_EndRxTransfer
                0x080017c4       0x64 build/stm32g0xx_hal_uart.o
 .text.UART_SetConfig
                0x08001828      0x1ec build/stm32g0xx_hal_uart.o
                0x08001828                UART_SetConfig
 .text.UART_AdvFeatureConfig
                0x08001a14       0xe0 build/stm32g0xx_hal_uart.o
                0x08001a14                UART_AdvFeatureConfig
 .text.UART_WaitOnFlagUntilTimeout
                0x08001af4       0x9e build/stm32g0xx_hal_uart.o
                0x08001af4                UART_WaitOnFlagUntilTimeout
 .text.HAL_UART_Transmit
                0x08001b92       0xfc build/stm32g0xx_hal_uart.o
                0x08001b92                HAL_UART_Transmit
 *fill*         0x08001c8e        0x2 
 .text.UART_CheckIdleState
                0x08001c90       0xd4 build/stm32g0xx_hal_uart.o
                0x08001c90                UART_CheckIdleState
 .text.HAL_UART_Init
                0x08001d64       0x70 build/stm32g0xx_hal_uart.o
                0x08001d64                HAL_UART_Init
 .text.UARTEx_SetNbDataToProcess
                0x08001dd4       0x50 build/stm32g0xx_hal_uart_ex.o
 .text.HAL_UARTEx_DisableFifoMode
                0x08001e24       0x40 build/stm32g0xx_hal_uart_ex.o
                0x08001e24                HAL_UARTEx_DisableFifoMode
 .text.HAL_UARTEx_SetTxFifoThreshold
                0x08001e64       0x4a build/stm32g0xx_hal_uart_ex.o
                0x08001e64                HAL_UARTEx_SetTxFifoThreshold
 *fill*         0x08001eae        0x2 
 .text.HAL_UARTEx_SetRxFifoThreshold
                0x08001eb0       0x50 build/stm32g0xx_hal_uart_ex.o
                0x08001eb0                HAL_UARTEx_SetRxFifoThreshold
 .text.makeFreeRtosPriority
                0x08001f00        0xc build/cmsis_os.o
 .text.osKernelStart
                0x08001f0c        0xa build/cmsis_os.o
                0x08001f0c                osKernelStart
 .text.osThreadCreate
                0x08001f16       0x34 build/cmsis_os.o
                0x08001f16                osThreadCreate
 .text.osDelay  0x08001f4a       0x10 build/cmsis_os.o
                0x08001f4a                osDelay
 .text.osMessageCreate
                0x08001f5a       0x10 build/cmsis_os.o
                0x08001f5a                osMessageCreate
 .text.vListInitialise
                0x08001f6a       0x16 build/list.o
                0x08001f6a                vListInitialise
 .text.vListInitialiseItem
                0x08001f80        0x6 build/list.o
                0x08001f80                vListInitialiseItem
 .text.vListInsertEnd
                0x08001f86       0x16 build/list.o
                0x08001f86                vListInsertEnd
 .text.vListInsert
                0x08001f9c       0x2e build/list.o
                0x08001f9c                vListInsert
 .text.uxListRemove
                0x08001fca       0x26 build/list.o
                0x08001fca                uxListRemove
 .text.prvTaskExitError
                0x08001ff0       0x24 build/port.o
 *fill*         0x08002014        0xc 
 .text.vPortStartFirstTask
                0x08002020       0x34 build/port.o
 .text.pxPortInitialiseStack
                0x08002054       0x24 build/port.o
                0x08002054                pxPortInitialiseStack
 .text.SVC_Handler
                0x08002078        0x2 build/port.o
                0x08002078                SVC_Handler
 *fill*         0x0800207a        0x2 
 .text.vPortYield
                0x0800207c       0x18 build/port.o
                0x0800207c                vPortYield
 .text.vPortEnterCritical
                0x08002094       0x18 build/port.o
                0x08002094                vPortEnterCritical
 .text.vPortExitCritical
                0x080020ac       0x20 build/port.o
                0x080020ac                vPortExitCritical
 .text.ulSetInterruptMaskFromISR
                0x080020cc        0x8 build/port.o
                0x080020cc                ulSetInterruptMaskFromISR
 .text.vClearInterruptMaskFromISR
                0x080020d4        0x6 build/port.o
                0x080020d4                vClearInterruptMaskFromISR
 *fill*         0x080020da        0x6 
 .text.PendSV_Handler
                0x080020e0       0x44 build/port.o
                0x080020e0                PendSV_Handler
 .text.SysTick_Handler
                0x08002124       0x24 build/port.o
                0x08002124                SysTick_Handler
 .text.vPortSetupTimerInterrupt
                0x08002148       0x34 build/port.o
                0x08002148                vPortSetupTimerInterrupt
 .text.xPortStartScheduler
                0x0800217c       0x3c build/port.o
                0x0800217c                xPortStartScheduler
 .text.prvHeapInit
                0x080021b8       0x64 build/heap_4.o
 .text.prvInsertBlockIntoFreeList
                0x0800221c       0x54 build/heap_4.o
 .text.pvPortMalloc
                0x08002270       0xe4 build/heap_4.o
                0x08002270                pvPortMalloc
 .text.vPortFree
                0x08002354       0x5c build/heap_4.o
                0x08002354                vPortFree
 .text.prvIsQueueFull
                0x080023b0       0x1e build/queue.o
 .text.prvCopyDataToQueue
                0x080023ce       0x7e build/queue.o
 .text.prvUnlockQueue
                0x0800244c       0x72 build/queue.o
 .text.xQueueGenericReset
                0x080024be       0x6e build/queue.o
                0x080024be                xQueueGenericReset
 .text.prvInitialiseNewQueue
                0x0800252c       0x1c build/queue.o
 .text.xQueueGenericCreate
                0x08002548       0x36 build/queue.o
                0x08002548                xQueueGenericCreate
 .text.xQueueGenericSend
                0x0800257e      0x124 build/queue.o
                0x0800257e                xQueueGenericSend
 *fill*         0x080026a2        0x2 
 .text.prvResetNextTaskUnblockTime
                0x080026a4       0x2c build/tasks.o
 .text.prvInitialiseNewTask
                0x080026d0      0x104 build/tasks.o
 .text.prvInitialiseTaskLists
                0x080027d4       0x68 build/tasks.o
 .text.prvAddNewTaskToReadyList
                0x0800283c       0xa0 build/tasks.o
 .text.prvDeleteTCB
                0x080028dc       0x18 build/tasks.o
 .text.prvCheckTasksWaitingTermination
                0x080028f4       0x44 build/tasks.o
 .text.prvIdleTask
                0x08002938       0x18 build/tasks.o
 .text.prvAddCurrentTaskToDelayedList
                0x08002950       0x7c build/tasks.o
 .text.xTaskCreate
                0x080029cc       0x5c build/tasks.o
                0x080029cc                xTaskCreate
 .text.vTaskStartScheduler
                0x08002a28       0x6c build/tasks.o
                0x08002a28                vTaskStartScheduler
 .text.vTaskSuspendAll
                0x08002a94       0x10 build/tasks.o
                0x08002a94                vTaskSuspendAll
 .text.xTaskIncrementTick
                0x08002aa4      0x114 build/tasks.o
                0x08002aa4                xTaskIncrementTick
 .text.xTaskResumeAll
                0x08002bb8       0xe8 build/tasks.o
                0x08002bb8                xTaskResumeAll
 .text.vTaskDelay
                0x08002ca0       0x30 build/tasks.o
                0x08002ca0                vTaskDelay
 .text.vTaskSwitchContext
                0x08002cd0       0x9c build/tasks.o
                0x08002cd0                vTaskSwitchContext
 .text.vTaskPlaceOnEventList
                0x08002d6c       0x24 build/tasks.o
                0x08002d6c                vTaskPlaceOnEventList
 .text.xTaskRemoveFromEventList
                0x08002d90       0x84 build/tasks.o
                0x08002d90                xTaskRemoveFromEventList
 .text.vTaskInternalSetTimeOutState
                0x08002e14       0x18 build/tasks.o
                0x08002e14                vTaskInternalSetTimeOutState
 .text.xTaskCheckForTimeOut
                0x08002e2c       0x68 build/tasks.o
                0x08002e2c                xTaskCheckForTimeOut
 .text.vTaskMissedYield
                0x08002e94        0xc build/tasks.o
                0x08002e94                vTaskMissedYield
 .text.xTaskGetSchedulerState
                0x08002ea0       0x24 build/tasks.o
                0x08002ea0                xTaskGetSchedulerState
 .text.xTaskPriorityDisinherit
                0x08002ec4       0x78 build/tasks.o
                0x08002ec4                xTaskPriorityDisinherit
 .text.Reset_Handler
                0x08002f3c       0x50 build/startup_stm32g070xx.o
                0x08002f3c                Reset_Handler
 .text.Default_Handler
                0x08002f8c        0x2 build/startup_stm32g070xx.o
                0x08002f8c                TIM1_CC_IRQHandler
                0x08002f8c                TIM6_IRQHandler
                0x08002f8c                I2C1_IRQHandler
                0x08002f8c                RTC_TAMP_IRQHandler
                0x08002f8c                SPI1_IRQHandler
                0x08002f8c                USART3_4_IRQHandler
                0x08002f8c                EXTI2_3_IRQHandler
                0x08002f8c                ADC1_IRQHandler
                0x08002f8c                I2C2_IRQHandler
                0x08002f8c                TIM17_IRQHandler
                0x08002f8c                TIM16_IRQHandler
                0x08002f8c                TIM3_IRQHandler
                0x08002f8c                EXTI4_15_IRQHandler
                0x08002f8c                RCC_IRQHandler
                0x08002f8c                DMA1_Channel1_IRQHandler
                0x08002f8c                Default_Handler
                0x08002f8c                TIM14_IRQHandler
                0x08002f8c                TIM7_IRQHandler
                0x08002f8c                TIM15_IRQHandler
                0x08002f8c                EXTI0_1_IRQHandler
                0x08002f8c                SPI2_IRQHandler
                0x08002f8c                WWDG_IRQHandler
                0x08002f8c                DMA1_Ch4_7_DMAMUX1_OVR_IRQHandler
                0x08002f8c                DMA1_Channel2_3_IRQHandler
                0x08002f8c                USART2_IRQHandler
                0x08002f8c                FLASH_IRQHandler
                0x08002f8c                USART1_IRQHandler
 *(.glue_7)
 .glue_7        0x08002f8e        0x0 linker stubs
 *(.glue_7t)
 .glue_7t       0x08002f8e        0x0 linker stubs
 *(.eh_frame)
 *fill*         0x08002f8e        0x2 
 .eh_frame      0x08002f90        0x0 c:/msys64/mingw64/bin/../lib/gcc/arm-none-eabi/12.2.0/thumb/v6-m/nofp/crtbegin.o
 *(.init)
 .init          0x08002f90        0x4 c:/msys64/mingw64/bin/../lib/gcc/arm-none-eabi/12.2.0/thumb/v6-m/nofp/crti.o
                0x08002f90                _init
 .init          0x08002f94        0x8 c:/msys64/mingw64/bin/../lib/gcc/arm-none-eabi/12.2.0/thumb/v6-m/nofp/crtn.o
 *(.fini)
 .fini          0x08002f9c        0x4 c:/msys64/mingw64/bin/../lib/gcc/arm-none-eabi/12.2.0/thumb/v6-m/nofp/crti.o
                0x08002f9c                _fini
 .fini          0x08002fa0        0x8 c:/msys64/mingw64/bin/../lib/gcc/arm-none-eabi/12.2.0/thumb/v6-m/nofp/crtn.o
                0x08002fa8                        . = ALIGN (0x4)
                0x08002fa8                        _etext = .

.vfp11_veneer   0x08002fa8        0x0
 .vfp11_veneer  0x08002fa8        0x0 linker stubs

.v4_bx          0x08002fa8        0x0
 .v4_bx         0x08002fa8        0x0 linker stubs

.iplt           0x08002fa8        0x0
 .iplt          0x08002fa8        0x0 c:/msys64/mingw64/bin/../lib/gcc/arm-none-eabi/12.2.0/thumb/v6-m/nofp/crtbegin.o

.rodata         0x08002fa8       0xf0
                0x08002fa8                        . = ALIGN (0x4)
 *(.rodata)
 .rodata        0x08002fa8       0x30 build/main.o
 *(.rodata*)
 .rodata.StartDefaultTask.str1.4
                0x08002fd8       0x35 build/main.o
                                 0x15 (size before relaxing)
 .rodata.str1.4
                0x0800300d       0x18 build/main.o
 *fill*         0x0800300d        0x3 
 .rodata.APBPrescTable
                0x08003010       0x20 build/system_stm32g0xx.o
                0x08003010                APBPrescTable
 .rodata.AHBPrescTable
                0x08003030       0x40 build/system_stm32g0xx.o
                0x08003030                AHBPrescTable
 .rodata.UARTPrescTable
                0x08003070       0x18 build/stm32g0xx_hal_uart.o
                0x08003070                UARTPrescTable
 .rodata.denominator.0
                0x08003088        0x8 build/stm32g0xx_hal_uart_ex.o
 .rodata.numerator.1
                0x08003090        0x8 build/stm32g0xx_hal_uart_ex.o
 .rodata.vTaskStartScheduler.str1.4
                0x08003098        0x5 build/tasks.o
                0x080030a0                        . = ALIGN (0x4)

.rel.dyn        0x08003098        0x0
 .rel.iplt      0x08003098        0x0 c:/msys64/mingw64/bin/../lib/gcc/arm-none-eabi/12.2.0/thumb/v6-m/nofp/crtbegin.o

.ARM.extab
 *(.ARM.extab* .gnu.linkonce.armextab.*)

.ARM            0x08003098        0x0
                0x08003098                        __exidx_start = .
 *(.ARM.exidx*)
                0x08003098                        __exidx_end = .

.preinit_array  0x08003098        0x0
                0x08003098                        PROVIDE (__preinit_array_start = .)
 *(.preinit_array*)
                0x08003098                        PROVIDE (__preinit_array_end = .)

.init_array     0x08003098        0x4
                0x08003098                        PROVIDE (__init_array_start = .)
 *(SORT_BY_NAME(.init_array.*))
 *(.init_array*)
 .init_array    0x08003098        0x4 c:/msys64/mingw64/bin/../lib/gcc/arm-none-eabi/12.2.0/thumb/v6-m/nofp/crtbegin.o
                0x0800309c                        PROVIDE (__init_array_end = .)

.fini_array     0x0800309c        0x4
                0x0800309c                        PROVIDE (__fini_array_start = .)
 *(SORT_BY_NAME(.fini_array.*))
 *(.fini_array*)
 .fini_array    0x0800309c        0x4 c:/msys64/mingw64/bin/../lib/gcc/arm-none-eabi/12.2.0/thumb/v6-m/nofp/crtbegin.o
                0x080030a0                        PROVIDE (__fini_array_end = .)
                0x080030a0                        _sidata = LOADADDR (.data)

.data           0x20000000       0x60 load address 0x080030a0
                0x20000000                        . = ALIGN (0x4)
                0x20000000                        _sdata = .
 *(.data)
 .data          0x20000000       0x50 c:/msys64/mingw64/bin/../lib/gcc/arm-none-eabi/12.2.0/../../../../arm-none-eabi/lib/thumb/v6-m/nofp\libc_nano.a(libc_a-impure.o)
                0x20000000                _impure_ptr
                0x20000004                _impure_data
 *(.data*)
 .data.SystemCoreClock
                0x20000050        0x4 build/system_stm32g0xx.o
                0x20000050                SystemCoreClock
 .data.uwTickFreq
                0x20000054        0x1 build/stm32g0xx_hal.o
                0x20000054                uwTickFreq
 *fill*         0x20000055        0x3 
 .data.uwTickPrio
                0x20000058        0x4 build/stm32g0xx_hal.o
                0x20000058                uwTickPrio
 .data.uxCriticalNesting
                0x2000005c        0x4 build/port.o
                0x20000060                        . = ALIGN (0x4)
                0x20000060                        _edata = .

.igot.plt       0x20000060        0x0 load address 0x08003100
 .igot.plt      0x20000060        0x0 c:/msys64/mingw64/bin/../lib/gcc/arm-none-eabi/12.2.0/thumb/v6-m/nofp/crtbegin.o
                0x20000060                        . = ALIGN (0x4)

.bss            0x20000060      0xfbc load address 0x08003100
                0x20000060                        _sbss = .
                0x20000060                        __bss_start__ = _sbss
 *(.bss)
 .bss           0x20000060      0x13c c:/msys64/mingw64/bin/../lib/gcc/arm-none-eabi/12.2.0/../../../../arm-none-eabi/lib/thumb/v6-m/nofp\libc_nano.a(libc_a-findfp.o)
                0x20000060                __stdio_exit_handler
                0x20000064                __sf
 .bss           0x2000019c       0x1d c:/msys64/mingw64/bin/../lib/gcc/arm-none-eabi/12.2.0/../../../../arm-none-eabi/lib/thumb/v6-m/nofp\libc_nano.a(libc_a-lock.o)
                0x2000019c                __lock___arc4random_mutex
                0x200001a0                __lock___dd_hash_mutex
                0x200001a4                __lock___tz_mutex
                0x200001a8                __lock___env_recursive_mutex
                0x200001ac                __lock___malloc_recursive_mutex
                0x200001b0                __lock___at_quick_exit_mutex
                0x200001b4                __lock___atexit_recursive_mutex
                0x200001b8                __lock___sfp_recursive_mutex
 *fill*         0x200001b9        0x3 
 .bss           0x200001bc        0x8 c:/msys64/mingw64/bin/../lib/gcc/arm-none-eabi/12.2.0/../../../../arm-none-eabi/lib/thumb/v6-m/nofp\libc_nano.a(libc_a-mallocr.o)
                0x200001bc                __malloc_sbrk_start
                0x200001c0                __malloc_free_list
 *(.bss*)
 .bss.completed.1
                0x200001c4        0x1 c:/msys64/mingw64/bin/../lib/gcc/arm-none-eabi/12.2.0/thumb/v6-m/nofp/crtbegin.o
 *fill*         0x200001c5        0x3 
 .bss.object.0  0x200001c8       0x18 c:/msys64/mingw64/bin/../lib/gcc/arm-none-eabi/12.2.0/thumb/v6-m/nofp/crtbegin.o
 .bss.myQueue01Handle
                0x200001e0        0x4 build/main.o
                0x200001e0                myQueue01Handle
 .bss.myTask02Handle
                0x200001e4        0x4 build/main.o
                0x200001e4                myTask02Handle
 .bss.defaultTaskHandle
                0x200001e8        0x4 build/main.o
                0x200001e8                defaultTaskHandle
 .bss.huart2    0x200001ec       0x94 build/main.o
                0x200001ec                huart2
 .bss.htim1     0x20000280       0x4c build/stm32g0xx_hal_timebase_tim.o
                0x20000280                htim1
 .bss.uwTick    0x200002cc        0x4 build/stm32g0xx_hal.o
                0x200002cc                uwTick
 .bss.xBlockAllocatedBit
                0x200002d0        0x4 build/heap_4.o
 .bss.xNumberOfSuccessfulFrees
                0x200002d4        0x4 build/heap_4.o
 .bss.xNumberOfSuccessfulAllocations
                0x200002d8        0x4 build/heap_4.o
 .bss.xMinimumEverFreeBytesRemaining
                0x200002dc        0x4 build/heap_4.o
 .bss.xFreeBytesRemaining
                0x200002e0        0x4 build/heap_4.o
 .bss.pxEnd     0x200002e4        0x4 build/heap_4.o
 .bss.xStart    0x200002e8        0x8 build/heap_4.o
 .bss.ucHeap    0x200002f0      0xc00 build/heap_4.o
 .bss.uxSchedulerSuspended
                0x20000ef0        0x4 build/tasks.o
 .bss.xIdleTaskHandle
                0x20000ef4        0x4 build/tasks.o
 .bss.xNextTaskUnblockTime
                0x20000ef8        0x4 build/tasks.o
 .bss.uxTaskNumber
                0x20000efc        0x4 build/tasks.o
 .bss.xNumOfOverflows
                0x20000f00        0x4 build/tasks.o
 .bss.xYieldPending
                0x20000f04        0x4 build/tasks.o
 .bss.xPendedTicks
                0x20000f08        0x4 build/tasks.o
 .bss.xSchedulerRunning
                0x20000f0c        0x4 build/tasks.o
 .bss.uxTopReadyPriority
                0x20000f10        0x4 build/tasks.o
 .bss.xTickCount
                0x20000f14        0x4 build/tasks.o
 .bss.uxCurrentNumberOfTasks
                0x20000f18        0x4 build/tasks.o
 .bss.xSuspendedTaskList
                0x20000f1c       0x14 build/tasks.o
 .bss.uxDeletedTasksWaitingCleanUp
                0x20000f30        0x4 build/tasks.o
 .bss.xTasksWaitingTermination
                0x20000f34       0x14 build/tasks.o
 .bss.xPendingReadyList
                0x20000f48       0x14 build/tasks.o
 .bss.pxOverflowDelayedTaskList
                0x20000f5c        0x4 build/tasks.o
 .bss.pxDelayedTaskList
                0x20000f60        0x4 build/tasks.o
 .bss.xDelayedTaskList2
                0x20000f64       0x14 build/tasks.o
 .bss.xDelayedTaskList1
                0x20000f78       0x14 build/tasks.o
 .bss.pxReadyTasksLists
                0x20000f8c       0x8c build/tasks.o
 .bss.pxCurrentTCB
                0x20001018        0x4 build/tasks.o
                0x20001018                pxCurrentTCB
 *(COMMON)
                0x2000101c                        . = ALIGN (0x4)
                0x2000101c                        _ebss = .
                0x2000101c                        __bss_end__ = _ebss

._user_heap_stack
                0x2000101c      0x604 load address 0x08003100
                0x20001020                        . = ALIGN (0x8)
 *fill*         0x2000101c        0x4 
                [!provide]                        PROVIDE (end = .)
                0x20001020                        PROVIDE (_end = .)
                0x20001220                        . = (. + _Min_Heap_Size)
 *fill*         0x20001020      0x200 
                0x20001620                        . = (. + _Min_Stack_Size)
 *fill*         0x20001220      0x400 
                0x20001620                        . = ALIGN (0x8)

/DISCARD/
 libc.a(*)
 libm.a(*)
 libgcc.a(*)

.ARM.attributes
                0x00000000       0x28
 *(.ARM.attributes)
 .ARM.attributes
                0x00000000       0x1e c:/msys64/mingw64/bin/../lib/gcc/arm-none-eabi/12.2.0/thumb/v6-m/nofp/crti.o
 .ARM.attributes
                0x0000001e       0x2c c:/msys64/mingw64/bin/../lib/gcc/arm-none-eabi/12.2.0/thumb/v6-m/nofp/crtbegin.o
 .ARM.attributes
                0x0000004a       0x2c build/main.o
 .ARM.attributes
                0x00000076       0x2c build/stm32g0xx_hal_msp.o
 .ARM.attributes
                0x000000a2       0x2c build/stm32g0xx_hal_timebase_tim.o
 .ARM.attributes
                0x000000ce       0x2c build/stm32g0xx_it.o
 .ARM.attributes
                0x000000fa       0x2c build/system_stm32g0xx.o
 .ARM.attributes
                0x00000126       0x2c build/stm32g0xx_hal.o
 .ARM.attributes
                0x00000152       0x2c build/stm32g0xx_hal_cortex.o
 .ARM.attributes
                0x0000017e       0x2c build/stm32g0xx_hal_gpio.o
 .ARM.attributes
                0x000001aa       0x2c build/stm32g0xx_hal_pwr_ex.o
 .ARM.attributes
                0x000001d6       0x2c build/stm32g0xx_hal_rcc.o
 .ARM.attributes
                0x00000202       0x2c build/stm32g0xx_hal_rcc_ex.o
 .ARM.attributes
                0x0000022e       0x2c build/stm32g0xx_hal_tim.o
 .ARM.attributes
                0x0000025a       0x2c build/stm32g0xx_hal_tim_ex.o
 .ARM.attributes
                0x00000286       0x2c build/stm32g0xx_hal_uart.o
 .ARM.attributes
                0x000002b2       0x2c build/stm32g0xx_hal_uart_ex.o
 .ARM.attributes
                0x000002de       0x2c build/cmsis_os.o
 .ARM.attributes
                0x0000030a       0x2c build/list.o
 .ARM.attributes
                0x00000336       0x2c build/port.o
 .ARM.attributes
                0x00000362       0x2c build/heap_4.o
 .ARM.attributes
                0x0000038e       0x2c build/queue.o
 .ARM.attributes
                0x000003ba       0x2c build/tasks.o
 .ARM.attributes
                0x000003e6       0x22 build/startup_stm32g070xx.o
 .ARM.attributes
                0x00000408       0x2c c:/msys64/mingw64/bin/../lib/gcc/arm-none-eabi/12.2.0/../../../../arm-none-eabi/lib/thumb/v6-m/nofp\libc_nano.a(libc_a-findfp.o)
 .ARM.attributes
                0x00000434       0x2c c:/msys64/mingw64/bin/../lib/gcc/arm-none-eabi/12.2.0/../../../../arm-none-eabi/lib/thumb/v6-m/nofp\libc_nano.a(libc_a-memset.o)
 .ARM.attributes
                0x00000460       0x2c c:/msys64/mingw64/bin/../lib/gcc/arm-none-eabi/12.2.0/../../../../arm-none-eabi/lib/thumb/v6-m/nofp\libc_nano.a(libc_a-reent.o)
 .ARM.attributes
                0x0000048c       0x2c c:/msys64/mingw64/bin/../lib/gcc/arm-none-eabi/12.2.0/../../../../arm-none-eabi/lib/thumb/v6-m/nofp\libc_nano.a(libc_a-impure.o)
 .ARM.attributes
                0x000004b8       0x2c c:/msys64/mingw64/bin/../lib/gcc/arm-none-eabi/12.2.0/../../../../arm-none-eabi/lib/thumb/v6-m/nofp\libc_nano.a(libc_a-init.o)
 .ARM.attributes
                0x000004e4       0x2c c:/msys64/mingw64/bin/../lib/gcc/arm-none-eabi/12.2.0/../../../../arm-none-eabi/lib/thumb/v6-m/nofp\libc_nano.a(libc_a-lock.o)
 .ARM.attributes
                0x00000510       0x2c c:/msys64/mingw64/bin/../lib/gcc/arm-none-eabi/12.2.0/../../../../arm-none-eabi/lib/thumb/v6-m/nofp\libc_nano.a(libc_a-memcpy-stub.o)
 .ARM.attributes
                0x0000053c       0x2c c:/msys64/mingw64/bin/../lib/gcc/arm-none-eabi/12.2.0/../../../../arm-none-eabi/lib/thumb/v6-m/nofp\libc_nano.a(libc_a-freer.o)
 .ARM.attributes
                0x00000568       0x2c c:/msys64/mingw64/bin/../lib/gcc/arm-none-eabi/12.2.0/../../../../arm-none-eabi/lib/thumb/v6-m/nofp\libc_nano.a(libc_a-mallocr.o)
 .ARM.attributes
                0x00000594       0x2c c:/msys64/mingw64/bin/../lib/gcc/arm-none-eabi/12.2.0/../../../../arm-none-eabi/lib/thumb/v6-m/nofp\libc_nano.a(libc_a-mlock.o)
 .ARM.attributes
                0x000005c0       0x1e c:/msys64/mingw64/bin/../lib/gcc/arm-none-eabi/12.2.0/thumb/v6-m/nofp\libgcc.a(_udivsi3.o)
 .ARM.attributes
                0x000005de       0x1e c:/msys64/mingw64/bin/../lib/gcc/arm-none-eabi/12.2.0/thumb/v6-m/nofp\libgcc.a(_divsi3.o)
 .ARM.attributes
                0x000005fc       0x1e c:/msys64/mingw64/bin/../lib/gcc/arm-none-eabi/12.2.0/thumb/v6-m/nofp\libgcc.a(_dvmd_tls.o)
 .ARM.attributes
                0x0000061a       0x1e c:/msys64/mingw64/bin/../lib/gcc/arm-none-eabi/12.2.0/thumb/v6-m/nofp/crtn.o
OUTPUT(build/queue_rtos_make.elf elf32-littlearm)
LOAD linker stubs
LOAD c:/msys64/mingw64/bin/../lib/gcc/arm-none-eabi/12.2.0/../../../../arm-none-eabi/lib/thumb/v6-m/nofp\libc.a
LOAD c:/msys64/mingw64/bin/../lib/gcc/arm-none-eabi/12.2.0/../../../../arm-none-eabi/lib/thumb/v6-m/nofp\libm.a
LOAD c:/msys64/mingw64/bin/../lib/gcc/arm-none-eabi/12.2.0/thumb/v6-m/nofp\libgcc.a

.debug_info     0x00000000    0x1ec2f
 .debug_info    0x00000000     0x1804 build/main.o
 .debug_info    0x00001804      0xd81 build/stm32g0xx_hal_msp.o
 .debug_info    0x00002585      0xc24 build/stm32g0xx_hal_timebase_tim.o
 .debug_info    0x000031a9      0x7ac build/stm32g0xx_it.o
 .debug_info    0x00003955      0x34c build/system_stm32g0xx.o
 .debug_info    0x00003ca1      0x997 build/stm32g0xx_hal.o
 .debug_info    0x00004638      0x9ec build/stm32g0xx_hal_cortex.o
 .debug_info    0x00005024      0x5ed build/stm32g0xx_hal_gpio.o
 .debug_info    0x00005611      0x4f4 build/stm32g0xx_hal_pwr_ex.o
 .debug_info    0x00005b05      0xd1f build/stm32g0xx_hal_rcc.o
 .debug_info    0x00006824      0x85a build/stm32g0xx_hal_rcc_ex.o
 .debug_info    0x0000707e     0x3e14 build/stm32g0xx_hal_tim.o
 .debug_info    0x0000ae92     0x1ed3 build/stm32g0xx_hal_tim_ex.o
 .debug_info    0x0000cd65     0x60cc build/stm32g0xx_hal_uart.o
 .debug_info    0x00012e31     0x1202 build/stm32g0xx_hal_uart_ex.o
 .debug_info    0x00014033     0x1f0b build/cmsis_os.o
 .debug_info    0x00015f3e      0x2bf build/list.o
 .debug_info    0x000161fd      0x2f8 build/port.o
 .debug_info    0x000164f5      0x4fd build/heap_4.o
 .debug_info    0x000169f2     0x1a45 build/queue.o
 .debug_info    0x00018437     0x2715 build/tasks.o
 .debug_info    0x0001ab4c       0x30 build/startup_stm32g070xx.o
 .debug_info    0x0001ab7c     0x10fa c:/msys64/mingw64/bin/../lib/gcc/arm-none-eabi/12.2.0/../../../../arm-none-eabi/lib/thumb/v6-m/nofp\libc_nano.a(libc_a-findfp.o)
 .debug_info    0x0001bc76      0x135 c:/msys64/mingw64/bin/../lib/gcc/arm-none-eabi/12.2.0/../../../../arm-none-eabi/lib/thumb/v6-m/nofp\libc_nano.a(libc_a-memset.o)
 .debug_info    0x0001bdab      0x8a2 c:/msys64/mingw64/bin/../lib/gcc/arm-none-eabi/12.2.0/../../../../arm-none-eabi/lib/thumb/v6-m/nofp\libc_nano.a(libc_a-reent.o)
 .debug_info    0x0001c64d      0x715 c:/msys64/mingw64/bin/../lib/gcc/arm-none-eabi/12.2.0/../../../../arm-none-eabi/lib/thumb/v6-m/nofp\libc_nano.a(libc_a-impure.o)
 .debug_info    0x0001cd62      0x10b c:/msys64/mingw64/bin/../lib/gcc/arm-none-eabi/12.2.0/../../../../arm-none-eabi/lib/thumb/v6-m/nofp\libc_nano.a(libc_a-init.o)
 .debug_info    0x0001ce6d      0x20a c:/msys64/mingw64/bin/../lib/gcc/arm-none-eabi/12.2.0/../../../../arm-none-eabi/lib/thumb/v6-m/nofp\libc_nano.a(libc_a-lock.o)
 .debug_info    0x0001d077      0x152 c:/msys64/mingw64/bin/../lib/gcc/arm-none-eabi/12.2.0/../../../../arm-none-eabi/lib/thumb/v6-m/nofp\libc_nano.a(libc_a-memcpy-stub.o)
 .debug_info    0x0001d1c9      0x874 c:/msys64/mingw64/bin/../lib/gcc/arm-none-eabi/12.2.0/../../../../arm-none-eabi/lib/thumb/v6-m/nofp\libc_nano.a(libc_a-freer.o)
 .debug_info    0x0001da3d      0x9c5 c:/msys64/mingw64/bin/../lib/gcc/arm-none-eabi/12.2.0/../../../../arm-none-eabi/lib/thumb/v6-m/nofp\libc_nano.a(libc_a-mallocr.o)
 .debug_info    0x0001e402      0x76b c:/msys64/mingw64/bin/../lib/gcc/arm-none-eabi/12.2.0/../../../../arm-none-eabi/lib/thumb/v6-m/nofp\libc_nano.a(libc_a-mlock.o)
 .debug_info    0x0001eb6d       0x44 c:/msys64/mingw64/bin/../lib/gcc/arm-none-eabi/12.2.0/thumb/v6-m/nofp\libgcc.a(_udivsi3.o)
 .debug_info    0x0001ebb1       0x45 c:/msys64/mingw64/bin/../lib/gcc/arm-none-eabi/12.2.0/thumb/v6-m/nofp\libgcc.a(_divsi3.o)
 .debug_info    0x0001ebf6       0x39 c:/msys64/mingw64/bin/../lib/gcc/arm-none-eabi/12.2.0/thumb/v6-m/nofp\libgcc.a(_dvmd_tls.o)

.debug_abbrev   0x00000000     0x46cc
 .debug_abbrev  0x00000000      0x356 build/main.o
 .debug_abbrev  0x00000356      0x215 build/stm32g0xx_hal_msp.o
 .debug_abbrev  0x0000056b      0x282 build/stm32g0xx_hal_timebase_tim.o
 .debug_abbrev  0x000007ed      0x1b0 build/stm32g0xx_it.o
 .debug_abbrev  0x0000099d      0x146 build/system_stm32g0xx.o
 .debug_abbrev  0x00000ae3      0x2c4 build/stm32g0xx_hal.o
 .debug_abbrev  0x00000da7      0x309 build/stm32g0xx_hal_cortex.o
 .debug_abbrev  0x000010b0      0x206 build/stm32g0xx_hal_gpio.o
 .debug_abbrev  0x000012b6      0x1fa build/stm32g0xx_hal_pwr_ex.o
 .debug_abbrev  0x000014b0      0x2d3 build/stm32g0xx_hal_rcc.o
 .debug_abbrev  0x00001783      0x28b build/stm32g0xx_hal_rcc_ex.o
 .debug_abbrev  0x00001a0e      0x294 build/stm32g0xx_hal_tim.o
 .debug_abbrev  0x00001ca2      0x2a7 build/stm32g0xx_hal_tim_ex.o
 .debug_abbrev  0x00001f49      0x362 build/stm32g0xx_hal_uart.o
 .debug_abbrev  0x000022ab      0x370 build/stm32g0xx_hal_uart_ex.o
 .debug_abbrev  0x0000261b      0x37e build/cmsis_os.o
 .debug_abbrev  0x00002999      0x10a build/list.o
 .debug_abbrev  0x00002aa3      0x1dc build/port.o
 .debug_abbrev  0x00002c7f      0x209 build/heap_4.o
 .debug_abbrev  0x00002e88      0x308 build/queue.o
 .debug_abbrev  0x00003190      0x3ba build/tasks.o
 .debug_abbrev  0x0000354a       0x24 build/startup_stm32g070xx.o
 .debug_abbrev  0x0000356e      0x435 c:/msys64/mingw64/bin/../lib/gcc/arm-none-eabi/12.2.0/../../../../arm-none-eabi/lib/thumb/v6-m/nofp\libc_nano.a(libc_a-findfp.o)
 .debug_abbrev  0x000039a3       0xb7 c:/msys64/mingw64/bin/../lib/gcc/arm-none-eabi/12.2.0/../../../../arm-none-eabi/lib/thumb/v6-m/nofp\libc_nano.a(libc_a-memset.o)
 .debug_abbrev  0x00003a5a      0x1eb c:/msys64/mingw64/bin/../lib/gcc/arm-none-eabi/12.2.0/../../../../arm-none-eabi/lib/thumb/v6-m/nofp\libc_nano.a(libc_a-reent.o)
 .debug_abbrev  0x00003c45      0x149 c:/msys64/mingw64/bin/../lib/gcc/arm-none-eabi/12.2.0/../../../../arm-none-eabi/lib/thumb/v6-m/nofp\libc_nano.a(libc_a-impure.o)
 .debug_abbrev  0x00003d8e       0xc9 c:/msys64/mingw64/bin/../lib/gcc/arm-none-eabi/12.2.0/../../../../arm-none-eabi/lib/thumb/v6-m/nofp\libc_nano.a(libc_a-init.o)
 .debug_abbrev  0x00003e57      0x115 c:/msys64/mingw64/bin/../lib/gcc/arm-none-eabi/12.2.0/../../../../arm-none-eabi/lib/thumb/v6-m/nofp\libc_nano.a(libc_a-lock.o)
 .debug_abbrev  0x00003f6c       0xca c:/msys64/mingw64/bin/../lib/gcc/arm-none-eabi/12.2.0/../../../../arm-none-eabi/lib/thumb/v6-m/nofp\libc_nano.a(libc_a-memcpy-stub.o)
 .debug_abbrev  0x00004036      0x238 c:/msys64/mingw64/bin/../lib/gcc/arm-none-eabi/12.2.0/../../../../arm-none-eabi/lib/thumb/v6-m/nofp\libc_nano.a(libc_a-freer.o)
 .debug_abbrev  0x0000426e      0x241 c:/msys64/mingw64/bin/../lib/gcc/arm-none-eabi/12.2.0/../../../../arm-none-eabi/lib/thumb/v6-m/nofp\libc_nano.a(libc_a-mallocr.o)
 .debug_abbrev  0x000044af      0x1bc c:/msys64/mingw64/bin/../lib/gcc/arm-none-eabi/12.2.0/../../../../arm-none-eabi/lib/thumb/v6-m/nofp\libc_nano.a(libc_a-mlock.o)
 .debug_abbrev  0x0000466b       0x21 c:/msys64/mingw64/bin/../lib/gcc/arm-none-eabi/12.2.0/thumb/v6-m/nofp\libgcc.a(_udivsi3.o)
 .debug_abbrev  0x0000468c       0x21 c:/msys64/mingw64/bin/../lib/gcc/arm-none-eabi/12.2.0/thumb/v6-m/nofp\libgcc.a(_divsi3.o)
 .debug_abbrev  0x000046ad       0x1f c:/msys64/mingw64/bin/../lib/gcc/arm-none-eabi/12.2.0/thumb/v6-m/nofp\libgcc.a(_dvmd_tls.o)

.debug_loclists
                0x00000000     0xd2c1
 .debug_loclists
                0x00000000       0x6d build/main.o
 .debug_loclists
                0x0000006d       0x5a build/stm32g0xx_hal_msp.o
 .debug_loclists
                0x000000c7       0xad build/stm32g0xx_hal_timebase_tim.o
 .debug_loclists
                0x00000174       0x6d build/system_stm32g0xx.o
 .debug_loclists
                0x000001e1      0x111 build/stm32g0xx_hal.o
 .debug_loclists
                0x000002f2      0x1c5 build/stm32g0xx_hal_cortex.o
 .debug_loclists
                0x000004b7      0x27b build/stm32g0xx_hal_gpio.o
 .debug_loclists
                0x00000732      0x179 build/stm32g0xx_hal_pwr_ex.o
 .debug_loclists
                0x000008ab      0x4da build/stm32g0xx_hal_rcc.o
 .debug_loclists
                0x00000d85      0x51e build/stm32g0xx_hal_rcc_ex.o
 .debug_loclists
                0x000012a3     0x377c build/stm32g0xx_hal_tim.o
 .debug_loclists
                0x00004a1f     0x19a8 build/stm32g0xx_hal_tim_ex.o
 .debug_loclists
                0x000063c7     0x28ab build/stm32g0xx_hal_uart.o
 .debug_loclists
                0x00008c72      0x766 build/stm32g0xx_hal_uart_ex.o
 .debug_loclists
                0x000093d8      0xc02 build/cmsis_os.o
 .debug_loclists
                0x00009fda       0x6f build/list.o
 .debug_loclists
                0x0000a049       0x8a build/port.o
 .debug_loclists
                0x0000a0d3      0x2aa build/heap_4.o
 .debug_loclists
                0x0000a37d     0x10c6 build/queue.o
 .debug_loclists
                0x0000b443     0x12da build/tasks.o
 .debug_loclists
                0x0000c71d      0x2a4 c:/msys64/mingw64/bin/../lib/gcc/arm-none-eabi/12.2.0/../../../../arm-none-eabi/lib/thumb/v6-m/nofp\libc_nano.a(libc_a-findfp.o)
 .debug_loclists
                0x0000c9c1      0x1ba c:/msys64/mingw64/bin/../lib/gcc/arm-none-eabi/12.2.0/../../../../arm-none-eabi/lib/thumb/v6-m/nofp\libc_nano.a(libc_a-memset.o)
 .debug_loclists
                0x0000cb7b       0x68 c:/msys64/mingw64/bin/../lib/gcc/arm-none-eabi/12.2.0/../../../../arm-none-eabi/lib/thumb/v6-m/nofp\libc_nano.a(libc_a-reent.o)
 .debug_loclists
                0x0000cbe3       0x5a c:/msys64/mingw64/bin/../lib/gcc/arm-none-eabi/12.2.0/../../../../arm-none-eabi/lib/thumb/v6-m/nofp\libc_nano.a(libc_a-init.o)
 .debug_loclists
                0x0000cc3d       0x1e c:/msys64/mingw64/bin/../lib/gcc/arm-none-eabi/12.2.0/../../../../arm-none-eabi/lib/thumb/v6-m/nofp\libc_nano.a(libc_a-lock.o)
 .debug_loclists
                0x0000cc5b      0x2a3 c:/msys64/mingw64/bin/../lib/gcc/arm-none-eabi/12.2.0/../../../../arm-none-eabi/lib/thumb/v6-m/nofp\libc_nano.a(libc_a-memcpy-stub.o)
 .debug_loclists
                0x0000cefe      0x108 c:/msys64/mingw64/bin/../lib/gcc/arm-none-eabi/12.2.0/../../../../arm-none-eabi/lib/thumb/v6-m/nofp\libc_nano.a(libc_a-freer.o)
 .debug_loclists
                0x0000d006      0x28b c:/msys64/mingw64/bin/../lib/gcc/arm-none-eabi/12.2.0/../../../../arm-none-eabi/lib/thumb/v6-m/nofp\libc_nano.a(libc_a-mallocr.o)
 .debug_loclists
                0x0000d291       0x30 c:/msys64/mingw64/bin/../lib/gcc/arm-none-eabi/12.2.0/../../../../arm-none-eabi/lib/thumb/v6-m/nofp\libc_nano.a(libc_a-mlock.o)

.debug_aranges  0x00000000     0x1460
 .debug_aranges
                0x00000000       0x58 build/main.o
 .debug_aranges
                0x00000058       0x30 build/stm32g0xx_hal_msp.o
 .debug_aranges
                0x00000088       0x30 build/stm32g0xx_hal_timebase_tim.o
 .debug_aranges
                0x000000b8       0x30 build/stm32g0xx_it.o
 .debug_aranges
                0x000000e8       0x28 build/system_stm32g0xx.o
 .debug_aranges
                0x00000110       0xf8 build/stm32g0xx_hal.o
 .debug_aranges
                0x00000208       0xc0 build/stm32g0xx_hal_cortex.o
 .debug_aranges
                0x000002c8       0x60 build/stm32g0xx_hal_gpio.o
 .debug_aranges
                0x00000328       0x98 build/stm32g0xx_hal_pwr_ex.o
 .debug_aranges
                0x000003c0       0x98 build/stm32g0xx_hal_rcc.o
 .debug_aranges
                0x00000458       0x40 build/stm32g0xx_hal_rcc_ex.o
 .debug_aranges
                0x00000498      0x3e0 build/stm32g0xx_hal_tim.o
 .debug_aranges
                0x00000878      0x198 build/stm32g0xx_hal_tim_ex.o
 .debug_aranges
                0x00000a10      0x248 build/stm32g0xx_hal_uart.o
 .debug_aranges
                0x00000c58       0xa8 build/stm32g0xx_hal_uart_ex.o
 .debug_aranges
                0x00000d00      0x1d8 build/cmsis_os.o
 .debug_aranges
                0x00000ed8       0x40 build/list.o
 .debug_aranges
                0x00000f18       0x88 build/port.o
 .debug_aranges
                0x00000fa0       0x58 build/heap_4.o
 .debug_aranges
                0x00000ff8       0xf8 build/queue.o
 .debug_aranges
                0x000010f0      0x1b0 build/tasks.o
 .debug_aranges
                0x000012a0       0x28 build/startup_stm32g070xx.o
 .debug_aranges
                0x000012c8       0x20 c:/msys64/mingw64/bin/../lib/gcc/arm-none-eabi/12.2.0/../../../../arm-none-eabi/lib/thumb/v6-m/nofp\libc_nano.a(libc_a-findfp.o)
 .debug_aranges
                0x000012e8       0x20 c:/msys64/mingw64/bin/../lib/gcc/arm-none-eabi/12.2.0/../../../../arm-none-eabi/lib/thumb/v6-m/nofp\libc_nano.a(libc_a-memset.o)
 .debug_aranges
                0x00001308       0x20 c:/msys64/mingw64/bin/../lib/gcc/arm-none-eabi/12.2.0/../../../../arm-none-eabi/lib/thumb/v6-m/nofp\libc_nano.a(libc_a-reent.o)
 .debug_aranges
                0x00001328       0x18 c:/msys64/mingw64/bin/../lib/gcc/arm-none-eabi/12.2.0/../../../../arm-none-eabi/lib/thumb/v6-m/nofp\libc_nano.a(libc_a-impure.o)
 .debug_aranges
                0x00001340       0x20 c:/msys64/mingw64/bin/../lib/gcc/arm-none-eabi/12.2.0/../../../../arm-none-eabi/lib/thumb/v6-m/nofp\libc_nano.a(libc_a-init.o)
 .debug_aranges
                0x00001360       0x20 c:/msys64/mingw64/bin/../lib/gcc/arm-none-eabi/12.2.0/../../../../arm-none-eabi/lib/thumb/v6-m/nofp\libc_nano.a(libc_a-lock.o)
 .debug_aranges
                0x00001380       0x20 c:/msys64/mingw64/bin/../lib/gcc/arm-none-eabi/12.2.0/../../../../arm-none-eabi/lib/thumb/v6-m/nofp\libc_nano.a(libc_a-memcpy-stub.o)
 .debug_aranges
                0x000013a0       0x20 c:/msys64/mingw64/bin/../lib/gcc/arm-none-eabi/12.2.0/../../../../arm-none-eabi/lib/thumb/v6-m/nofp\libc_nano.a(libc_a-freer.o)
 .debug_aranges
                0x000013c0       0x20 c:/msys64/mingw64/bin/../lib/gcc/arm-none-eabi/12.2.0/../../../../arm-none-eabi/lib/thumb/v6-m/nofp\libc_nano.a(libc_a-mallocr.o)
 .debug_aranges
                0x000013e0       0x20 c:/msys64/mingw64/bin/../lib/gcc/arm-none-eabi/12.2.0/../../../../arm-none-eabi/lib/thumb/v6-m/nofp\libc_nano.a(libc_a-mlock.o)
 .debug_aranges
                0x00001400       0x20 c:/msys64/mingw64/bin/../lib/gcc/arm-none-eabi/12.2.0/thumb/v6-m/nofp\libgcc.a(_udivsi3.o)
 .debug_aranges
                0x00001420       0x20 c:/msys64/mingw64/bin/../lib/gcc/arm-none-eabi/12.2.0/thumb/v6-m/nofp\libgcc.a(_divsi3.o)
 .debug_aranges
                0x00001440       0x20 c:/msys64/mingw64/bin/../lib/gcc/arm-none-eabi/12.2.0/thumb/v6-m/nofp\libgcc.a(_dvmd_tls.o)

.debug_rnglists
                0x00000000      0xfcf
 .debug_rnglists
                0x00000000       0x3d build/main.o
 .debug_rnglists
                0x0000003d       0x20 build/stm32g0xx_hal_msp.o
 .debug_rnglists
                0x0000005d       0x20 build/stm32g0xx_hal_timebase_tim.o
 .debug_rnglists
                0x0000007d       0x1f build/stm32g0xx_it.o
 .debug_rnglists
                0x0000009c       0x1a build/system_stm32g0xx.o
 .debug_rnglists
                0x000000b6       0xb5 build/stm32g0xx_hal.o
 .debug_rnglists
                0x0000016b       0x97 build/stm32g0xx_hal_cortex.o
 .debug_rnglists
                0x00000202       0x45 build/stm32g0xx_hal_gpio.o
 .debug_rnglists
                0x00000247       0x6f build/stm32g0xx_hal_pwr_ex.o
 .debug_rnglists
                0x000002b6       0x85 build/stm32g0xx_hal_rcc.o
 .debug_rnglists
                0x0000033b       0x3b build/stm32g0xx_hal_rcc_ex.o
 .debug_rnglists
                0x00000376      0x311 build/stm32g0xx_hal_tim.o
 .debug_rnglists
                0x00000687      0x13f build/stm32g0xx_hal_tim_ex.o
 .debug_rnglists
                0x000007c6      0x1cc build/stm32g0xx_hal_uart.o
 .debug_rnglists
                0x00000992       0x94 build/stm32g0xx_hal_uart_ex.o
 .debug_rnglists
                0x00000a26      0x15f build/cmsis_os.o
 .debug_rnglists
                0x00000b85       0x2b build/list.o
 .debug_rnglists
                0x00000bb0       0x61 build/port.o
 .debug_rnglists
                0x00000c11       0x3f build/heap_4.o
 .debug_rnglists
                0x00000c50      0x117 build/queue.o
 .debug_rnglists
                0x00000d67      0x1a5 build/tasks.o
 .debug_rnglists
                0x00000f0c       0x19 build/startup_stm32g070xx.o
 .debug_rnglists
                0x00000f25       0x79 c:/msys64/mingw64/bin/../lib/gcc/arm-none-eabi/12.2.0/../../../../arm-none-eabi/lib/thumb/v6-m/nofp\libc_nano.a(libc_a-findfp.o)
 .debug_rnglists
                0x00000f9e       0x13 c:/msys64/mingw64/bin/../lib/gcc/arm-none-eabi/12.2.0/../../../../arm-none-eabi/lib/thumb/v6-m/nofp\libc_nano.a(libc_a-freer.o)
 .debug_rnglists
                0x00000fb1       0x1e c:/msys64/mingw64/bin/../lib/gcc/arm-none-eabi/12.2.0/../../../../arm-none-eabi/lib/thumb/v6-m/nofp\libc_nano.a(libc_a-mallocr.o)

.debug_line     0x00000000    0x17024
 .debug_line    0x00000000      0x5b1 build/main.o
 .debug_line    0x000005b1      0x2d5 build/stm32g0xx_hal_msp.o
 .debug_line    0x00000886      0x2bf build/stm32g0xx_hal_timebase_tim.o
 .debug_line    0x00000b45      0x1d1 build/stm32g0xx_it.o
 .debug_line    0x00000d16      0x23d build/system_stm32g0xx.o
 .debug_line    0x00000f53      0x57a build/stm32g0xx_hal.o
 .debug_line    0x000014cd      0x681 build/stm32g0xx_hal_cortex.o
 .debug_line    0x00001b4e      0x6a0 build/stm32g0xx_hal_gpio.o
 .debug_line    0x000021ee      0x50a build/stm32g0xx_hal_pwr_ex.o
 .debug_line    0x000026f8      0xd89 build/stm32g0xx_hal_rcc.o
 .debug_line    0x00003481      0x7b1 build/stm32g0xx_hal_rcc_ex.o
 .debug_line    0x00003c32     0x4f4a build/stm32g0xx_hal_tim.o
 .debug_line    0x00008b7c     0x1fdf build/stm32g0xx_hal_tim_ex.o
 .debug_line    0x0000ab5b     0x4a42 build/stm32g0xx_hal_uart.o
 .debug_line    0x0000f59d      0xc75 build/stm32g0xx_hal_uart_ex.o
 .debug_line    0x00010212     0x10d4 build/cmsis_os.o
 .debug_line    0x000112e6      0x316 build/list.o
 .debug_line    0x000115fc      0x3d3 build/port.o
 .debug_line    0x000119cf      0x659 build/heap_4.o
 .debug_line    0x00012028     0x1615 build/queue.o
 .debug_line    0x0001363d     0x2000 build/tasks.o
 .debug_line    0x0001563d       0x77 build/startup_stm32g070xx.o
 .debug_line    0x000156b4      0x67c c:/msys64/mingw64/bin/../lib/gcc/arm-none-eabi/12.2.0/../../../../arm-none-eabi/lib/thumb/v6-m/nofp\libc_nano.a(libc_a-findfp.o)
 .debug_line    0x00015d30      0x1e0 c:/msys64/mingw64/bin/../lib/gcc/arm-none-eabi/12.2.0/../../../../arm-none-eabi/lib/thumb/v6-m/nofp\libc_nano.a(libc_a-memset.o)
 .debug_line    0x00015f10      0x27d c:/msys64/mingw64/bin/../lib/gcc/arm-none-eabi/12.2.0/../../../../arm-none-eabi/lib/thumb/v6-m/nofp\libc_nano.a(libc_a-reent.o)
 .debug_line    0x0001618d       0xfb c:/msys64/mingw64/bin/../lib/gcc/arm-none-eabi/12.2.0/../../../../arm-none-eabi/lib/thumb/v6-m/nofp\libc_nano.a(libc_a-impure.o)
 .debug_line    0x00016288      0x12b c:/msys64/mingw64/bin/../lib/gcc/arm-none-eabi/12.2.0/../../../../arm-none-eabi/lib/thumb/v6-m/nofp\libc_nano.a(libc_a-init.o)
 .debug_line    0x000163b3       0xd7 c:/msys64/mingw64/bin/../lib/gcc/arm-none-eabi/12.2.0/../../../../arm-none-eabi/lib/thumb/v6-m/nofp\libc_nano.a(libc_a-lock.o)
 .debug_line    0x0001648a      0x1f6 c:/msys64/mingw64/bin/../lib/gcc/arm-none-eabi/12.2.0/../../../../arm-none-eabi/lib/thumb/v6-m/nofp\libc_nano.a(libc_a-memcpy-stub.o)
 .debug_line    0x00016680      0x2e3 c:/msys64/mingw64/bin/../lib/gcc/arm-none-eabi/12.2.0/../../../../arm-none-eabi/lib/thumb/v6-m/nofp\libc_nano.a(libc_a-freer.o)
 .debug_line    0x00016963      0x43c c:/msys64/mingw64/bin/../lib/gcc/arm-none-eabi/12.2.0/../../../../arm-none-eabi/lib/thumb/v6-m/nofp\libc_nano.a(libc_a-mallocr.o)
 .debug_line    0x00016d9f      0x16b c:/msys64/mingw64/bin/../lib/gcc/arm-none-eabi/12.2.0/../../../../arm-none-eabi/lib/thumb/v6-m/nofp\libc_nano.a(libc_a-mlock.o)
 .debug_line    0x00016f0a       0x61 c:/msys64/mingw64/bin/../lib/gcc/arm-none-eabi/12.2.0/thumb/v6-m/nofp\libgcc.a(_udivsi3.o)
 .debug_line    0x00016f6b       0x6f c:/msys64/mingw64/bin/../lib/gcc/arm-none-eabi/12.2.0/thumb/v6-m/nofp\libgcc.a(_divsi3.o)
 .debug_line    0x00016fda       0x4a c:/msys64/mingw64/bin/../lib/gcc/arm-none-eabi/12.2.0/thumb/v6-m/nofp\libgcc.a(_dvmd_tls.o)

.debug_str      0x00000000     0x6b77
 .debug_str     0x00000000     0x6b77 build/main.o
                               0x11c6 (size before relaxing)
 .debug_str     0x00006b77      0xb69 build/stm32g0xx_hal_msp.o
 .debug_str     0x00006b77      0xb98 build/stm32g0xx_hal_timebase_tim.o
 .debug_str     0x00006b77      0x7d0 build/stm32g0xx_it.o
 .debug_str     0x00006b77      0x2d9 build/system_stm32g0xx.o
 .debug_str     0x00006b77      0x83d build/stm32g0xx_hal.o
 .debug_str     0x00006b77      0x74a build/stm32g0xx_hal_cortex.o
 .debug_str     0x00006b77      0x3ee build/stm32g0xx_hal_gpio.o
 .debug_str     0x00006b77      0x4d9 build/stm32g0xx_hal_pwr_ex.o
 .debug_str     0x00006b77      0x761 build/stm32g0xx_hal_rcc.o
 .debug_str     0x00006b77      0x5bb build/stm32g0xx_hal_rcc_ex.o
 .debug_str     0x00006b77     0x17ee build/stm32g0xx_hal_tim.o
 .debug_str     0x00006b77     0x117a build/stm32g0xx_hal_tim_ex.o
 .debug_str     0x00006b77     0x113b build/stm32g0xx_hal_uart.o
 .debug_str     0x00006b77      0xb40 build/stm32g0xx_hal_uart_ex.o
 .debug_str     0x00006b77      0xe25 build/cmsis_os.o
 .debug_str     0x00006b77      0x2d1 build/list.o
 .debug_str     0x00006b77      0x383 build/port.o
 .debug_str     0x00006b77      0x4cb build/heap_4.o
 .debug_str     0x00006b77      0x9e3 build/queue.o
 .debug_str     0x00006b77     0x1183 build/tasks.o
 .debug_str     0x00006b77       0x65 build/startup_stm32g070xx.o
 .debug_str     0x00006b77      0x723 c:/msys64/mingw64/bin/../lib/gcc/arm-none-eabi/12.2.0/../../../../arm-none-eabi/lib/thumb/v6-m/nofp\libc_nano.a(libc_a-findfp.o)
 .debug_str     0x00006b77      0x194 c:/msys64/mingw64/bin/../lib/gcc/arm-none-eabi/12.2.0/../../../../arm-none-eabi/lib/thumb/v6-m/nofp\libc_nano.a(libc_a-memset.o)
 .debug_str     0x00006b77      0x4bf c:/msys64/mingw64/bin/../lib/gcc/arm-none-eabi/12.2.0/../../../../arm-none-eabi/lib/thumb/v6-m/nofp\libc_nano.a(libc_a-reent.o)
 .debug_str     0x00006b77      0x4a0 c:/msys64/mingw64/bin/../lib/gcc/arm-none-eabi/12.2.0/../../../../arm-none-eabi/lib/thumb/v6-m/nofp\libc_nano.a(libc_a-impure.o)
 .debug_str     0x00006b77      0x1e1 c:/msys64/mingw64/bin/../lib/gcc/arm-none-eabi/12.2.0/../../../../arm-none-eabi/lib/thumb/v6-m/nofp\libc_nano.a(libc_a-init.o)
 .debug_str     0x00006b77      0x2f3 c:/msys64/mingw64/bin/../lib/gcc/arm-none-eabi/12.2.0/../../../../arm-none-eabi/lib/thumb/v6-m/nofp\libc_nano.a(libc_a-lock.o)
 .debug_str     0x00006b77      0x1b1 c:/msys64/mingw64/bin/../lib/gcc/arm-none-eabi/12.2.0/../../../../arm-none-eabi/lib/thumb/v6-m/nofp\libc_nano.a(libc_a-memcpy-stub.o)
 .debug_str     0x00006b77      0x520 c:/msys64/mingw64/bin/../lib/gcc/arm-none-eabi/12.2.0/../../../../arm-none-eabi/lib/thumb/v6-m/nofp\libc_nano.a(libc_a-freer.o)
 .debug_str     0x00006b77      0x581 c:/msys64/mingw64/bin/../lib/gcc/arm-none-eabi/12.2.0/../../../../arm-none-eabi/lib/thumb/v6-m/nofp\libc_nano.a(libc_a-mallocr.o)
 .debug_str     0x00006b77      0x522 c:/msys64/mingw64/bin/../lib/gcc/arm-none-eabi/12.2.0/../../../../arm-none-eabi/lib/thumb/v6-m/nofp\libc_nano.a(libc_a-mlock.o)
 .debug_str     0x00006b77       0xdd c:/msys64/mingw64/bin/../lib/gcc/arm-none-eabi/12.2.0/thumb/v6-m/nofp\libgcc.a(_udivsi3.o)
 .debug_str     0x00006b77       0xda c:/msys64/mingw64/bin/../lib/gcc/arm-none-eabi/12.2.0/thumb/v6-m/nofp\libgcc.a(_divsi3.o)
 .debug_str     0x00006b77       0xd0 c:/msys64/mingw64/bin/../lib/gcc/arm-none-eabi/12.2.0/thumb/v6-m/nofp\libgcc.a(_dvmd_tls.o)

.comment        0x00000000       0x12
 .comment       0x00000000       0x12 build/main.o
                                 0x13 (size before relaxing)
 .comment       0x00000012       0x13 build/stm32g0xx_hal_msp.o
 .comment       0x00000012       0x13 build/stm32g0xx_hal_timebase_tim.o
 .comment       0x00000012       0x13 build/stm32g0xx_it.o
 .comment       0x00000012       0x13 build/system_stm32g0xx.o
 .comment       0x00000012       0x13 build/stm32g0xx_hal.o
 .comment       0x00000012       0x13 build/stm32g0xx_hal_cortex.o
 .comment       0x00000012       0x13 build/stm32g0xx_hal_gpio.o
 .comment       0x00000012       0x13 build/stm32g0xx_hal_pwr_ex.o
 .comment       0x00000012       0x13 build/stm32g0xx_hal_rcc.o
 .comment       0x00000012       0x13 build/stm32g0xx_hal_rcc_ex.o
 .comment       0x00000012       0x13 build/stm32g0xx_hal_tim.o
 .comment       0x00000012       0x13 build/stm32g0xx_hal_tim_ex.o
 .comment       0x00000012       0x13 build/stm32g0xx_hal_uart.o
 .comment       0x00000012       0x13 build/stm32g0xx_hal_uart_ex.o
 .comment       0x00000012       0x13 build/cmsis_os.o
 .comment       0x00000012       0x13 build/list.o
 .comment       0x00000012       0x13 build/port.o
 .comment       0x00000012       0x13 build/heap_4.o
 .comment       0x00000012       0x13 build/queue.o
 .comment       0x00000012       0x13 build/tasks.o
 .comment       0x00000012       0x13 c:/msys64/mingw64/bin/../lib/gcc/arm-none-eabi/12.2.0/../../../../arm-none-eabi/lib/thumb/v6-m/nofp\libc_nano.a(libc_a-findfp.o)
 .comment       0x00000012       0x13 c:/msys64/mingw64/bin/../lib/gcc/arm-none-eabi/12.2.0/../../../../arm-none-eabi/lib/thumb/v6-m/nofp\libc_nano.a(libc_a-memset.o)
 .comment       0x00000012       0x13 c:/msys64/mingw64/bin/../lib/gcc/arm-none-eabi/12.2.0/../../../../arm-none-eabi/lib/thumb/v6-m/nofp\libc_nano.a(libc_a-reent.o)
 .comment       0x00000012       0x13 c:/msys64/mingw64/bin/../lib/gcc/arm-none-eabi/12.2.0/../../../../arm-none-eabi/lib/thumb/v6-m/nofp\libc_nano.a(libc_a-impure.o)
 .comment       0x00000012       0x13 c:/msys64/mingw64/bin/../lib/gcc/arm-none-eabi/12.2.0/../../../../arm-none-eabi/lib/thumb/v6-m/nofp\libc_nano.a(libc_a-init.o)
 .comment       0x00000012       0x13 c:/msys64/mingw64/bin/../lib/gcc/arm-none-eabi/12.2.0/../../../../arm-none-eabi/lib/thumb/v6-m/nofp\libc_nano.a(libc_a-lock.o)
 .comment       0x00000012       0x13 c:/msys64/mingw64/bin/../lib/gcc/arm-none-eabi/12.2.0/../../../../arm-none-eabi/lib/thumb/v6-m/nofp\libc_nano.a(libc_a-memcpy-stub.o)
 .comment       0x00000012       0x13 c:/msys64/mingw64/bin/../lib/gcc/arm-none-eabi/12.2.0/../../../../arm-none-eabi/lib/thumb/v6-m/nofp\libc_nano.a(libc_a-freer.o)
 .comment       0x00000012       0x13 c:/msys64/mingw64/bin/../lib/gcc/arm-none-eabi/12.2.0/../../../../arm-none-eabi/lib/thumb/v6-m/nofp\libc_nano.a(libc_a-mallocr.o)
 .comment       0x00000012       0x13 c:/msys64/mingw64/bin/../lib/gcc/arm-none-eabi/12.2.0/../../../../arm-none-eabi/lib/thumb/v6-m/nofp\libc_nano.a(libc_a-mlock.o)

.debug_frame    0x00000000     0x351c
 .debug_frame   0x00000000       0xdc build/main.o
 .debug_frame   0x000000dc       0x5c build/stm32g0xx_hal_msp.o
 .debug_frame   0x00000138       0x4c build/stm32g0xx_hal_timebase_tim.o
 .debug_frame   0x00000184       0x48 build/stm32g0xx_it.o
 .debug_frame   0x000001cc       0x38 build/system_stm32g0xx.o
 .debug_frame   0x00000204      0x1fc build/stm32g0xx_hal.o
 .debug_frame   0x00000400      0x194 build/stm32g0xx_hal_cortex.o
 .debug_frame   0x00000594       0xd0 build/stm32g0xx_hal_gpio.o
 .debug_frame   0x00000664      0x120 build/stm32g0xx_hal_pwr_ex.o
 .debug_frame   0x00000784      0x16c build/stm32g0xx_hal_rcc.o
 .debug_frame   0x000008f0       0x90 build/stm32g0xx_hal_rcc_ex.o
 .debug_frame   0x00000980      0xb18 build/stm32g0xx_hal_tim.o
 .debug_frame   0x00001498      0x4c0 build/stm32g0xx_hal_tim_ex.o
 .debug_frame   0x00001958      0x6e0 build/stm32g0xx_hal_uart.o
 .debug_frame   0x00002038      0x1e0 build/stm32g0xx_hal_uart_ex.o
 .debug_frame   0x00002218      0x548 build/cmsis_os.o
 .debug_frame   0x00002760       0x6c build/list.o
 .debug_frame   0x000027cc      0x114 build/port.o
 .debug_frame   0x000028e0       0xc0 build/heap_4.o
 .debug_frame   0x000029a0      0x2e0 build/queue.o
 .debug_frame   0x00002c80      0x4fc build/tasks.o
 .debug_frame   0x0000317c      0x138 c:/msys64/mingw64/bin/../lib/gcc/arm-none-eabi/12.2.0/../../../../arm-none-eabi/lib/thumb/v6-m/nofp\libc_nano.a(libc_a-findfp.o)
 .debug_frame   0x000032b4       0x30 c:/msys64/mingw64/bin/../lib/gcc/arm-none-eabi/12.2.0/../../../../arm-none-eabi/lib/thumb/v6-m/nofp\libc_nano.a(libc_a-memset.o)
 .debug_frame   0x000032e4       0x2c c:/msys64/mingw64/bin/../lib/gcc/arm-none-eabi/12.2.0/../../../../arm-none-eabi/lib/thumb/v6-m/nofp\libc_nano.a(libc_a-reent.o)
 .debug_frame   0x00003310       0x2c c:/msys64/mingw64/bin/../lib/gcc/arm-none-eabi/12.2.0/../../../../arm-none-eabi/lib/thumb/v6-m/nofp\libc_nano.a(libc_a-init.o)
 .debug_frame   0x0000333c       0xb0 c:/msys64/mingw64/bin/../lib/gcc/arm-none-eabi/12.2.0/../../../../arm-none-eabi/lib/thumb/v6-m/nofp\libc_nano.a(libc_a-lock.o)
 .debug_frame   0x000033ec       0x30 c:/msys64/mingw64/bin/../lib/gcc/arm-none-eabi/12.2.0/../../../../arm-none-eabi/lib/thumb/v6-m/nofp\libc_nano.a(libc_a-memcpy-stub.o)
 .debug_frame   0x0000341c       0x2c c:/msys64/mingw64/bin/../lib/gcc/arm-none-eabi/12.2.0/../../../../arm-none-eabi/lib/thumb/v6-m/nofp\libc_nano.a(libc_a-freer.o)
 .debug_frame   0x00003448       0x54 c:/msys64/mingw64/bin/../lib/gcc/arm-none-eabi/12.2.0/../../../../arm-none-eabi/lib/thumb/v6-m/nofp\libc_nano.a(libc_a-mallocr.o)
 .debug_frame   0x0000349c       0x40 c:/msys64/mingw64/bin/../lib/gcc/arm-none-eabi/12.2.0/../../../../arm-none-eabi/lib/thumb/v6-m/nofp\libc_nano.a(libc_a-mlock.o)
 .debug_frame   0x000034dc       0x20 c:/msys64/mingw64/bin/../lib/gcc/arm-none-eabi/12.2.0/thumb/v6-m/nofp\libgcc.a(_udivsi3.o)
 .debug_frame   0x000034fc       0x20 c:/msys64/mingw64/bin/../lib/gcc/arm-none-eabi/12.2.0/thumb/v6-m/nofp\libgcc.a(_divsi3.o)

.debug_line_str
                0x00000000       0xf3
 .debug_line_str
                0x00000000       0xf3 build/startup_stm32g070xx.o
                                 0x4b (size before relaxing)
 .debug_line_str
                0x000000f3       0xa8 c:/msys64/mingw64/bin/../lib/gcc/arm-none-eabi/12.2.0/thumb/v6-m/nofp\libgcc.a(_udivsi3.o)
 .debug_line_str
                0x000000f3       0xa8 c:/msys64/mingw64/bin/../lib/gcc/arm-none-eabi/12.2.0/thumb/v6-m/nofp\libgcc.a(_divsi3.o)
 .debug_line_str
                0x000000f3       0xa8 c:/msys64/mingw64/bin/../lib/gcc/arm-none-eabi/12.2.0/thumb/v6-m/nofp\libgcc.a(_dvmd_tls.o)

Cross Reference Table

Symbol                                            File
ADC1_IRQHandler                                   build/startup_stm32g070xx.o
AHBPrescTable                                     build/system_stm32g0xx.o
                                                  build/stm32g0xx_hal_rcc.o
APBPrescTable                                     build/system_stm32g0xx.o
                                                  build/stm32g0xx_hal_rcc.o
DMA1_Ch4_7_DMAMUX1_OVR_IRQHandler                 build/startup_stm32g070xx.o
DMA1_Channel1_IRQHandler                          build/startup_stm32g070xx.o
DMA1_Channel2_3_IRQHandler                        build/startup_stm32g070xx.o
Default_Handler                                   build/startup_stm32g070xx.o
EXTI0_1_IRQHandler                                build/startup_stm32g070xx.o
EXTI2_3_IRQHandler                                build/startup_stm32g070xx.o
EXTI4_15_IRQHandler                               build/startup_stm32g070xx.o
Error_Handler                                     build/main.o
                                                  build/stm32g0xx_hal_msp.o
FLASH_FlushCaches                                 build/stm32g0xx_hal_flash_ex.o
FLASH_IRQHandler                                  build/startup_stm32g070xx.o
FLASH_PageErase                                   build/stm32g0xx_hal_flash_ex.o
                                                  build/stm32g0xx_hal_flash.o
FLASH_WaitForLastOperation                        build/stm32g0xx_hal_flash.o
                                                  build/stm32g0xx_hal_flash_ex.o
HAL_DBGMCU_DisableDBGStandbyMode                  build/stm32g0xx_hal.o
HAL_DBGMCU_DisableDBGStopMode                     build/stm32g0xx_hal.o
HAL_DBGMCU_EnableDBGStandbyMode                   build/stm32g0xx_hal.o
HAL_DBGMCU_EnableDBGStopMode                      build/stm32g0xx_hal.o
HAL_DMAEx_ConfigMuxRequestGenerator               build/stm32g0xx_hal_dma_ex.o
HAL_DMAEx_ConfigMuxSync                           build/stm32g0xx_hal_dma_ex.o
HAL_DMAEx_DisableMuxRequestGenerator              build/stm32g0xx_hal_dma_ex.o
HAL_DMAEx_EnableMuxRequestGenerator               build/stm32g0xx_hal_dma_ex.o
HAL_DMAEx_MUX_IRQHandler                          build/stm32g0xx_hal_dma_ex.o
HAL_DMA_Abort                                     build/stm32g0xx_hal_dma.o
                                                  build/stm32g0xx_hal_uart.o
HAL_DMA_Abort_IT                                  build/stm32g0xx_hal_dma.o
                                                  build/stm32g0xx_hal_uart.o
                                                  build/stm32g0xx_hal_tim_ex.o
                                                  build/stm32g0xx_hal_tim.o
HAL_DMA_DeInit                                    build/stm32g0xx_hal_dma.o
HAL_DMA_GetError                                  build/stm32g0xx_hal_dma.o
                                                  build/stm32g0xx_hal_uart.o
HAL_DMA_GetState                                  build/stm32g0xx_hal_dma.o
HAL_DMA_IRQHandler                                build/stm32g0xx_hal_dma.o
HAL_DMA_Init                                      build/stm32g0xx_hal_dma.o
HAL_DMA_PollForTransfer                           build/stm32g0xx_hal_dma.o
HAL_DMA_RegisterCallback                          build/stm32g0xx_hal_dma.o
HAL_DMA_Start                                     build/stm32g0xx_hal_dma.o
HAL_DMA_Start_IT                                  build/stm32g0xx_hal_dma.o
                                                  build/stm32g0xx_hal_uart.o
                                                  build/stm32g0xx_hal_tim_ex.o
                                                  build/stm32g0xx_hal_tim.o
HAL_DMA_UnRegisterCallback                        build/stm32g0xx_hal_dma.o
HAL_DeInit                                        build/stm32g0xx_hal.o
HAL_Delay                                         build/stm32g0xx_hal.o
HAL_EXTI_ClearConfigLine                          build/stm32g0xx_hal_exti.o
HAL_EXTI_ClearPending                             build/stm32g0xx_hal_exti.o
HAL_EXTI_GenerateSWI                              build/stm32g0xx_hal_exti.o
HAL_EXTI_GetConfigLine                            build/stm32g0xx_hal_exti.o
HAL_EXTI_GetHandle                                build/stm32g0xx_hal_exti.o
HAL_EXTI_GetPending                               build/stm32g0xx_hal_exti.o
HAL_EXTI_IRQHandler                               build/stm32g0xx_hal_exti.o
HAL_EXTI_RegisterCallback                         build/stm32g0xx_hal_exti.o
HAL_EXTI_SetConfigLine                            build/stm32g0xx_hal_exti.o
HAL_FLASHEx_Erase                                 build/stm32g0xx_hal_flash_ex.o
HAL_FLASHEx_Erase_IT                              build/stm32g0xx_hal_flash_ex.o
HAL_FLASHEx_FlashEmptyCheck                       build/stm32g0xx_hal_flash_ex.o
HAL_FLASHEx_ForceFlashEmpty                       build/stm32g0xx_hal_flash_ex.o
HAL_FLASHEx_OBGetConfig                           build/stm32g0xx_hal_flash_ex.o
HAL_FLASHEx_OBProgram                             build/stm32g0xx_hal_flash_ex.o
HAL_FLASH_EndOfOperationCallback                  build/stm32g0xx_hal_flash.o
HAL_FLASH_GetError                                build/stm32g0xx_hal_flash.o
HAL_FLASH_IRQHandler                              build/stm32g0xx_hal_flash.o
HAL_FLASH_Lock                                    build/stm32g0xx_hal_flash.o
HAL_FLASH_OB_Launch                               build/stm32g0xx_hal_flash.o
HAL_FLASH_OB_Lock                                 build/stm32g0xx_hal_flash.o
HAL_FLASH_OB_Unlock                               build/stm32g0xx_hal_flash.o
HAL_FLASH_OperationErrorCallback                  build/stm32g0xx_hal_flash.o
HAL_FLASH_Program                                 build/stm32g0xx_hal_flash.o
HAL_FLASH_Program_IT                              build/stm32g0xx_hal_flash.o
HAL_FLASH_Unlock                                  build/stm32g0xx_hal_flash.o
HAL_GPIO_DeInit                                   build/stm32g0xx_hal_gpio.o
                                                  build/stm32g0xx_hal_msp.o
HAL_GPIO_EXTI_Falling_Callback                    build/stm32g0xx_hal_gpio.o
HAL_GPIO_EXTI_IRQHandler                          build/stm32g0xx_hal_gpio.o
HAL_GPIO_EXTI_Rising_Callback                     build/stm32g0xx_hal_gpio.o
HAL_GPIO_Init                                     build/stm32g0xx_hal_gpio.o
                                                  build/stm32g0xx_hal_rcc_ex.o
                                                  build/stm32g0xx_hal_rcc.o
                                                  build/stm32g0xx_hal_msp.o
                                                  build/main.o
HAL_GPIO_LockPin                                  build/stm32g0xx_hal_gpio.o
HAL_GPIO_ReadPin                                  build/stm32g0xx_hal_gpio.o
HAL_GPIO_TogglePin                                build/stm32g0xx_hal_gpio.o
HAL_GPIO_WritePin                                 build/stm32g0xx_hal_gpio.o
                                                  build/main.o
HAL_GetDEVID                                      build/stm32g0xx_hal.o
HAL_GetHalVersion                                 build/stm32g0xx_hal.o
HAL_GetREVID                                      build/stm32g0xx_hal.o
HAL_GetTick                                       build/stm32g0xx_hal.o
                                                  build/stm32g0xx_hal_uart_ex.o
                                                  build/stm32g0xx_hal_uart.o
                                                  build/stm32g0xx_hal_tim_ex.o
                                                  build/stm32g0xx_hal_rcc_ex.o
                                                  build/stm32g0xx_hal_rcc.o
                                                  build/stm32g0xx_hal_flash.o
                                                  build/stm32g0xx_hal_dma.o
HAL_GetTickFreq                                   build/stm32g0xx_hal.o
HAL_GetTickPrio                                   build/stm32g0xx_hal.o
HAL_GetUIDw0                                      build/stm32g0xx_hal.o
HAL_GetUIDw1                                      build/stm32g0xx_hal.o
HAL_GetUIDw2                                      build/stm32g0xx_hal.o
HAL_HalfDuplex_EnableReceiver                     build/stm32g0xx_hal_uart.o
HAL_HalfDuplex_EnableTransmitter                  build/stm32g0xx_hal_uart.o
HAL_HalfDuplex_Init                               build/stm32g0xx_hal_uart.o
HAL_IncTick                                       build/stm32g0xx_hal.o
                                                  build/main.o
HAL_Init                                          build/stm32g0xx_hal.o
                                                  build/main.o
HAL_InitTick                                      build/stm32g0xx_hal_timebase_tim.o
                                                  build/stm32g0xx_hal_rcc.o
HAL_LIN_Init                                      build/stm32g0xx_hal_uart.o
HAL_LIN_SendBreak                                 build/stm32g0xx_hal_uart.o
HAL_MPU_ConfigRegion                              build/stm32g0xx_hal_cortex.o
HAL_MPU_Disable                                   build/stm32g0xx_hal_cortex.o
HAL_MPU_DisableRegion                             build/stm32g0xx_hal_cortex.o
HAL_MPU_Enable                                    build/stm32g0xx_hal_cortex.o
HAL_MPU_EnableRegion                              build/stm32g0xx_hal_cortex.o
HAL_MspDeInit                                     build/stm32g0xx_hal.o
HAL_MspInit                                       build/stm32g0xx_hal_msp.o
HAL_MultiProcessorEx_AddressLength_Set            build/stm32g0xx_hal_uart_ex.o
HAL_MultiProcessor_DisableMuteMode                build/stm32g0xx_hal_uart.o
HAL_MultiProcessor_EnableMuteMode                 build/stm32g0xx_hal_uart.o
HAL_MultiProcessor_EnterMuteMode                  build/stm32g0xx_hal_uart.o
HAL_MultiProcessor_Init                           build/stm32g0xx_hal_uart.o
HAL_NVIC_ClearPendingIRQ                          build/stm32g0xx_hal_cortex.o
HAL_NVIC_DisableIRQ                               build/stm32g0xx_hal_cortex.o
HAL_NVIC_EnableIRQ                                build/stm32g0xx_hal_cortex.o
                                                  build/stm32g0xx_hal_timebase_tim.o
HAL_NVIC_GetPendingIRQ                            build/stm32g0xx_hal_cortex.o
HAL_NVIC_GetPriority                              build/stm32g0xx_hal_cortex.o
HAL_NVIC_SetPendingIRQ                            build/stm32g0xx_hal_cortex.o
HAL_NVIC_SetPriority                              build/stm32g0xx_hal_cortex.o
                                                  build/stm32g0xx_hal.o
                                                  build/stm32g0xx_hal_timebase_tim.o
                                                  build/stm32g0xx_hal_msp.o
HAL_NVIC_SystemReset                              build/stm32g0xx_hal_cortex.o
HAL_PWREx_ControlVoltageScaling                   build/stm32g0xx_hal_pwr_ex.o
                                                  build/main.o
HAL_PWREx_DisableBatteryCharging                  build/stm32g0xx_hal_pwr_ex.o
HAL_PWREx_DisableFlashPowerDown                   build/stm32g0xx_hal_pwr_ex.o
HAL_PWREx_DisableGPIOPullDown                     build/stm32g0xx_hal_pwr_ex.o
HAL_PWREx_DisableGPIOPullUp                       build/stm32g0xx_hal_pwr_ex.o
HAL_PWREx_DisableInternalWakeUpLine               build/stm32g0xx_hal_pwr_ex.o
HAL_PWREx_DisableLowPowerRunMode                  build/stm32g0xx_hal_pwr_ex.o
                                                  build/stm32g0xx_hal_pwr.o
HAL_PWREx_DisablePullUpPullDownConfig             build/stm32g0xx_hal_pwr_ex.o
HAL_PWREx_EnableBatteryCharging                   build/stm32g0xx_hal_pwr_ex.o
HAL_PWREx_EnableFlashPowerDown                    build/stm32g0xx_hal_pwr_ex.o
HAL_PWREx_EnableGPIOPullDown                      build/stm32g0xx_hal_pwr_ex.o
HAL_PWREx_EnableGPIOPullUp                        build/stm32g0xx_hal_pwr_ex.o
HAL_PWREx_EnableInternalWakeUpLine                build/stm32g0xx_hal_pwr_ex.o
HAL_PWREx_EnableLowPowerRunMode                   build/stm32g0xx_hal_pwr_ex.o
                                                  build/stm32g0xx_hal_pwr.o
HAL_PWREx_EnablePullUpPullDownConfig              build/stm32g0xx_hal_pwr_ex.o
HAL_PWREx_GetVoltageRange                         build/stm32g0xx_hal_pwr_ex.o
HAL_PWR_DeInit                                    build/stm32g0xx_hal_pwr.o
HAL_PWR_DisableBkUpAccess                         build/stm32g0xx_hal_pwr.o
                                                  build/stm32g0xx_hal_rcc_ex.o
HAL_PWR_DisableSEVOnPend                          build/stm32g0xx_hal_pwr.o
HAL_PWR_DisableSleepOnExit                        build/stm32g0xx_hal_pwr.o
HAL_PWR_DisableWakeUpPin                          build/stm32g0xx_hal_pwr.o
HAL_PWR_EnableBkUpAccess                          build/stm32g0xx_hal_pwr.o
                                                  build/stm32g0xx_hal_rcc_ex.o
HAL_PWR_EnableSEVOnPend                           build/stm32g0xx_hal_pwr.o
HAL_PWR_EnableSleepOnExit                         build/stm32g0xx_hal_pwr.o
HAL_PWR_EnableWakeUpPin                           build/stm32g0xx_hal_pwr.o
HAL_PWR_EnterSLEEPMode                            build/stm32g0xx_hal_pwr.o
HAL_PWR_EnterSTANDBYMode                          build/stm32g0xx_hal_pwr.o
HAL_PWR_EnterSTOPMode                             build/stm32g0xx_hal_pwr.o
HAL_RCCEx_DisableLSCO                             build/stm32g0xx_hal_rcc_ex.o
HAL_RCCEx_EnableLSCO                              build/stm32g0xx_hal_rcc_ex.o
HAL_RCCEx_GetPeriphCLKConfig                      build/stm32g0xx_hal_rcc_ex.o
HAL_RCCEx_GetPeriphCLKFreq                        build/stm32g0xx_hal_rcc_ex.o
HAL_RCCEx_PeriphCLKConfig                         build/stm32g0xx_hal_rcc_ex.o
                                                  build/stm32g0xx_hal_msp.o
HAL_RCC_CSSCallback                               build/stm32g0xx_hal_rcc.o
HAL_RCC_ClockConfig                               build/stm32g0xx_hal_rcc.o
                                                  build/main.o
HAL_RCC_DeInit                                    build/stm32g0xx_hal_rcc.o
HAL_RCC_DisableLSECSS                             build/stm32g0xx_hal_rcc.o
HAL_RCC_EnableCSS                                 build/stm32g0xx_hal_rcc.o
HAL_RCC_EnableLSECSS                              build/stm32g0xx_hal_rcc.o
HAL_RCC_GetClockConfig                            build/stm32g0xx_hal_rcc.o
                                                  build/stm32g0xx_hal_timebase_tim.o
HAL_RCC_GetHCLKFreq                               build/stm32g0xx_hal_rcc.o
HAL_RCC_GetOscConfig                              build/stm32g0xx_hal_rcc.o
HAL_RCC_GetPCLK1Freq                              build/stm32g0xx_hal_rcc.o
                                                  build/stm32g0xx_hal_uart.o
                                                  build/stm32g0xx_hal_rcc_ex.o
                                                  build/stm32g0xx_hal_timebase_tim.o
HAL_RCC_GetResetSource                            build/stm32g0xx_hal_rcc.o
HAL_RCC_GetSysClockFreq                           build/stm32g0xx_hal_rcc.o
                                                  build/stm32g0xx_hal_uart.o
                                                  build/stm32g0xx_hal_rcc_ex.o
HAL_RCC_LSECSSCallback                            build/stm32g0xx_hal_rcc.o
HAL_RCC_MCOConfig                                 build/stm32g0xx_hal_rcc.o
HAL_RCC_NMI_IRQHandler                            build/stm32g0xx_hal_rcc.o
HAL_RCC_OscConfig                                 build/stm32g0xx_hal_rcc.o
                                                  build/main.o
HAL_RS485Ex_Init                                  build/stm32g0xx_hal_uart_ex.o
HAL_ResumeTick                                    build/stm32g0xx_hal_timebase_tim.o
HAL_SYSCFG_DisableIOAnalogSwitchBooster           build/stm32g0xx_hal.o
HAL_SYSCFG_DisableRemap                           build/stm32g0xx_hal.o
HAL_SYSCFG_EnableIOAnalogSwitchBooster            build/stm32g0xx_hal.o
HAL_SYSCFG_EnableRemap                            build/stm32g0xx_hal.o
HAL_SYSCFG_StrobeDBattpinsConfig                  build/stm32g0xx_hal.o
                                                  build/stm32g0xx_hal_msp.o
HAL_SYSTICK_CLKSourceConfig                       build/stm32g0xx_hal_cortex.o
HAL_SYSTICK_Callback                              build/stm32g0xx_hal_cortex.o
HAL_SYSTICK_Config                                build/stm32g0xx_hal_cortex.o
                                                  build/stm32g0xx_hal.o
HAL_SYSTICK_IRQHandler                            build/stm32g0xx_hal_cortex.o
HAL_SetTickFreq                                   build/stm32g0xx_hal.o
HAL_SuspendTick                                   build/stm32g0xx_hal_timebase_tim.o
HAL_TIMEx_Break2Callback                          build/stm32g0xx_hal_tim_ex.o
                                                  build/stm32g0xx_hal_tim.o
HAL_TIMEx_BreakCallback                           build/stm32g0xx_hal_tim_ex.o
                                                  build/stm32g0xx_hal_tim.o
HAL_TIMEx_CommutCallback                          build/stm32g0xx_hal_tim_ex.o
                                                  build/stm32g0xx_hal_tim.o
HAL_TIMEx_CommutHalfCpltCallback                  build/stm32g0xx_hal_tim_ex.o
HAL_TIMEx_ConfigBreakDeadTime                     build/stm32g0xx_hal_tim_ex.o
HAL_TIMEx_ConfigBreakInput                        build/stm32g0xx_hal_tim_ex.o
HAL_TIMEx_ConfigCommutEvent                       build/stm32g0xx_hal_tim_ex.o
HAL_TIMEx_ConfigCommutEvent_DMA                   build/stm32g0xx_hal_tim_ex.o
HAL_TIMEx_ConfigCommutEvent_IT                    build/stm32g0xx_hal_tim_ex.o
HAL_TIMEx_DisarmBreakInput                        build/stm32g0xx_hal_tim_ex.o
HAL_TIMEx_GetChannelNState                        build/stm32g0xx_hal_tim_ex.o
HAL_TIMEx_GroupChannel5                           build/stm32g0xx_hal_tim_ex.o
HAL_TIMEx_HallSensor_DeInit                       build/stm32g0xx_hal_tim_ex.o
HAL_TIMEx_HallSensor_GetState                     build/stm32g0xx_hal_tim_ex.o
HAL_TIMEx_HallSensor_Init                         build/stm32g0xx_hal_tim_ex.o
HAL_TIMEx_HallSensor_MspDeInit                    build/stm32g0xx_hal_tim_ex.o
HAL_TIMEx_HallSensor_MspInit                      build/stm32g0xx_hal_tim_ex.o
HAL_TIMEx_HallSensor_Start                        build/stm32g0xx_hal_tim_ex.o
HAL_TIMEx_HallSensor_Start_DMA                    build/stm32g0xx_hal_tim_ex.o
HAL_TIMEx_HallSensor_Start_IT                     build/stm32g0xx_hal_tim_ex.o
HAL_TIMEx_HallSensor_Stop                         build/stm32g0xx_hal_tim_ex.o
HAL_TIMEx_HallSensor_Stop_DMA                     build/stm32g0xx_hal_tim_ex.o
HAL_TIMEx_HallSensor_Stop_IT                      build/stm32g0xx_hal_tim_ex.o
HAL_TIMEx_MasterConfigSynchronization             build/stm32g0xx_hal_tim_ex.o
HAL_TIMEx_OCN_Start                               build/stm32g0xx_hal_tim_ex.o
HAL_TIMEx_OCN_Start_DMA                           build/stm32g0xx_hal_tim_ex.o
HAL_TIMEx_OCN_Start_IT                            build/stm32g0xx_hal_tim_ex.o
HAL_TIMEx_OCN_Stop                                build/stm32g0xx_hal_tim_ex.o
HAL_TIMEx_OCN_Stop_DMA                            build/stm32g0xx_hal_tim_ex.o
HAL_TIMEx_OCN_Stop_IT                             build/stm32g0xx_hal_tim_ex.o
HAL_TIMEx_OnePulseN_Start                         build/stm32g0xx_hal_tim_ex.o
HAL_TIMEx_OnePulseN_Start_IT                      build/stm32g0xx_hal_tim_ex.o
HAL_TIMEx_OnePulseN_Stop                          build/stm32g0xx_hal_tim_ex.o
HAL_TIMEx_OnePulseN_Stop_IT                       build/stm32g0xx_hal_tim_ex.o
HAL_TIMEx_PWMN_Start                              build/stm32g0xx_hal_tim_ex.o
HAL_TIMEx_PWMN_Start_DMA                          build/stm32g0xx_hal_tim_ex.o
HAL_TIMEx_PWMN_Start_IT                           build/stm32g0xx_hal_tim_ex.o
HAL_TIMEx_PWMN_Stop                               build/stm32g0xx_hal_tim_ex.o
HAL_TIMEx_PWMN_Stop_DMA                           build/stm32g0xx_hal_tim_ex.o
HAL_TIMEx_PWMN_Stop_IT                            build/stm32g0xx_hal_tim_ex.o
HAL_TIMEx_ReArmBreakInput                         build/stm32g0xx_hal_tim_ex.o
HAL_TIMEx_RemapConfig                             build/stm32g0xx_hal_tim_ex.o
HAL_TIMEx_TISelection                             build/stm32g0xx_hal_tim_ex.o
HAL_TIM_Base_DeInit                               build/stm32g0xx_hal_tim.o
HAL_TIM_Base_GetState                             build/stm32g0xx_hal_tim.o
HAL_TIM_Base_Init                                 build/stm32g0xx_hal_tim.o
                                                  build/stm32g0xx_hal_timebase_tim.o
HAL_TIM_Base_MspDeInit                            build/stm32g0xx_hal_tim.o
HAL_TIM_Base_MspInit                              build/stm32g0xx_hal_tim.o
HAL_TIM_Base_Start                                build/stm32g0xx_hal_tim.o
HAL_TIM_Base_Start_DMA                            build/stm32g0xx_hal_tim.o
HAL_TIM_Base_Start_IT                             build/stm32g0xx_hal_tim.o
                                                  build/stm32g0xx_hal_timebase_tim.o
HAL_TIM_Base_Stop                                 build/stm32g0xx_hal_tim.o
HAL_TIM_Base_Stop_DMA                             build/stm32g0xx_hal_tim.o
HAL_TIM_Base_Stop_IT                              build/stm32g0xx_hal_tim.o
HAL_TIM_ConfigClockSource                         build/stm32g0xx_hal_tim.o
HAL_TIM_ConfigOCrefClear                          build/stm32g0xx_hal_tim.o
HAL_TIM_ConfigTI1Input                            build/stm32g0xx_hal_tim.o
HAL_TIM_DMABurstState                             build/stm32g0xx_hal_tim.o
HAL_TIM_DMABurst_MultiReadStart                   build/stm32g0xx_hal_tim.o
HAL_TIM_DMABurst_MultiWriteStart                  build/stm32g0xx_hal_tim.o
HAL_TIM_DMABurst_ReadStart                        build/stm32g0xx_hal_tim.o
HAL_TIM_DMABurst_ReadStop                         build/stm32g0xx_hal_tim.o
HAL_TIM_DMABurst_WriteStart                       build/stm32g0xx_hal_tim.o
HAL_TIM_DMABurst_WriteStop                        build/stm32g0xx_hal_tim.o
HAL_TIM_Encoder_DeInit                            build/stm32g0xx_hal_tim.o
HAL_TIM_Encoder_GetState                          build/stm32g0xx_hal_tim.o
HAL_TIM_Encoder_Init                              build/stm32g0xx_hal_tim.o
HAL_TIM_Encoder_MspDeInit                         build/stm32g0xx_hal_tim.o
HAL_TIM_Encoder_MspInit                           build/stm32g0xx_hal_tim.o
HAL_TIM_Encoder_Start                             build/stm32g0xx_hal_tim.o
HAL_TIM_Encoder_Start_DMA                         build/stm32g0xx_hal_tim.o
HAL_TIM_Encoder_Start_IT                          build/stm32g0xx_hal_tim.o
HAL_TIM_Encoder_Stop                              build/stm32g0xx_hal_tim.o
HAL_TIM_Encoder_Stop_DMA                          build/stm32g0xx_hal_tim.o
HAL_TIM_Encoder_Stop_IT                           build/stm32g0xx_hal_tim.o
HAL_TIM_ErrorCallback                             build/stm32g0xx_hal_tim.o
                                                  build/stm32g0xx_hal_tim_ex.o
HAL_TIM_GenerateEvent                             build/stm32g0xx_hal_tim.o
HAL_TIM_GetActiveChannel                          build/stm32g0xx_hal_tim.o
HAL_TIM_GetChannelState                           build/stm32g0xx_hal_tim.o
HAL_TIM_IC_CaptureCallback                        build/stm32g0xx_hal_tim.o
HAL_TIM_IC_CaptureHalfCpltCallback                build/stm32g0xx_hal_tim.o
HAL_TIM_IC_ConfigChannel                          build/stm32g0xx_hal_tim.o
HAL_TIM_IC_DeInit                                 build/stm32g0xx_hal_tim.o
HAL_TIM_IC_GetState                               build/stm32g0xx_hal_tim.o
HAL_TIM_IC_Init                                   build/stm32g0xx_hal_tim.o
HAL_TIM_IC_MspDeInit                              build/stm32g0xx_hal_tim.o
HAL_TIM_IC_MspInit                                build/stm32g0xx_hal_tim.o
HAL_TIM_IC_Start                                  build/stm32g0xx_hal_tim.o
HAL_TIM_IC_Start_DMA                              build/stm32g0xx_hal_tim.o
HAL_TIM_IC_Start_IT                               build/stm32g0xx_hal_tim.o
HAL_TIM_IC_Stop                                   build/stm32g0xx_hal_tim.o
HAL_TIM_IC_Stop_DMA                               build/stm32g0xx_hal_tim.o
HAL_TIM_IC_Stop_IT                                build/stm32g0xx_hal_tim.o
HAL_TIM_IRQHandler                                build/stm32g0xx_hal_tim.o
                                                  build/stm32g0xx_it.o
HAL_TIM_OC_ConfigChannel                          build/stm32g0xx_hal_tim.o
HAL_TIM_OC_DeInit                                 build/stm32g0xx_hal_tim.o
HAL_TIM_OC_DelayElapsedCallback                   build/stm32g0xx_hal_tim.o
HAL_TIM_OC_GetState                               build/stm32g0xx_hal_tim.o
HAL_TIM_OC_Init                                   build/stm32g0xx_hal_tim.o
HAL_TIM_OC_MspDeInit                              build/stm32g0xx_hal_tim.o