ARM GAS  C:\Users\Asus\AppData\Local\Temp\ccxBuxEb.s 			page 1


   1              		.cpu cortex-m0plus
   2              		.arch armv6s-m
   3              		.fpu softvfp
   4              		.eabi_attribute 20, 1
   5              		.eabi_attribute 21, 1
   6              		.eabi_attribute 23, 3
   7              		.eabi_attribute 24, 1
   8              		.eabi_attribute 25, 1
   9              		.eabi_attribute 26, 1
  10              		.eabi_attribute 30, 1
  11              		.eabi_attribute 34, 0
  12              		.eabi_attribute 18, 4
  13              		.file	"stm32g0xx_hal_msp.c"
  14              		.text
  15              	.Ltext0:
  16              		.cfi_sections	.debug_frame
  17              		.file 1 "Core/Src/stm32g0xx_hal_msp.c"
  18              		.section	.text.HAL_MspInit,"ax",%progbits
  19              		.align	1
  20              		.global	HAL_MspInit
  21              		.syntax unified
  22              		.code	16
  23              		.thumb_func
  25              	HAL_MspInit:
  26              	.LFB310:
   1:Core/Src/stm32g0xx_hal_msp.c **** /* USER CODE BEGIN Header */
   2:Core/Src/stm32g0xx_hal_msp.c **** /**
   3:Core/Src/stm32g0xx_hal_msp.c ****   ******************************************************************************
   4:Core/Src/stm32g0xx_hal_msp.c ****   * @file         stm32g0xx_hal_msp.c
   5:Core/Src/stm32g0xx_hal_msp.c ****   * @brief        This file provides code for the MSP Initialization
   6:Core/Src/stm32g0xx_hal_msp.c ****   *               and de-Initialization codes.
   7:Core/Src/stm32g0xx_hal_msp.c ****   ******************************************************************************
   8:Core/Src/stm32g0xx_hal_msp.c ****   * @attention
   9:Core/Src/stm32g0xx_hal_msp.c ****   *
  10:Core/Src/stm32g0xx_hal_msp.c ****   * Copyright (c) 2024 STMicroelectronics.
  11:Core/Src/stm32g0xx_hal_msp.c ****   * All rights reserved.
  12:Core/Src/stm32g0xx_hal_msp.c ****   *
  13:Core/Src/stm32g0xx_hal_msp.c ****   * This software is licensed under terms that can be found in the LICENSE file
  14:Core/Src/stm32g0xx_hal_msp.c ****   * in the root directory of this software component.
  15:Core/Src/stm32g0xx_hal_msp.c ****   * If no LICENSE file comes with this software, it is provided AS-IS.
  16:Core/Src/stm32g0xx_hal_msp.c ****   *
  17:Core/Src/stm32g0xx_hal_msp.c ****   ******************************************************************************
  18:Core/Src/stm32g0xx_hal_msp.c ****   */
  19:Core/Src/stm32g0xx_hal_msp.c **** /* USER CODE END Header */
  20:Core/Src/stm32g0xx_hal_msp.c **** 
  21:Core/Src/stm32g0xx_hal_msp.c **** /* Includes ------------------------------------------------------------------*/
  22:Core/Src/stm32g0xx_hal_msp.c **** #include "main.h"
  23:Core/Src/stm32g0xx_hal_msp.c **** /* USER CODE BEGIN Includes */
  24:Core/Src/stm32g0xx_hal_msp.c **** 
  25:Core/Src/stm32g0xx_hal_msp.c **** /* USER CODE END Includes */
  26:Core/Src/stm32g0xx_hal_msp.c **** 
  27:Core/Src/stm32g0xx_hal_msp.c **** /* Private typedef -----------------------------------------------------------*/
  28:Core/Src/stm32g0xx_hal_msp.c **** /* USER CODE BEGIN TD */
  29:Core/Src/stm32g0xx_hal_msp.c **** 
  30:Core/Src/stm32g0xx_hal_msp.c **** /* USER CODE END TD */
  31:Core/Src/stm32g0xx_hal_msp.c **** 
  32:Core/Src/stm32g0xx_hal_msp.c **** /* Private define ------------------------------------------------------------*/
ARM GAS  C:\Users\Asus\AppData\Local\Temp\ccxBuxEb.s 			page 2


  33:Core/Src/stm32g0xx_hal_msp.c **** /* USER CODE BEGIN Define */
  34:Core/Src/stm32g0xx_hal_msp.c **** 
  35:Core/Src/stm32g0xx_hal_msp.c **** /* USER CODE END Define */
  36:Core/Src/stm32g0xx_hal_msp.c **** 
  37:Core/Src/stm32g0xx_hal_msp.c **** /* Private macro -------------------------------------------------------------*/
  38:Core/Src/stm32g0xx_hal_msp.c **** /* USER CODE BEGIN Macro */
  39:Core/Src/stm32g0xx_hal_msp.c **** 
  40:Core/Src/stm32g0xx_hal_msp.c **** /* USER CODE END Macro */
  41:Core/Src/stm32g0xx_hal_msp.c **** 
  42:Core/Src/stm32g0xx_hal_msp.c **** /* Private variables ---------------------------------------------------------*/
  43:Core/Src/stm32g0xx_hal_msp.c **** /* USER CODE BEGIN PV */
  44:Core/Src/stm32g0xx_hal_msp.c **** 
  45:Core/Src/stm32g0xx_hal_msp.c **** /* USER CODE END PV */
  46:Core/Src/stm32g0xx_hal_msp.c **** 
  47:Core/Src/stm32g0xx_hal_msp.c **** /* Private function prototypes -----------------------------------------------*/
  48:Core/Src/stm32g0xx_hal_msp.c **** /* USER CODE BEGIN PFP */
  49:Core/Src/stm32g0xx_hal_msp.c **** 
  50:Core/Src/stm32g0xx_hal_msp.c **** /* USER CODE END PFP */
  51:Core/Src/stm32g0xx_hal_msp.c **** 
  52:Core/Src/stm32g0xx_hal_msp.c **** /* External functions --------------------------------------------------------*/
  53:Core/Src/stm32g0xx_hal_msp.c **** /* USER CODE BEGIN ExternalFunctions */
  54:Core/Src/stm32g0xx_hal_msp.c **** 
  55:Core/Src/stm32g0xx_hal_msp.c **** /* USER CODE END ExternalFunctions */
  56:Core/Src/stm32g0xx_hal_msp.c **** 
  57:Core/Src/stm32g0xx_hal_msp.c **** /* USER CODE BEGIN 0 */
  58:Core/Src/stm32g0xx_hal_msp.c **** 
  59:Core/Src/stm32g0xx_hal_msp.c **** /* USER CODE END 0 */
  60:Core/Src/stm32g0xx_hal_msp.c **** /**
  61:Core/Src/stm32g0xx_hal_msp.c ****   * Initializes the Global MSP.
  62:Core/Src/stm32g0xx_hal_msp.c ****   */
  63:Core/Src/stm32g0xx_hal_msp.c **** void HAL_MspInit(void)
  64:Core/Src/stm32g0xx_hal_msp.c **** {
  27              		.loc 1 64 1 view -0
  28              		.cfi_startproc
  29              		@ args = 0, pretend = 0, frame = 8
  30              		@ frame_needed = 0, uses_anonymous_args = 0
  31 0000 00B5     		push	{lr}
  32              		.cfi_def_cfa_offset 4
  33              		.cfi_offset 14, -4
  34 0002 83B0     		sub	sp, sp, #12
  35              		.cfi_def_cfa_offset 16
  65:Core/Src/stm32g0xx_hal_msp.c **** 
  66:Core/Src/stm32g0xx_hal_msp.c ****   /* USER CODE BEGIN MspInit 0 */
  67:Core/Src/stm32g0xx_hal_msp.c **** 
  68:Core/Src/stm32g0xx_hal_msp.c ****   /* USER CODE END MspInit 0 */
  69:Core/Src/stm32g0xx_hal_msp.c **** 
  70:Core/Src/stm32g0xx_hal_msp.c ****   __HAL_RCC_SYSCFG_CLK_ENABLE();
  36              		.loc 1 70 3 view .LVU1
  37              	.LBB2:
  38              		.loc 1 70 3 view .LVU2
  39              		.loc 1 70 3 view .LVU3
  40 0004 0E4B     		ldr	r3, .L2
  41 0006 196C     		ldr	r1, [r3, #64]
  42 0008 0122     		movs	r2, #1
  43 000a 1143     		orrs	r1, r2
  44 000c 1964     		str	r1, [r3, #64]
  45              		.loc 1 70 3 view .LVU4
ARM GAS  C:\Users\Asus\AppData\Local\Temp\ccxBuxEb.s 			page 3


  46 000e 196C     		ldr	r1, [r3, #64]
  47 0010 0A40     		ands	r2, r1
  48 0012 0092     		str	r2, [sp]
  49              		.loc 1 70 3 view .LVU5
  50 0014 009A     		ldr	r2, [sp]
  51              	.LBE2:
  52              		.loc 1 70 3 view .LVU6
  71:Core/Src/stm32g0xx_hal_msp.c ****   __HAL_RCC_PWR_CLK_ENABLE();
  53              		.loc 1 71 3 view .LVU7
  54              	.LBB3:
  55              		.loc 1 71 3 view .LVU8
  56              		.loc 1 71 3 view .LVU9
  57 0016 DA6B     		ldr	r2, [r3, #60]
  58 0018 8021     		movs	r1, #128
  59 001a 4905     		lsls	r1, r1, #21
  60 001c 0A43     		orrs	r2, r1
  61 001e DA63     		str	r2, [r3, #60]
  62              		.loc 1 71 3 view .LVU10
  63 0020 DB6B     		ldr	r3, [r3, #60]
  64 0022 0B40     		ands	r3, r1
  65 0024 0193     		str	r3, [sp, #4]
  66              		.loc 1 71 3 view .LVU11
  67 0026 019B     		ldr	r3, [sp, #4]
  68              	.LBE3:
  69              		.loc 1 71 3 view .LVU12
  72:Core/Src/stm32g0xx_hal_msp.c **** 
  73:Core/Src/stm32g0xx_hal_msp.c ****   /* System interrupt init*/
  74:Core/Src/stm32g0xx_hal_msp.c ****   /* PendSV_IRQn interrupt configuration */
  75:Core/Src/stm32g0xx_hal_msp.c ****   HAL_NVIC_SetPriority(PendSV_IRQn, 3, 0);
  70              		.loc 1 75 3 view .LVU13
  71 0028 0220     		movs	r0, #2
  72 002a 0022     		movs	r2, #0
  73 002c 0321     		movs	r1, #3
  74 002e 4042     		rsbs	r0, r0, #0
  75 0030 FFF7FEFF 		bl	HAL_NVIC_SetPriority
  76              	.LVL0:
  76:Core/Src/stm32g0xx_hal_msp.c **** 
  77:Core/Src/stm32g0xx_hal_msp.c ****   /** Disable the internal Pull-Up in Dead Battery pins of UCPD peripheral
  78:Core/Src/stm32g0xx_hal_msp.c ****   */
  79:Core/Src/stm32g0xx_hal_msp.c ****   HAL_SYSCFG_StrobeDBattpinsConfig(SYSCFG_CFGR1_UCPD1_STROBE | SYSCFG_CFGR1_UCPD2_STROBE);
  77              		.loc 1 79 3 view .LVU14
  78 0034 C020     		movs	r0, #192
  79 0036 C000     		lsls	r0, r0, #3
  80 0038 FFF7FEFF 		bl	HAL_SYSCFG_StrobeDBattpinsConfig
  81              	.LVL1:
  80:Core/Src/stm32g0xx_hal_msp.c **** 
  81:Core/Src/stm32g0xx_hal_msp.c ****   /* USER CODE BEGIN MspInit 1 */
  82:Core/Src/stm32g0xx_hal_msp.c **** 
  83:Core/Src/stm32g0xx_hal_msp.c ****   /* USER CODE END MspInit 1 */
  84:Core/Src/stm32g0xx_hal_msp.c **** }
  82              		.loc 1 84 1 is_stmt 0 view .LVU15
  83 003c 03B0     		add	sp, sp, #12
  84              		@ sp needed
  85 003e 00BD     		pop	{pc}
  86              	.L3:
  87              		.align	2
  88              	.L2:
ARM GAS  C:\Users\Asus\AppData\Local\Temp\ccxBuxEb.s 			page 4


  89 0040 00100240 		.word	1073876992
  90              		.cfi_endproc
  91              	.LFE310:
  93              		.section	.text.HAL_UART_MspInit,"ax",%progbits
  94              		.align	1
  95              		.global	HAL_UART_MspInit
  96              		.syntax unified
  97              		.code	16
  98              		.thumb_func
 100              	HAL_UART_MspInit:
 101              	.LVL2:
 102              	.LFB311:
  85:Core/Src/stm32g0xx_hal_msp.c **** 
  86:Core/Src/stm32g0xx_hal_msp.c **** /**
  87:Core/Src/stm32g0xx_hal_msp.c **** * @brief UART MSP Initialization
  88:Core/Src/stm32g0xx_hal_msp.c **** * This function configures the hardware resources used in this example
  89:Core/Src/stm32g0xx_hal_msp.c **** * @param huart: UART handle pointer
  90:Core/Src/stm32g0xx_hal_msp.c **** * @retval None
  91:Core/Src/stm32g0xx_hal_msp.c **** */
  92:Core/Src/stm32g0xx_hal_msp.c **** void HAL_UART_MspInit(UART_HandleTypeDef* huart)
  93:Core/Src/stm32g0xx_hal_msp.c **** {
 103              		.loc 1 93 1 is_stmt 1 view -0
 104              		.cfi_startproc
 105              		@ args = 0, pretend = 0, frame = 56
 106              		@ frame_needed = 0, uses_anonymous_args = 0
 107              		.loc 1 93 1 is_stmt 0 view .LVU17
 108 0000 10B5     		push	{r4, lr}
 109              		.cfi_def_cfa_offset 8
 110              		.cfi_offset 4, -8
 111              		.cfi_offset 14, -4
 112 0002 8EB0     		sub	sp, sp, #56
 113              		.cfi_def_cfa_offset 64
 114 0004 0400     		movs	r4, r0
  94:Core/Src/stm32g0xx_hal_msp.c ****   GPIO_InitTypeDef GPIO_InitStruct = {0};
 115              		.loc 1 94 3 is_stmt 1 view .LVU18
 116              		.loc 1 94 20 is_stmt 0 view .LVU19
 117 0006 1422     		movs	r2, #20
 118 0008 0021     		movs	r1, #0
 119 000a 09A8     		add	r0, sp, #36
 120              	.LVL3:
 121              		.loc 1 94 20 view .LVU20
 122 000c FFF7FEFF 		bl	memset
 123              	.LVL4:
  95:Core/Src/stm32g0xx_hal_msp.c ****   RCC_PeriphCLKInitTypeDef PeriphClkInit = {0};
 124              		.loc 1 95 3 is_stmt 1 view .LVU21
 125              		.loc 1 95 28 is_stmt 0 view .LVU22
 126 0010 1C22     		movs	r2, #28
 127 0012 0021     		movs	r1, #0
 128 0014 02A8     		add	r0, sp, #8
 129 0016 FFF7FEFF 		bl	memset
 130              	.LVL5:
  96:Core/Src/stm32g0xx_hal_msp.c ****   if(huart->Instance==USART2)
 131              		.loc 1 96 3 is_stmt 1 view .LVU23
 132              		.loc 1 96 11 is_stmt 0 view .LVU24
 133 001a 2268     		ldr	r2, [r4]
 134              		.loc 1 96 5 view .LVU25
 135 001c 174B     		ldr	r3, .L9
ARM GAS  C:\Users\Asus\AppData\Local\Temp\ccxBuxEb.s 			page 5


 136 001e 9A42     		cmp	r2, r3
 137 0020 01D0     		beq	.L7
 138              	.L4:
  97:Core/Src/stm32g0xx_hal_msp.c ****   {
  98:Core/Src/stm32g0xx_hal_msp.c ****   /* USER CODE BEGIN USART2_MspInit 0 */
  99:Core/Src/stm32g0xx_hal_msp.c **** 
 100:Core/Src/stm32g0xx_hal_msp.c ****   /* USER CODE END USART2_MspInit 0 */
 101:Core/Src/stm32g0xx_hal_msp.c **** 
 102:Core/Src/stm32g0xx_hal_msp.c ****   /** Initializes the peripherals clocks
 103:Core/Src/stm32g0xx_hal_msp.c ****   */
 104:Core/Src/stm32g0xx_hal_msp.c ****     PeriphClkInit.PeriphClockSelection = RCC_PERIPHCLK_USART2;
 105:Core/Src/stm32g0xx_hal_msp.c ****     PeriphClkInit.Usart2ClockSelection = RCC_USART2CLKSOURCE_PCLK1;
 106:Core/Src/stm32g0xx_hal_msp.c ****     if (HAL_RCCEx_PeriphCLKConfig(&PeriphClkInit) != HAL_OK)
 107:Core/Src/stm32g0xx_hal_msp.c ****     {
 108:Core/Src/stm32g0xx_hal_msp.c ****       Error_Handler();
 109:Core/Src/stm32g0xx_hal_msp.c ****     }
 110:Core/Src/stm32g0xx_hal_msp.c **** 
 111:Core/Src/stm32g0xx_hal_msp.c ****     /* Peripheral clock enable */
 112:Core/Src/stm32g0xx_hal_msp.c ****     __HAL_RCC_USART2_CLK_ENABLE();
 113:Core/Src/stm32g0xx_hal_msp.c **** 
 114:Core/Src/stm32g0xx_hal_msp.c ****     __HAL_RCC_GPIOA_CLK_ENABLE();
 115:Core/Src/stm32g0xx_hal_msp.c ****     /**USART2 GPIO Configuration
 116:Core/Src/stm32g0xx_hal_msp.c ****     PA2     ------> USART2_TX
 117:Core/Src/stm32g0xx_hal_msp.c ****     PA3     ------> USART2_RX
 118:Core/Src/stm32g0xx_hal_msp.c ****     */
 119:Core/Src/stm32g0xx_hal_msp.c ****     GPIO_InitStruct.Pin = GPIO_PIN_2|GPIO_PIN_3;
 120:Core/Src/stm32g0xx_hal_msp.c ****     GPIO_InitStruct.Mode = GPIO_MODE_AF_PP;
 121:Core/Src/stm32g0xx_hal_msp.c ****     GPIO_InitStruct.Pull = GPIO_PULLUP;
 122:Core/Src/stm32g0xx_hal_msp.c ****     GPIO_InitStruct.Speed = GPIO_SPEED_FREQ_LOW;
 123:Core/Src/stm32g0xx_hal_msp.c ****     GPIO_InitStruct.Alternate = GPIO_AF1_USART2;
 124:Core/Src/stm32g0xx_hal_msp.c ****     HAL_GPIO_Init(GPIOA, &GPIO_InitStruct);
 125:Core/Src/stm32g0xx_hal_msp.c **** 
 126:Core/Src/stm32g0xx_hal_msp.c ****   /* USER CODE BEGIN USART2_MspInit 1 */
 127:Core/Src/stm32g0xx_hal_msp.c **** 
 128:Core/Src/stm32g0xx_hal_msp.c ****   /* USER CODE END USART2_MspInit 1 */
 129:Core/Src/stm32g0xx_hal_msp.c ****   }
 130:Core/Src/stm32g0xx_hal_msp.c **** 
 131:Core/Src/stm32g0xx_hal_msp.c **** }
 139              		.loc 1 131 1 view .LVU26
 140 0022 0EB0     		add	sp, sp, #56
 141              		@ sp needed
 142              	.LVL6:
 143              		.loc 1 131 1 view .LVU27
 144 0024 10BD     		pop	{r4, pc}
 145              	.LVL7:
 146              	.L7:
 104:Core/Src/stm32g0xx_hal_msp.c ****     PeriphClkInit.Usart2ClockSelection = RCC_USART2CLKSOURCE_PCLK1;
 147              		.loc 1 104 5 is_stmt 1 view .LVU28
 104:Core/Src/stm32g0xx_hal_msp.c ****     PeriphClkInit.Usart2ClockSelection = RCC_USART2CLKSOURCE_PCLK1;
 148              		.loc 1 104 40 is_stmt 0 view .LVU29
 149 0026 0223     		movs	r3, #2
 150 0028 0293     		str	r3, [sp, #8]
 105:Core/Src/stm32g0xx_hal_msp.c ****     if (HAL_RCCEx_PeriphCLKConfig(&PeriphClkInit) != HAL_OK)
 151              		.loc 1 105 5 is_stmt 1 view .LVU30
 106:Core/Src/stm32g0xx_hal_msp.c ****     {
 152              		.loc 1 106 5 view .LVU31
 106:Core/Src/stm32g0xx_hal_msp.c ****     {
ARM GAS  C:\Users\Asus\AppData\Local\Temp\ccxBuxEb.s 			page 6


 153              		.loc 1 106 9 is_stmt 0 view .LVU32
 154 002a 02A8     		add	r0, sp, #8
 155 002c FFF7FEFF 		bl	HAL_RCCEx_PeriphCLKConfig
 156              	.LVL8:
 106:Core/Src/stm32g0xx_hal_msp.c ****     {
 157              		.loc 1 106 8 view .LVU33
 158 0030 0028     		cmp	r0, #0
 159 0032 1FD1     		bne	.L8
 160              	.L6:
 112:Core/Src/stm32g0xx_hal_msp.c **** 
 161              		.loc 1 112 5 is_stmt 1 view .LVU34
 162              	.LBB4:
 112:Core/Src/stm32g0xx_hal_msp.c **** 
 163              		.loc 1 112 5 view .LVU35
 112:Core/Src/stm32g0xx_hal_msp.c **** 
 164              		.loc 1 112 5 view .LVU36
 165 0034 124B     		ldr	r3, .L9+4
 166 0036 DA6B     		ldr	r2, [r3, #60]
 167 0038 8021     		movs	r1, #128
 168 003a 8902     		lsls	r1, r1, #10
 169 003c 0A43     		orrs	r2, r1
 170 003e DA63     		str	r2, [r3, #60]
 112:Core/Src/stm32g0xx_hal_msp.c **** 
 171              		.loc 1 112 5 view .LVU37
 172 0040 DA6B     		ldr	r2, [r3, #60]
 173 0042 0A40     		ands	r2, r1
 174 0044 0092     		str	r2, [sp]
 112:Core/Src/stm32g0xx_hal_msp.c **** 
 175              		.loc 1 112 5 view .LVU38
 176 0046 009A     		ldr	r2, [sp]
 177              	.LBE4:
 112:Core/Src/stm32g0xx_hal_msp.c **** 
 178              		.loc 1 112 5 view .LVU39
 114:Core/Src/stm32g0xx_hal_msp.c ****     /**USART2 GPIO Configuration
 179              		.loc 1 114 5 view .LVU40
 180              	.LBB5:
 114:Core/Src/stm32g0xx_hal_msp.c ****     /**USART2 GPIO Configuration
 181              		.loc 1 114 5 view .LVU41
 114:Core/Src/stm32g0xx_hal_msp.c ****     /**USART2 GPIO Configuration
 182              		.loc 1 114 5 view .LVU42
 183 0048 596B     		ldr	r1, [r3, #52]
 184 004a 0122     		movs	r2, #1
 185 004c 1143     		orrs	r1, r2
 186 004e 5963     		str	r1, [r3, #52]
 114:Core/Src/stm32g0xx_hal_msp.c ****     /**USART2 GPIO Configuration
 187              		.loc 1 114 5 view .LVU43
 188 0050 5B6B     		ldr	r3, [r3, #52]
 189 0052 1340     		ands	r3, r2
 190 0054 0193     		str	r3, [sp, #4]
 114:Core/Src/stm32g0xx_hal_msp.c ****     /**USART2 GPIO Configuration
 191              		.loc 1 114 5 view .LVU44
 192 0056 019B     		ldr	r3, [sp, #4]
 193              	.LBE5:
 114:Core/Src/stm32g0xx_hal_msp.c ****     /**USART2 GPIO Configuration
 194              		.loc 1 114 5 view .LVU45
 119:Core/Src/stm32g0xx_hal_msp.c ****     GPIO_InitStruct.Mode = GPIO_MODE_AF_PP;
 195              		.loc 1 119 5 view .LVU46
ARM GAS  C:\Users\Asus\AppData\Local\Temp\ccxBuxEb.s 			page 7


 119:Core/Src/stm32g0xx_hal_msp.c ****     GPIO_InitStruct.Mode = GPIO_MODE_AF_PP;
 196              		.loc 1 119 25 is_stmt 0 view .LVU47
 197 0058 0C23     		movs	r3, #12
 198 005a 0993     		str	r3, [sp, #36]
 120:Core/Src/stm32g0xx_hal_msp.c ****     GPIO_InitStruct.Pull = GPIO_PULLUP;
 199              		.loc 1 120 5 is_stmt 1 view .LVU48
 120:Core/Src/stm32g0xx_hal_msp.c ****     GPIO_InitStruct.Pull = GPIO_PULLUP;
 200              		.loc 1 120 26 is_stmt 0 view .LVU49
 201 005c 0A3B     		subs	r3, r3, #10
 202 005e 0A93     		str	r3, [sp, #40]
 121:Core/Src/stm32g0xx_hal_msp.c ****     GPIO_InitStruct.Speed = GPIO_SPEED_FREQ_LOW;
 203              		.loc 1 121 5 is_stmt 1 view .LVU50
 121:Core/Src/stm32g0xx_hal_msp.c ****     GPIO_InitStruct.Speed = GPIO_SPEED_FREQ_LOW;
 204              		.loc 1 121 26 is_stmt 0 view .LVU51
 205 0060 0B92     		str	r2, [sp, #44]
 122:Core/Src/stm32g0xx_hal_msp.c ****     GPIO_InitStruct.Alternate = GPIO_AF1_USART2;
 206              		.loc 1 122 5 is_stmt 1 view .LVU52
 122:Core/Src/stm32g0xx_hal_msp.c ****     GPIO_InitStruct.Alternate = GPIO_AF1_USART2;
 207              		.loc 1 122 27 is_stmt 0 view .LVU53
 208 0062 0023     		movs	r3, #0
 209 0064 0C93     		str	r3, [sp, #48]
 123:Core/Src/stm32g0xx_hal_msp.c ****     HAL_GPIO_Init(GPIOA, &GPIO_InitStruct);
 210              		.loc 1 123 5 is_stmt 1 view .LVU54
 123:Core/Src/stm32g0xx_hal_msp.c ****     HAL_GPIO_Init(GPIOA, &GPIO_InitStruct);
 211              		.loc 1 123 31 is_stmt 0 view .LVU55
 212 0066 0D92     		str	r2, [sp, #52]
 124:Core/Src/stm32g0xx_hal_msp.c **** 
 213              		.loc 1 124 5 is_stmt 1 view .LVU56
 214 0068 A020     		movs	r0, #160
 215 006a 09A9     		add	r1, sp, #36
 216 006c C005     		lsls	r0, r0, #23
 217 006e FFF7FEFF 		bl	HAL_GPIO_Init
 218              	.LVL9:
 219              		.loc 1 131 1 is_stmt 0 view .LVU57
 220 0072 D6E7     		b	.L4
 221              	.L8:
 108:Core/Src/stm32g0xx_hal_msp.c ****     }
 222              		.loc 1 108 7 is_stmt 1 view .LVU58
 223 0074 FFF7FEFF 		bl	Error_Handler
 224              	.LVL10:
 225 0078 DCE7     		b	.L6
 226              	.L10:
 227 007a C046     		.align	2
 228              	.L9:
 229 007c 00440040 		.word	1073759232
 230 0080 00100240 		.word	1073876992
 231              		.cfi_endproc
 232              	.LFE311:
 234              		.section	.text.HAL_UART_MspDeInit,"ax",%progbits
 235              		.align	1
 236              		.global	HAL_UART_MspDeInit
 237              		.syntax unified
 238              		.code	16
 239              		.thumb_func
 241              	HAL_UART_MspDeInit:
 242              	.LVL11:
 243              	.LFB312:
ARM GAS  C:\Users\Asus\AppData\Local\Temp\ccxBuxEb.s 			page 8


 132:Core/Src/stm32g0xx_hal_msp.c **** 
 133:Core/Src/stm32g0xx_hal_msp.c **** /**
 134:Core/Src/stm32g0xx_hal_msp.c **** * @brief UART MSP De-Initialization
 135:Core/Src/stm32g0xx_hal_msp.c **** * This function freeze the hardware resources used in this example
 136:Core/Src/stm32g0xx_hal_msp.c **** * @param huart: UART handle pointer
 137:Core/Src/stm32g0xx_hal_msp.c **** * @retval None
 138:Core/Src/stm32g0xx_hal_msp.c **** */
 139:Core/Src/stm32g0xx_hal_msp.c **** void HAL_UART_MspDeInit(UART_HandleTypeDef* huart)
 140:Core/Src/stm32g0xx_hal_msp.c **** {
 244              		.loc 1 140 1 view -0
 245              		.cfi_startproc
 246              		@ args = 0, pretend = 0, frame = 0
 247              		@ frame_needed = 0, uses_anonymous_args = 0
 248              		.loc 1 140 1 is_stmt 0 view .LVU60
 249 0000 10B5     		push	{r4, lr}
 250              		.cfi_def_cfa_offset 8
 251              		.cfi_offset 4, -8
 252              		.cfi_offset 14, -4
 141:Core/Src/stm32g0xx_hal_msp.c ****   if(huart->Instance==USART2)
 253              		.loc 1 141 3 is_stmt 1 view .LVU61
 254              		.loc 1 141 11 is_stmt 0 view .LVU62
 255 0002 0268     		ldr	r2, [r0]
 256              		.loc 1 141 5 view .LVU63
 257 0004 074B     		ldr	r3, .L14
 258 0006 9A42     		cmp	r2, r3
 259 0008 00D0     		beq	.L13
 260              	.LVL12:
 261              	.L11:
 142:Core/Src/stm32g0xx_hal_msp.c ****   {
 143:Core/Src/stm32g0xx_hal_msp.c ****   /* USER CODE BEGIN USART2_MspDeInit 0 */
 144:Core/Src/stm32g0xx_hal_msp.c **** 
 145:Core/Src/stm32g0xx_hal_msp.c ****   /* USER CODE END USART2_MspDeInit 0 */
 146:Core/Src/stm32g0xx_hal_msp.c ****     /* Peripheral clock disable */
 147:Core/Src/stm32g0xx_hal_msp.c ****     __HAL_RCC_USART2_CLK_DISABLE();
 148:Core/Src/stm32g0xx_hal_msp.c **** 
 149:Core/Src/stm32g0xx_hal_msp.c ****     /**USART2 GPIO Configuration
 150:Core/Src/stm32g0xx_hal_msp.c ****     PA2     ------> USART2_TX
 151:Core/Src/stm32g0xx_hal_msp.c ****     PA3     ------> USART2_RX
 152:Core/Src/stm32g0xx_hal_msp.c ****     */
 153:Core/Src/stm32g0xx_hal_msp.c ****     HAL_GPIO_DeInit(GPIOA, GPIO_PIN_2|GPIO_PIN_3);
 154:Core/Src/stm32g0xx_hal_msp.c **** 
 155:Core/Src/stm32g0xx_hal_msp.c ****   /* USER CODE BEGIN USART2_MspDeInit 1 */
 156:Core/Src/stm32g0xx_hal_msp.c **** 
 157:Core/Src/stm32g0xx_hal_msp.c ****   /* USER CODE END USART2_MspDeInit 1 */
 158:Core/Src/stm32g0xx_hal_msp.c ****   }
 159:Core/Src/stm32g0xx_hal_msp.c **** 
 160:Core/Src/stm32g0xx_hal_msp.c **** }
 262              		.loc 1 160 1 view .LVU64
 263              		@ sp needed
 264 000a 10BD     		pop	{r4, pc}
 265              	.LVL13:
 266              	.L13:
 147:Core/Src/stm32g0xx_hal_msp.c **** 
 267              		.loc 1 147 5 is_stmt 1 view .LVU65
 268 000c 064A     		ldr	r2, .L14+4
 269 000e D36B     		ldr	r3, [r2, #60]
 270 0010 0649     		ldr	r1, .L14+8
ARM GAS  C:\Users\Asus\AppData\Local\Temp\ccxBuxEb.s 			page 9


 271 0012 0B40     		ands	r3, r1
 272 0014 D363     		str	r3, [r2, #60]
 153:Core/Src/stm32g0xx_hal_msp.c **** 
 273              		.loc 1 153 5 view .LVU66
 274 0016 A020     		movs	r0, #160
 275              	.LVL14:
 153:Core/Src/stm32g0xx_hal_msp.c **** 
 276              		.loc 1 153 5 is_stmt 0 view .LVU67
 277 0018 0C21     		movs	r1, #12
 278 001a C005     		lsls	r0, r0, #23
 279 001c FFF7FEFF 		bl	HAL_GPIO_DeInit
 280              	.LVL15:
 281              		.loc 1 160 1 view .LVU68
 282 0020 F3E7     		b	.L11
 283              	.L15:
 284 0022 C046     		.align	2
 285              	.L14:
 286 0024 00440040 		.word	1073759232
 287 0028 00100240 		.word	1073876992
 288 002c FFFFFDFF 		.word	-131073
 289              		.cfi_endproc
 290              	.LFE312:
 292              		.text
 293              	.Letext0:
 294              		.file 2 "Drivers/CMSIS/Device/ST/STM32G0xx/Include/stm32g070xx.h"
 295              		.file 3 "c:\\msys64\\mingw64\\arm-none-eabi\\include\\machine\\_default_types.h"
 296              		.file 4 "c:\\msys64\\mingw64\\arm-none-eabi\\include\\sys\\_stdint.h"
 297              		.file 5 "Drivers/STM32G0xx_HAL_Driver/Inc/stm32g0xx_hal_def.h"
 298              		.file 6 "Drivers/STM32G0xx_HAL_Driver/Inc/stm32g0xx_hal_rcc_ex.h"
 299              		.file 7 "Drivers/STM32G0xx_HAL_Driver/Inc/stm32g0xx_hal_gpio.h"
 300              		.file 8 "Drivers/STM32G0xx_HAL_Driver/Inc/stm32g0xx_hal_dma.h"
 301              		.file 9 "Drivers/STM32G0xx_HAL_Driver/Inc/stm32g0xx_hal_uart.h"
 302              		.file 10 "Drivers/STM32G0xx_HAL_Driver/Inc/stm32g0xx_hal.h"
 303              		.file 11 "Drivers/STM32G0xx_HAL_Driver/Inc/stm32g0xx_hal_cortex.h"
 304              		.file 12 "Drivers/STM32G0xx_HAL_Driver/Inc/stm32g0xx_ll_dma.h"
 305              		.file 13 "Core/Inc/main.h"
 306              		.file 14 "<built-in>"
ARM GAS  C:\Users\Asus\AppData\Local\Temp\ccxBuxEb.s 			page 10


DEFINED SYMBOLS
                            *ABS*:00000000 stm32g0xx_hal_msp.c
C:\Users\Asus\AppData\Local\Temp\ccxBuxEb.s:19     .text.HAL_MspInit:00000000 $t
C:\Users\Asus\AppData\Local\Temp\ccxBuxEb.s:25     .text.HAL_MspInit:00000000 HAL_MspInit
C:\Users\Asus\AppData\Local\Temp\ccxBuxEb.s:89     .text.HAL_MspInit:00000040 $d
C:\Users\Asus\AppData\Local\Temp\ccxBuxEb.s:94     .text.HAL_UART_MspInit:00000000 $t
C:\Users\Asus\AppData\Local\Temp\ccxBuxEb.s:100    .text.HAL_UART_MspInit:00000000 HAL_UART_MspInit
C:\Users\Asus\AppData\Local\Temp\ccxBuxEb.s:229    .text.HAL_UART_MspInit:0000007c $d
C:\Users\Asus\AppData\Local\Temp\ccxBuxEb.s:235    .text.HAL_UART_MspDeInit:00000000 $t
C:\Users\Asus\AppData\Local\Temp\ccxBuxEb.s:241    .text.HAL_UART_MspDeInit:00000000 HAL_UART_MspDeInit
C:\Users\Asus\AppData\Local\Temp\ccxBuxEb.s:286    .text.HAL_UART_MspDeInit:00000024 $d

UNDEFINED SYMBOLS
HAL_NVIC_SetPriority
HAL_SYSCFG_StrobeDBattpinsConfig
memset
HAL_RCCEx_PeriphCLKConfig
HAL_GPIO_Init
Error_Handler
HAL_GPIO_DeInit
